Archive member included because of file (symbol)

c:/program files (x86)/atmel/studio/7.0/toolchain/arm/arm-gnu-toolchain/bin/../lib/gcc/arm-none-eabi/4.9.3/../../../../arm-none-eabi/lib/armv7-m\libc.a(lib_a-exit.o)
                              c:/program files (x86)/atmel/studio/7.0/toolchain/arm/arm-gnu-toolchain/bin/../lib/gcc/arm-none-eabi/4.9.3/../../../../arm-none-eabi/lib/armv7-m/crt0.o (exit)
c:/program files (x86)/atmel/studio/7.0/toolchain/arm/arm-gnu-toolchain/bin/../lib/gcc/arm-none-eabi/4.9.3/../../../../arm-none-eabi/lib/armv7-m\libc.a(lib_a-impure.o)
                              c:/program files (x86)/atmel/studio/7.0/toolchain/arm/arm-gnu-toolchain/bin/../lib/gcc/arm-none-eabi/4.9.3/../../../../arm-none-eabi/lib/armv7-m\libc.a(lib_a-exit.o) (_global_impure_ptr)
c:/program files (x86)/atmel/studio/7.0/toolchain/arm/arm-gnu-toolchain/bin/../lib/gcc/arm-none-eabi/4.9.3/../../../../arm-none-eabi/lib/armv7-m\libc.a(lib_a-init.o)
                              c:/program files (x86)/atmel/studio/7.0/toolchain/arm/arm-gnu-toolchain/bin/../lib/gcc/arm-none-eabi/4.9.3/../../../../arm-none-eabi/lib/armv7-m/crt0.o (__libc_init_array)
c:/program files (x86)/atmel/studio/7.0/toolchain/arm/arm-gnu-toolchain/bin/../lib/gcc/arm-none-eabi/4.9.3/../../../../arm-none-eabi/lib/armv7-m\libc.a(lib_a-iprintf.o)
                              src/ASF/sam/drivers/adc/adc.o (iprintf)
c:/program files (x86)/atmel/studio/7.0/toolchain/arm/arm-gnu-toolchain/bin/../lib/gcc/arm-none-eabi/4.9.3/../../../../arm-none-eabi/lib/armv7-m\libc.a(lib_a-memset.o)
                              c:/program files (x86)/atmel/studio/7.0/toolchain/arm/arm-gnu-toolchain/bin/../lib/gcc/arm-none-eabi/4.9.3/../../../../arm-none-eabi/lib/armv7-m/crt0.o (memset)
c:/program files (x86)/atmel/studio/7.0/toolchain/arm/arm-gnu-toolchain/bin/../lib/gcc/arm-none-eabi/4.9.3/../../../../arm-none-eabi/lib/armv7-m\libc.a(lib_a-puts.o)
                              src/ASF/sam/drivers/adc/adc.o (puts)
c:/program files (x86)/atmel/studio/7.0/toolchain/arm/arm-gnu-toolchain/bin/../lib/gcc/arm-none-eabi/4.9.3/../../../../arm-none-eabi/lib/armv7-m\libc.a(lib_a-sprintf.o)
                              src/matlab_coms/matlab_functions.o (sprintf)
c:/program files (x86)/atmel/studio/7.0/toolchain/arm/arm-gnu-toolchain/bin/../lib/gcc/arm-none-eabi/4.9.3/../../../../arm-none-eabi/lib/armv7-m\libc.a(lib_a-strlen.o)
                              c:/program files (x86)/atmel/studio/7.0/toolchain/arm/arm-gnu-toolchain/bin/../lib/gcc/arm-none-eabi/4.9.3/../../../../arm-none-eabi/lib/armv7-m\libc.a(lib_a-puts.o) (strlen)
c:/program files (x86)/atmel/studio/7.0/toolchain/arm/arm-gnu-toolchain/bin/../lib/gcc/arm-none-eabi/4.9.3/../../../../arm-none-eabi/lib/armv7-m\libc.a(lib_a-svfprintf.o)
                              c:/program files (x86)/atmel/studio/7.0/toolchain/arm/arm-gnu-toolchain/bin/../lib/gcc/arm-none-eabi/4.9.3/../../../../arm-none-eabi/lib/armv7-m\libc.a(lib_a-sprintf.o) (_svfprintf_r)
c:/program files (x86)/atmel/studio/7.0/toolchain/arm/arm-gnu-toolchain/bin/../lib/gcc/arm-none-eabi/4.9.3/../../../../arm-none-eabi/lib/armv7-m\libc.a(lib_a-vfiprintf.o)
                              c:/program files (x86)/atmel/studio/7.0/toolchain/arm/arm-gnu-toolchain/bin/../lib/gcc/arm-none-eabi/4.9.3/../../../../arm-none-eabi/lib/armv7-m\libc.a(lib_a-iprintf.o) (_vfiprintf_r)
c:/program files (x86)/atmel/studio/7.0/toolchain/arm/arm-gnu-toolchain/bin/../lib/gcc/arm-none-eabi/4.9.3/../../../../arm-none-eabi/lib/armv7-m\libc.a(lib_a-wsetup.o)
                              c:/program files (x86)/atmel/studio/7.0/toolchain/arm/arm-gnu-toolchain/bin/../lib/gcc/arm-none-eabi/4.9.3/../../../../arm-none-eabi/lib/armv7-m\libc.a(lib_a-vfiprintf.o) (__swsetup_r)
c:/program files (x86)/atmel/studio/7.0/toolchain/arm/arm-gnu-toolchain/bin/../lib/gcc/arm-none-eabi/4.9.3/../../../../arm-none-eabi/lib/armv7-m\libc.a(lib_a-__call_atexit.o)
                              c:/program files (x86)/atmel/studio/7.0/toolchain/arm/arm-gnu-toolchain/bin/../lib/gcc/arm-none-eabi/4.9.3/../../../../arm-none-eabi/lib/armv7-m\libc.a(lib_a-exit.o) (__call_exitprocs)
c:/program files (x86)/atmel/studio/7.0/toolchain/arm/arm-gnu-toolchain/bin/../lib/gcc/arm-none-eabi/4.9.3/../../../../arm-none-eabi/lib/armv7-m\libc.a(lib_a-atexit.o)
                              c:/program files (x86)/atmel/studio/7.0/toolchain/arm/arm-gnu-toolchain/bin/../lib/gcc/arm-none-eabi/4.9.3/../../../../arm-none-eabi/lib/armv7-m\libc.a(lib_a-__call_atexit.o) (atexit)
c:/program files (x86)/atmel/studio/7.0/toolchain/arm/arm-gnu-toolchain/bin/../lib/gcc/arm-none-eabi/4.9.3/../../../../arm-none-eabi/lib/armv7-m\libc.a(lib_a-dtoa.o)
                              c:/program files (x86)/atmel/studio/7.0/toolchain/arm/arm-gnu-toolchain/bin/../lib/gcc/arm-none-eabi/4.9.3/../../../../arm-none-eabi/lib/armv7-m\libc.a(lib_a-svfprintf.o) (_dtoa_r)
[...]
Memory Configuration

Name             Origin             Length             Attributes
rom              0x00080000         0x00080000         xr
sram0            0x20000000         0x00010000         xrw
sram1            0x20080000         0x00008000         xrw
ram              0x20070000         0x00018000         xrw
*default*        0x00000000         0xffffffff

Linker script and memory map

LOAD c:/program files (x86)/atmel/studio/7.0/toolchain/arm/arm-gnu-toolchain/bin/../lib/gcc/arm-none-eabi/4.9.3/armv7-m/crti.o
LOAD c:/program files (x86)/atmel/studio/7.0/toolchain/arm/arm-gnu-toolchain/bin/../lib/gcc/arm-none-eabi/4.9.3/armv7-m/crtbegin.o
LOAD c:/program files (x86)/atmel/studio/7.0/toolchain/arm/arm-gnu-toolchain/bin/../lib/gcc/arm-none-eabi/4.9.3/../../../../arm-none-eabi/lib/armv7-m/crt0.o
LOAD src/ASF/sam/drivers/adc/adc.o
LOAD src/common/pin_mapper.o
LOAD src/io_control/analog_output.o
LOAD src/io_control/io_uart.o
LOAD src/matlab_coms/matlab_functions.o
LOAD src/matlab_coms/matlab_state.o
LOAD src/ASF/sam/drivers/adc/adc_sam3u.o
LOAD src/ASF/common/services/delay/sam/cycle_counter.o
LOAD src/ASF/sam/drivers/dacc/dacc.o
LOAD src/ASF/sam/drivers/pwm/pwm.o
LOAD src/io_control/adc.o
LOAD src/ASF/common/services/clock/sam3x/sysclk.o
LOAD src/ASF/common/utils/interrupt/interrupt_sam_nvic.o
LOAD src/ASF/sam/boards/arduino_due_x/init.o
LOAD src/ASF/sam/drivers/pio/pio.o
LOAD src/ASF/sam/drivers/pio/pio_handler.o
LOAD src/ASF/sam/drivers/pmc/pmc.o
LOAD src/ASF/sam/drivers/pmc/sleep.o
LOAD src/ASF/sam/utils/cmsis/sam3x/source/templates/exceptions.o
LOAD src/ASF/sam/utils/cmsis/sam3x/source/templates/gcc/startup_sam3x.o
LOAD src/ASF/sam/utils/cmsis/sam3x/source/templates/system_sam3x.o
LOAD src/ASF/sam/utils/syscalls/gcc/syscalls.o
LOAD src/main.o
START GROUP
LOAD ../src/ASF/thirdparty/CMSIS/Lib/GCC\libarm_cortexM3l_math.a
LOAD c:/program files (x86)/atmel/studio/7.0/toolchain/arm/arm-gnu-toolchain/bin/../lib/gcc/arm-none-eabi/4.9.3/../../../../arm-none-eabi/lib/armv7-m\libm.a
END GROUP
START GROUP
LOAD c:/program files (x86)/atmel/studio/7.0/toolchain/arm/arm-gnu-toolchain/bin/../lib/gcc/arm-none-eabi/4.9.3/armv7-m\libgcc.a
LOAD c:/program files (x86)/atmel/studio/7.0/toolchain/arm/arm-gnu-toolchain/bin/../lib/gcc/arm-none-eabi/4.9.3/../../../../arm-none-eabi/lib/armv7-m\libc.a
END GROUP
LOAD c:/program files (x86)/atmel/studio/7.0/toolchain/arm/arm-gnu-toolchain/bin/../lib/gcc/arm-none-eabi/4.9.3/armv7-m/crtend.o
LOAD c:/program files (x86)/atmel/studio/7.0/toolchain/arm/arm-gnu-toolchain/bin/../lib/gcc/arm-none-eabi/4.9.3/armv7-m/crtn.o
                0x00002000                __stack_size__ = DEFINED (__stack_size__)?__stack_size__:0x2000
                0x20087ffc                __ram_end__ = ((ORIGIN (ram) + 0x18000) - 0x4)

.text           0x00080000     0x5c1c
                0x00080000                . = ALIGN (0x4)
                0x00080000                _sfixed = .
 *(.vectors .vectors.*)
 .vectors       0x00080000       0xf4 src/ASF/sam/utils/cmsis/sam3x/source/templates/gcc/startup_sam3x.o
                0x00080000                exception_table
 *(.text .text.* .gnu.linkonce.t.*)
 .text          0x000800f4       0x5c c:/program files (x86)/atmel/studio/7.0/toolchain/arm/arm-gnu-toolchain/bin/../lib/gcc/arm-none-eabi/4.9.3/armv7-m/crtbegin.o
 .text.adc_init
                0x00080150       0x34 src/ASF/sam/drivers/adc/adc.o
                0x00080150                adc_init
 .text.adc_set_resolution
                0x00080184       0x10 src/ASF/sam/drivers/adc/adc.o
                0x00080184                adc_set_resolution
 .text.adc_configure_trigger
                0x00080194       0x10 src/ASF/sam/drivers/adc/adc.o
                0x00080194                adc_configure_trigger
 .text.adc_configure_timing
                0x000801a4       0x20 src/ASF/sam/drivers/adc/adc.o
                0x000801a4                adc_configure_timing
 .text.adc_start
                0x000801c4        0x8 src/ASF/sam/drivers/adc/adc.o
                0x000801c4                adc_start
 .text.adc_enable_channel
                0x000801cc        0x8 src/ASF/sam/drivers/adc/adc.o
                0x000801cc                adc_enable_channel
 .text.adc_enable_all_channel
                0x000801d4        0x8 src/ASF/sam/drivers/adc/adc.o
                0x000801d4                adc_enable_all_channel
 .text.pin_mapper
                0x000801dc        0xc src/common/pin_mapper.o
                0x000801dc                pin_mapper
 .text.pwm_set_duty
                0x000801e8       0x1c src/io_control/analog_output.o
                0x000801e8                pwm_set_duty
 .text.pwm_setup
                0x00080204       0x94 src/io_control/analog_output.o
                0x00080204                pwm_setup
 .text.uart_config
                0x00080298       0x3c src/io_control/io_uart.o
                0x00080298                uart_config
 .text.uart_transmitter_ready
                0x000802d4       0x10 src/io_control/io_uart.o
                0x000802d4                uart_transmitter_ready
 .text.uart_receiver_ready
                0x000802e4       0x10 src/io_control/io_uart.o
                0x000802e4                uart_receiver_ready
 .text.uart_send_char
                0x000802f4        0xc src/io_control/io_uart.o
                0x000802f4                uart_send_char
 .text.uart_receive_char
                0x00080300        0xc src/io_control/io_uart.o
                0x00080300                uart_receive_char
 .text.io_pin_dir
                0x0008030c       0x44 src/matlab_coms/matlab_functions.o
                0x0008030c                io_pin_dir
 .text.io_pin_level
                0x00080350       0x34 src/matlab_coms/matlab_functions.o
                0x00080350                io_pin_level
 .text.io_pin_status
                0x00080384       0x2c src/matlab_coms/matlab_functions.o
                0x00080384                io_pin_status
 .text.io_pwm_duty
                0x000803b0        0xc src/matlab_coms/matlab_functions.o
                0x000803b0                io_pwm_duty
 .text.io_adc_value
                0x000803bc        0xc src/matlab_coms/matlab_functions.o
                0x000803bc                io_adc_value
 .text.send_char_term
                0x000803c8       0x2c src/matlab_coms/matlab_functions.o
                0x000803c8                send_char_term
 .text.send_char_no_term
                0x000803f4       0x1c src/matlab_coms/matlab_functions.o
                0x000803f4                send_char_no_term
 .text.read_char
                0x00080410       0x1c src/matlab_coms/matlab_functions.o
                0x00080410                read_char
 .text.read_when_ready
                0x0008042c       0x18 src/matlab_coms/matlab_functions.o
                0x0008042c                read_when_ready
 .text.send_number
                0x00080444       0x3c src/matlab_coms/matlab_functions.o
                0x00080444                send_number
 .text.start_coms
                0x00080480       0xcc src/matlab_coms/matlab_state.o
                0x00080480                start_coms
 .text.pwm_clocks_generate
                0x0008054c       0x54 src/ASF/sam/drivers/pwm/pwm.o
 .text.pwm_init
                0x000805a0       0x4c src/ASF/sam/drivers/pwm/pwm.o
                0x000805a0                pwm_init
 .text.pwm_channel_init
                0x000805ec      0x108 src/ASF/sam/drivers/pwm/pwm.o
                0x000805ec                pwm_channel_init
 .text.pwm_channel_update_duty
                0x000806f4       0x24 src/ASF/sam/drivers/pwm/pwm.o
                0x000806f4                pwm_channel_update_duty
 .text.pwm_channel_enable
                0x00080718        0x8 src/ASF/sam/drivers/pwm/pwm.o
                0x00080718                pwm_channel_enable
 .text.pwm_channel_disable
                0x00080720        0x8 src/ASF/sam/drivers/pwm/pwm.o
                0x00080720                pwm_channel_disable
 .text.init_adc
                0x00080728       0x7c src/io_control/adc.o
                0x00080728                init_adc
 .text.read_adc_value
                0x000807a4       0x20 src/io_control/adc.o
                0x000807a4                read_adc_value
 .text.sysclk_init
                0x000807c4       0x64 src/ASF/common/services/clock/sam3x/sysclk.o
                0x000807c4                sysclk_init
 .text.board_init
                0x00080828       0x80 src/ASF/sam/boards/arduino_due_x/init.o
                0x00080828                board_init
 .text.pio_set_peripheral
                0x000808a8       0x40 src/ASF/sam/drivers/pio/pio.o
                0x000808a8                pio_set_peripheral
 .text.pio_set_input
                0x000808e8       0x34 src/ASF/sam/drivers/pio/pio.o
                0x000808e8                pio_set_input
 .text.pio_set_output
                0x0008091c       0x28 src/ASF/sam/drivers/pio/pio.o
                0x0008091c                pio_set_output
 .text.pio_get_interrupt_status
                0x00080944        0x4 src/ASF/sam/drivers/pio/pio.o
                0x00080944                pio_get_interrupt_status
 .text.pio_get_interrupt_mask
                0x00080948        0x4 src/ASF/sam/drivers/pio/pio.o
                0x00080948                pio_get_interrupt_mask
 .text.pio_configure_pin
                0x0008094c       0xd4 src/ASF/sam/drivers/pio/pio.o
                0x0008094c                pio_configure_pin
 .text.pio_configure_pin_group
                0x00080a20       0xa0 src/ASF/sam/drivers/pio/pio.o
                0x00080a20                pio_configure_pin_group
 .text.pio_handler_process
                0x00080ac0       0x50 src/ASF/sam/drivers/pio/pio_handler.o
                0x00080ac0                pio_handler_process
 .text.PIOA_Handler
                0x00080b10       0x14 src/ASF/sam/drivers/pio/pio_handler.o
                0x00080b10                PIOA_Handler
 .text.PIOB_Handler
                0x00080b24       0x14 src/ASF/sam/drivers/pio/pio_handler.o
                0x00080b24                PIOB_Handler
 .text.PIOC_Handler
                0x00080b38       0x14 src/ASF/sam/drivers/pio/pio_handler.o
                0x00080b38                PIOC_Handler
 .text.PIOD_Handler
                0x00080b4c       0x14 src/ASF/sam/drivers/pio/pio_handler.o
                0x00080b4c                PIOD_Handler
 .text.pmc_switch_mck_to_pllack
                0x00080b60       0x68 src/ASF/sam/drivers/pmc/pmc.o
                0x00080b60                pmc_switch_mck_to_pllack
 .text.pmc_switch_mainck_to_xtal
                0x00080bc8       0x54 src/ASF/sam/drivers/pmc/pmc.o
                0x00080bc8                pmc_switch_mainck_to_xtal
 .text.pmc_osc_is_ready_mainck
                0x00080c1c       0x10 src/ASF/sam/drivers/pmc/pmc.o
                0x00080c1c                pmc_osc_is_ready_mainck
 .text.pmc_disable_pllack
                0x00080c2c       0x10 src/ASF/sam/drivers/pmc/pmc.o
                0x00080c2c                pmc_disable_pllack
 .text.pmc_is_locked_pllack
                0x00080c3c       0x10 src/ASF/sam/drivers/pmc/pmc.o
                0x00080c3c                pmc_is_locked_pllack
 .text.pmc_enable_periph_clk
                0x00080c4c       0x54 src/ASF/sam/drivers/pmc/pmc.o
                0x00080c4c                pmc_enable_periph_clk
 .text.Dummy_Handler
                0x00080ca0        0x4 src/ASF/sam/utils/cmsis/sam3x/source/templates/exceptions.o
                0x00080ca0                DACC_Handler
                0x00080ca0                DebugMon_Handler
                0x00080ca0                DMAC_Handler
                0x00080ca0                TRNG_Handler
                0x00080ca0                HardFault_Handler
                0x00080ca0                TC2_Handler
                0x00080ca0                SysTick_Handler
                0x00080ca0                USART3_Handler
                0x00080ca0                TWI1_Handler
                0x00080ca0                PendSV_Handler
                0x00080ca0                NMI_Handler
                0x00080ca0                TC7_Handler
                0x00080ca0                ADC_Handler
                0x00080ca0                SMC_Handler
                0x00080ca0                USART0_Handler
                0x00080ca0                RTT_Handler
                0x00080ca0                EFC1_Handler
                0x00080ca0                RTC_Handler
                0x00080ca0                UsageFault_Handler
                0x00080ca0                TC6_Handler
                0x00080ca0                WDT_Handler
                0x00080ca0                CAN0_Handler
                0x00080ca0                TC4_Handler
                0x00080ca0                TC1_Handler
                0x00080ca0                HSMCI_Handler
                0x00080ca0                TC3_Handler
                0x00080ca0                Dummy_Handler
                0x00080ca0                TWI0_Handler
                0x00080ca0                USART1_Handler
                0x00080ca0                SSC_Handler
                0x00080ca0                EFC0_Handler
                0x00080ca0                PMC_Handler
                0x00080ca0                PWM_Handler
                0x00080ca0                CAN1_Handler
                0x00080ca0                MemManage_Handler
                0x00080ca0                SUPC_Handler
                0x00080ca0                SVC_Handler
                0x00080ca0                TC8_Handler
                0x00080ca0                USART2_Handler
                0x00080ca0                EMAC_Handler
                0x00080ca0                UART_Handler
                0x00080ca0                BusFault_Handler
                0x00080ca0                RSTC_Handler
                0x00080ca0                TC0_Handler
                0x00080ca0                TC5_Handler
                0x00080ca0                UOTGHS_Handler
                0x00080ca0                SPI0_Handler
 .text.Reset_Handler
                0x00080ca4       0xb0 src/ASF/sam/utils/cmsis/sam3x/source/templates/gcc/startup_sam3x.o
                0x00080ca4                Reset_Handler
 .text.SystemCoreClockUpdate
                0x00080d54      0x11c src/ASF/sam/utils/cmsis/sam3x/source/templates/system_sam3x.o
                0x00080d54                SystemCoreClockUpdate
 .text._sbrk    0x00080e70       0x34 src/ASF/sam/utils/syscalls/gcc/syscalls.o
                0x00080e70                _sbrk
 .text.main     0x00080ea4       0x3c src/main.o
                0x00080ea4                main
 .text.__libc_init_array
                0x00080ee0       0x50 c:/program files (x86)/atmel/studio/7.0/toolchain/arm/arm-gnu-toolchain/bin/../lib/gcc/arm-none-eabi/4.9.3/../../../../arm-none-eabi/lib/armv7-m\libc.a(lib_a-init.o)
                0x00080ee0                __libc_init_array
 .text.memset   0x00080f30       0x9c c:/program files (x86)/atmel/studio/7.0/toolchain/arm/arm-gnu-toolchain/bin/../lib/gcc/arm-none-eabi/4.9.3/../../../../arm-none-eabi/lib/armv7-m\libc.a(lib_a-memset.o)
                0x00080f30                memset
 .text.sprintf  0x00080fcc       0x4c c:/program files (x86)/atmel/studio/7.0/toolchain/arm/arm-gnu-toolchain/bin/../lib/gcc/arm-none-eabi/4.9.3/../../../../arm-none-eabi/lib/armv7-m\libc.a(lib_a-sprintf.o)
                0x00080fcc                sprintf
 .text.strlen   0x00081018       0x5c c:/program files (x86)/atmel/studio/7.0/toolchain/arm/arm-gnu-toolchain/bin/../lib/gcc/arm-none-eabi/4.9.3/../../../../arm-none-eabi/lib/armv7-m\libc.a(lib_a-strlen.o)
                0x00081018                strlen
 .text._svfprintf_r
                0x00081074     0x14f4 c:/program files (x86)/atmel/studio/7.0/toolchain/arm/arm-gnu-toolchain/bin/../lib/gcc/arm-none-eabi/4.9.3/../../../../arm-none-eabi/lib/armv7-m\libc.a(lib_a-svfprintf.o)
                0x00081074                _svfprintf_r
 .text.startup.register_fini
                0x00082568       0x14 c:/program files (x86)/atmel/studio/7.0/toolchain/arm/arm-gnu-toolchain/bin/../lib/gcc/arm-none-eabi/4.9.3/../../../../arm-none-eabi/lib/armv7-m\libc.a(lib_a-__call_atexit.o)
 .text.atexit   0x0008257c        0xc c:/program files (x86)/atmel/studio/7.0/toolchain/arm/arm-gnu-toolchain/bin/../lib/gcc/arm-none-eabi/4.9.3/../../../../arm-none-eabi/lib/armv7-m\libc.a(lib_a-atexit.o)
                0x0008257c                atexit
 .text.quorem   0x00082588      0x130 c:/program files (x86)/atmel/studio/7.0/toolchain/arm/arm-gnu-toolchain/bin/../lib/gcc/arm-none-eabi/4.9.3/../../../../arm-none-eabi/lib/armv7-m\libc.a(lib_a-dtoa.o)
 .text._dtoa_r  0x000826b8      0xea4 c:/program files (x86)/atmel/studio/7.0/toolchain/arm/arm-gnu-toolchain/bin/../lib/gcc/arm-none-eabi/4.9.3/../../../../arm-none-eabi/lib/armv7-m\libc.a(lib_a-dtoa.o)
                0x000826b8                _dtoa_r
 .text.__libc_fini_array
                0x0008355c       0x2c c:/program files (x86)/atmel/studio/7.0/toolchain/arm/arm-gnu-toolchain/bin/../lib/gcc/arm-none-eabi/4.9.3/../../../../arm-none-eabi/lib/armv7-m\libc.a(lib_a-fini.o)
                0x0008355c                __libc_fini_array
 .text._malloc_trim_r
                0x00083588       0x9c c:/program files (x86)/atmel/studio/7.0/toolchain/arm/arm-gnu-toolchain/bin/../lib/gcc/arm-none-eabi/4.9.3/../../../../arm-none-eabi/lib/armv7-m\libc.a(lib_a-freer.o)
                0x00083588                _malloc_trim_r
 .text._free_r  0x00083624      0x1b0 c:/program files (x86)/atmel/studio/7.0/toolchain/arm/arm-gnu-toolchain/bin/../lib/gcc/arm-none-eabi/4.9.3/../../../../arm-none-eabi/lib/armv7-m\libc.a(lib_a-freer.o)
                0x00083624                _free_r
 .text._localeconv_r
                0x000837d4        0x8 c:/program files (x86)/atmel/studio/7.0/toolchain/arm/arm-gnu-toolchain/bin/../lib/gcc/arm-none-eabi/4.9.3/../../../../arm-none-eabi/lib/armv7-m\libc.a(lib_a-locale.o)
                0x000837d4                _localeconv_r
 .text._malloc_r
                0x000837dc      0x50c c:/program files (x86)/atmel/studio/7.0/toolchain/arm/arm-gnu-toolchain/bin/../lib/gcc/arm-none-eabi/4.9.3/../../../../arm-none-eabi/lib/armv7-m\libc.a(lib_a-mallocr.o)
                0x000837dc                _malloc_r
 .text.memchr   0x00083ce8       0x94 c:/program files (x86)/atmel/studio/7.0/toolchain/arm/arm-gnu-toolchain/bin/../lib/gcc/arm-none-eabi/4.9.3/../../../../arm-none-eabi/lib/armv7-m\libc.a(lib_a-memchr.o)
                0x00083ce8                memchr
 .text          0x00083d7c       0xec c:/program files (x86)/atmel/studio/7.0/toolchain/arm/arm-gnu-toolchain/bin/../lib/gcc/arm-none-eabi/4.9.3/../../../../arm-none-eabi/lib/armv7-m\libc.a(lib_a-memcpy.o)
                0x00083d7c                memcpy
 .text.memmove  0x00083e68       0xc8 c:/program files (x86)/atmel/studio/7.0/toolchain/arm/arm-gnu-toolchain/bin/../lib/gcc/arm-none-eabi/4.9.3/../../../../arm-none-eabi/lib/armv7-m\libc.a(lib_a-memmove.o)
                0x00083e68                memmove
 .text.__malloc_lock
                0x00083f30        0x4 c:/program files (x86)/atmel/studio/7.0/toolchain/arm/arm-gnu-toolchain/bin/../lib/gcc/arm-none-eabi/4.9.3/../../../../arm-none-eabi/lib/armv7-m\libc.a(lib_a-mlock.o)
                0x00083f30                __malloc_lock
 .text.__malloc_unlock
                0x00083f34        0x4 c:/program files (x86)/atmel/studio/7.0/toolchain/arm/arm-gnu-toolchain/bin/../lib/gcc/arm-none-eabi/4.9.3/../../../../arm-none-eabi/lib/armv7-m\libc.a(lib_a-mlock.o)
                0x00083f34                __malloc_unlock
 .text._Balloc  0x00083f38       0x50 c:/program files (x86)/atmel/studio/7.0/toolchain/arm/arm-gnu-toolchain/bin/../lib/gcc/arm-none-eabi/4.9.3/../../../../arm-none-eabi/lib/armv7-m\libc.a(lib_a-mprec.o)
                0x00083f38                _Balloc
 .text._Bfree   0x00083f88       0x14 c:/program files (x86)/atmel/studio/7.0/toolchain/arm/arm-gnu-toolchain/bin/../lib/gcc/arm-none-eabi/4.9.3/../../../../arm-none-eabi/lib/armv7-m\libc.a(lib_a-mprec.o)
                0x00083f88                _Bfree
 .text.__multadd
                0x00083f9c       0x84 c:/program files (x86)/atmel/studio/7.0/toolchain/arm/arm-gnu-toolchain/bin/../lib/gcc/arm-none-eabi/4.9.3/../../../../arm-none-eabi/lib/armv7-m\libc.a(lib_a-mprec.o)
                0x00083f9c                __multadd
 .text.__hi0bits
                0x00084020       0x40 c:/program files (x86)/atmel/studio/7.0/toolchain/arm/arm-gnu-toolchain/bin/../lib/gcc/arm-none-eabi/4.9.3/../../../../arm-none-eabi/lib/armv7-m\libc.a(lib_a-mprec.o)
                0x00084020                __hi0bits
 .text.__lo0bits
                0x00084060       0x5c c:/program files (x86)/atmel/studio/7.0/toolchain/arm/arm-gnu-toolchain/bin/../lib/gcc/arm-none-eabi/4.9.3/../../../../arm-none-eabi/lib/armv7-m\libc.a(lib_a-mprec.o)
                0x00084060                __lo0bits
 .text.__i2b    0x000840bc       0x14 c:/program files (x86)/atmel/studio/7.0/toolchain/arm/arm-gnu-toolchain/bin/../lib/gcc/arm-none-eabi/4.9.3/../../../../arm-none-eabi/lib/armv7-m\libc.a(lib_a-mprec.o)
                0x000840bc                __i2b
 .text.__multiply
                0x000840d0      0x140 c:/program files (x86)/atmel/studio/7.0/toolchain/arm/arm-gnu-toolchain/bin/../lib/gcc/arm-none-eabi/4.9.3/../../../../arm-none-eabi/lib/armv7-m\libc.a(lib_a-mprec.o)
                0x000840d0                __multiply
 .text.__pow5mult
                0x00084210       0xa0 c:/program files (x86)/atmel/studio/7.0/toolchain/arm/arm-gnu-toolchain/bin/../lib/gcc/arm-none-eabi/4.9.3/../../../../arm-none-eabi/lib/armv7-m\libc.a(lib_a-mprec.o)
                0x00084210                __pow5mult
 .text.__lshift
                0x000842b0       0xb0 c:/program files (x86)/atmel/studio/7.0/toolchain/arm/arm-gnu-toolchain/bin/../lib/gcc/arm-none-eabi/4.9.3/../../../../arm-none-eabi/lib/armv7-m\libc.a(lib_a-mprec.o)
                0x000842b0                __lshift
 .text.__mcmp   0x00084360       0x48 c:/program files (x86)/atmel/studio/7.0/toolchain/arm/arm-gnu-toolchain/bin/../lib/gcc/arm-none-eabi/4.9.3/../../../../arm-none-eabi/lib/armv7-m\libc.a(lib_a-mprec.o)
                0x00084360                __mcmp
 .text.__mdiff  0x000843a8       0xe4 c:/program files (x86)/atmel/studio/7.0/toolchain/arm/arm-gnu-toolchain/bin/../lib/gcc/arm-none-eabi/4.9.3/../../../../arm-none-eabi/lib/armv7-m\libc.a(lib_a-mprec.o)
                0x000843a8                __mdiff
 .text.__d2b    0x0008448c       0xa8 c:/program files (x86)/atmel/studio/7.0/toolchain/arm/arm-gnu-toolchain/bin/../lib/gcc/arm-none-eabi/4.9.3/../../../../arm-none-eabi/lib/armv7-m\libc.a(lib_a-mprec.o)
                0x0008448c                __d2b
 .text._realloc_r
                0x00084534      0x3e0 c:/program files (x86)/atmel/studio/7.0/toolchain/arm/arm-gnu-toolchain/bin/../lib/gcc/arm-none-eabi/4.9.3/../../../../arm-none-eabi/lib/armv7-m\libc.a(lib_a-reallocr.o)
                0x00084534                _realloc_r
 .text.__fpclassifyd
                0x00084914       0x58 c:/program files (x86)/atmel/studio/7.0/toolchain/arm/arm-gnu-toolchain/bin/../lib/gcc/arm-none-eabi/4.9.3/../../../../arm-none-eabi/lib/armv7-m\libc.a(lib_a-s_fpclassify.o)
                0x00084914                __fpclassifyd
 .text._sbrk_r  0x0008496c       0x24 c:/program files (x86)/atmel/studio/7.0/toolchain/arm/arm-gnu-toolchain/bin/../lib/gcc/arm-none-eabi/4.9.3/../../../../arm-none-eabi/lib/armv7-m\libc.a(lib_a-sbrkr.o)
                0x0008496c                _sbrk_r
 .text.__ssprint_r
                0x00084990      0x104 c:/program files (x86)/atmel/studio/7.0/toolchain/arm/arm-gnu-toolchain/bin/../lib/gcc/arm-none-eabi/4.9.3/../../../../arm-none-eabi/lib/armv7-m\libc.a(lib_a-svfiprintf.o)
                0x00084990                __ssprint_r
 .text.__register_exitproc
                0x00084a94       0xa4 c:/program files (x86)/atmel/studio/7.0/toolchain/arm/arm-gnu-toolchain/bin/../lib/gcc/arm-none-eabi/4.9.3/../../../../arm-none-eabi/lib/armv7-m\libc.a(lib_a-__atexit.o)
                0x00084a94                __register_exitproc
 .text._calloc_r
                0x00084b38       0x60 c:/program files (x86)/atmel/studio/7.0/toolchain/arm/arm-gnu-toolchain/bin/../lib/gcc/arm-none-eabi/4.9.3/../../../../arm-none-eabi/lib/armv7-m\libc.a(lib_a-callocr.o)
                0x00084b38                _calloc_r
 .text          0x00084b98      0x370 c:/program files (x86)/atmel/studio/7.0/toolchain/arm/arm-gnu-toolchain/bin/../lib/gcc/arm-none-eabi/4.9.3/armv7-m\libgcc.a(_arm_addsubdf3.o)
                0x00084b98                __aeabi_drsub
                0x00084ba0                __aeabi_dsub
                0x00084ba0                __subdf3
                0x00084ba4                __aeabi_dadd
                0x00084ba4                __adddf3
                0x00084e1c                __floatunsidf
                0x00084e1c                __aeabi_ui2d
                0x00084e3c                __floatsidf
                0x00084e3c                __aeabi_i2d
                0x00084e60                __aeabi_f2d
                0x00084e60                __extendsfdf2
                0x00084e9c                __floatundidf
                0x00084e9c                __aeabi_ul2d
                0x00084eac                __floatdidf
                0x00084eac                __aeabi_l2d
 .text          0x00084f08      0x424 c:/program files (x86)/atmel/studio/7.0/toolchain/arm/arm-gnu-toolchain/bin/../lib/gcc/arm-none-eabi/4.9.3/armv7-m\libgcc.a(_arm_muldivdf3.o)
                0x00084f08                __aeabi_dmul
                0x00084f08                __muldf3
                0x0008515c                __divdf3
                0x0008515c                __aeabi_ddiv
 .text          0x0008532c      0x110 c:/program files (x86)/atmel/studio/7.0/toolchain/arm/arm-gnu-toolchain/bin/../lib/gcc/arm-none-eabi/4.9.3/armv7-m\libgcc.a(_arm_cmpdf2.o)
                0x0008532c                __gtdf2
                0x0008532c                __gedf2
                0x00085334                __ltdf2
                0x00085334                __ledf2
                0x0008533c                __nedf2
                0x0008533c                __eqdf2
                0x0008533c                __cmpdf2
                0x000853b8                __aeabi_cdrcmple
                0x000853c8                __aeabi_cdcmpeq
                0x000853c8                __aeabi_cdcmple
                0x000853d8                __aeabi_dcmpeq
                0x000853ec                __aeabi_dcmplt
                0x00085400                __aeabi_dcmple
                0x00085414                __aeabi_dcmpge
                0x00085428                __aeabi_dcmpgt
 .text          0x0008543c       0x50 c:/program files (x86)/atmel/studio/7.0/toolchain/arm/arm-gnu-toolchain/bin/../lib/gcc/arm-none-eabi/4.9.3/armv7-m\libgcc.a(_arm_fixdfsi.o)
                0x0008543c                __aeabi_d2iz
                0x0008543c                __fixdfsi
 .text          0x0008548c       0x30 c:/program files (x86)/atmel/studio/7.0/toolchain/arm/arm-gnu-toolchain/bin/../lib/gcc/arm-none-eabi/4.9.3/armv7-m\libgcc.a(_aeabi_uldivmod.o)
                0x0008548c                __aeabi_uldivmod
 .text          0x000854bc       0x60 c:/program files (x86)/atmel/studio/7.0/toolchain/arm/arm-gnu-toolchain/bin/../lib/gcc/arm-none-eabi/4.9.3/armv7-m\libgcc.a(bpabi.o)
                0x000854bc                __gnu_ldivmod_helper
                0x000854ec                __gnu_uldivmod_helper
 .text          0x0008551c        0x4 c:/program files (x86)/atmel/studio/7.0/toolchain/arm/arm-gnu-toolchain/bin/../lib/gcc/arm-none-eabi/4.9.3/armv7-m\libgcc.a(_dvmd_tls.o)
                0x0008551c                __aeabi_idiv0
                0x0008551c                __aeabi_ldiv0
 .text          0x00085520      0x2ac c:/program files (x86)/atmel/studio/7.0/toolchain/arm/arm-gnu-toolchain/bin/../lib/gcc/arm-none-eabi/4.9.3/armv7-m\libgcc.a(_divdi3.o)
                0x00085520                __divdi3
 .text          0x000857cc      0x270 c:/program files (x86)/atmel/studio/7.0/toolchain/arm/arm-gnu-toolchain/bin/../lib/gcc/arm-none-eabi/4.9.3/armv7-m\libgcc.a(_udivdi3.o)
                0x000857cc                __udivdi3
 *(.glue_7t)
 .glue_7t       0x00000000        0x0 linker stubs
 *(.glue_7)
 .glue_7        0x00000000        0x0 linker stubs
 *(.rodata .rodata* .gnu.linkonce.r.*)
 .rodata.str1.4
                0x00085a3c        0x3 src/matlab_coms/matlab_functions.o
 *fill*         0x00085a3f        0x1 
 .rodata        0x00085a40       0x2c src/ASF/sam/drivers/pwm/pwm.o
 .rodata.str1.4
                0x00085a6c        0x2 c:/program files (x86)/atmel/studio/7.0/toolchain/arm/arm-gnu-toolchain/bin/../lib/gcc/arm-none-eabi/4.9.3/../../../../arm-none-eabi/lib/armv7-m\libc.a(lib_a-impure.o)
 *fill*         0x00085a6e        0x2 
 .rodata._global_impure_ptr
                0x00085a70        0x4 c:/program files (x86)/atmel/studio/7.0/toolchain/arm/arm-gnu-toolchain/bin/../lib/gcc/arm-none-eabi/4.9.3/../../../../arm-none-eabi/lib/armv7-m\libc.a(lib_a-impure.o)
                0x00085a70                _global_impure_ptr
 .rodata.zeroes.6911
                0x00085a74       0x10 c:/program files (x86)/atmel/studio/7.0/toolchain/arm/arm-gnu-toolchain/bin/../lib/gcc/arm-none-eabi/4.9.3/../../../../arm-none-eabi/lib/armv7-m\libc.a(lib_a-svfprintf.o)
 .rodata.blanks.6910
                0x00085a84       0x10 c:/program files (x86)/atmel/studio/7.0/toolchain/arm/arm-gnu-toolchain/bin/../lib/gcc/arm-none-eabi/4.9.3/../../../../arm-none-eabi/lib/armv7-m\libc.a(lib_a-svfprintf.o)
 .rodata.str1.4
                0x00085a94       0x42 c:/program files (x86)/atmel/studio/7.0/toolchain/arm/arm-gnu-toolchain/bin/../lib/gcc/arm-none-eabi/4.9.3/../../../../arm-none-eabi/lib/armv7-m\libc.a(lib_a-svfprintf.o)
 *fill*         0x00085ad6        0x2 
 .rodata.str1.4
                0x00085ad8       0x10 c:/program files (x86)/atmel/studio/7.0/toolchain/arm/arm-gnu-toolchain/bin/../lib/gcc/arm-none-eabi/4.9.3/../../../../arm-none-eabi/lib/armv7-m\libc.a(lib_a-dtoa.o)
                                 0x12 (size before relaxing)
 .rodata.str1.4
                0x00085ae8        0xc c:/program files (x86)/atmel/studio/7.0/toolchain/arm/arm-gnu-toolchain/bin/../lib/gcc/arm-none-eabi/4.9.3/../../../../arm-none-eabi/lib/armv7-m\libc.a(lib_a-locale.o)
                                 0x12 (size before relaxing)
 *fill*         0x00085af4        0x4 
 .rodata.__mprec_tens
                0x00085af8       0xc8 c:/program files (x86)/atmel/studio/7.0/toolchain/arm/arm-gnu-toolchain/bin/../lib/gcc/arm-none-eabi/4.9.3/../../../../arm-none-eabi/lib/armv7-m\libc.a(lib_a-mprec.o)
                0x00085af8                __mprec_tens
 .rodata.p05.5302
                0x00085bc0        0xc c:/program files (x86)/atmel/studio/7.0/toolchain/arm/arm-gnu-toolchain/bin/../lib/gcc/arm-none-eabi/4.9.3/../../../../arm-none-eabi/lib/armv7-m\libc.a(lib_a-mprec.o)
 *fill*         0x00085bcc        0x4 
 .rodata.__mprec_bigtens
                0x00085bd0       0x28 c:/program files (x86)/atmel/studio/7.0/toolchain/arm/arm-gnu-toolchain/bin/../lib/gcc/arm-none-eabi/4.9.3/../../../../arm-none-eabi/lib/armv7-m\libc.a(lib_a-mprec.o)
                0x00085bd0                __mprec_bigtens
 *(.ARM.extab* .gnu.linkonce.armextab.*)
                0x00085bf8                . = ALIGN (0x4)
 *(.init)
 .init          0x00085bf8        0x4 c:/program files (x86)/atmel/studio/7.0/toolchain/arm/arm-gnu-toolchain/bin/../lib/gcc/arm-none-eabi/4.9.3/armv7-m/crti.o
                0x00085bf8                _init
 .init          0x00085bfc        0x8 c:/program files (x86)/atmel/studio/7.0/toolchain/arm/arm-gnu-toolchain/bin/../lib/gcc/arm-none-eabi/4.9.3/armv7-m/crtn.o
                0x00085c04                . = ALIGN (0x4)
                0x00085c04                __preinit_array_start = .
 *(.preinit_array)
                0x00085c04                __preinit_array_end = .
                0x00085c04                . = ALIGN (0x4)
                0x00085c04                __init_array_start = .
 *(SORT(.init_array.*))
 .init_array.00000
                0x00085c04        0x4 c:/program files (x86)/atmel/studio/7.0/toolchain/arm/arm-gnu-toolchain/bin/../lib/gcc/arm-none-eabi/4.9.3/../../../../arm-none-eabi/lib/armv7-m\libc.a(lib_a-__call_atexit.o)
 *(.init_array)
 .init_array    0x00085c08        0x4 c:/program files (x86)/atmel/studio/7.0/toolchain/arm/arm-gnu-toolchain/bin/../lib/gcc/arm-none-eabi/4.9.3/armv7-m/crtbegin.o
                0x00085c0c                __init_array_end = .
                0x00085c0c                . = ALIGN (0x4)
 *crtbegin.o(.ctors)
 *(EXCLUDE_FILE(*crtend.o) .ctors)
 *(SORT(.ctors.*))
 *crtend.o(.ctors)
                0x00085c0c                . = ALIGN (0x4)
 *(.fini)
 .fini          0x00085c0c        0x4 c:/program files (x86)/atmel/studio/7.0/toolchain/arm/arm-gnu-toolchain/bin/../lib/gcc/arm-none-eabi/4.9.3/armv7-m/crti.o
                0x00085c0c                _fini
 .fini          0x00085c10        0x8 c:/program files (x86)/atmel/studio/7.0/toolchain/arm/arm-gnu-toolchain/bin/../lib/gcc/arm-none-eabi/4.9.3/armv7-m/crtn.o
                0x00085c18                . = ALIGN (0x4)
                0x00085c18                __fini_array_start = .
 *(.fini_array)
 .fini_array    0x00085c18        0x4 c:/program files (x86)/atmel/studio/7.0/toolchain/arm/arm-gnu-toolchain/bin/../lib/gcc/arm-none-eabi/4.9.3/armv7-m/crtbegin.o
 *(SORT(.fini_array.*))
                0x00085c1c                __fini_array_end = .
 *crtbegin.o(.dtors)
 *(EXCLUDE_FILE(*crtend.o) .dtors)
 *(SORT(.dtors.*))
 *crtend.o(.dtors)
                0x00085c1c                . = ALIGN (0x4)
                0x00085c1c                _efixed = .
                0x00085c1c                PROVIDE (__exidx_start, .)

.vfp11_veneer   0x00085c1c        0x0
 .vfp11_veneer  0x00000000        0x0 linker stubs

.v4_bx          0x00085c1c        0x0
 .v4_bx         0x00000000        0x0 linker stubs

.iplt           0x00085c1c        0x0
 .iplt          0x00000000        0x0 c:/program files (x86)/atmel/studio/7.0/toolchain/arm/arm-gnu-toolchain/bin/../lib/gcc/arm-none-eabi/4.9.3/armv7-m/crtbegin.o

.ARM.exidx      0x00085c1c        0x8
 *(.ARM.exidx* .gnu.linkonce.armexidx.*)
 .ARM.exidx     0x00085c1c        0x8 c:/program files (x86)/atmel/studio/7.0/toolchain/arm/arm-gnu-toolchain/bin/../lib/gcc/arm-none-eabi/4.9.3/armv7-m\libgcc.a(_divdi3.o)
 .ARM.exidx     0x00085c24        0x0 c:/program files (x86)/atmel/studio/7.0/toolchain/arm/arm-gnu-toolchain/bin/../lib/gcc/arm-none-eabi/4.9.3/armv7-m\libgcc.a(_udivdi3.o)
                                  0x8 (size before relaxing)
                0x00085c24                PROVIDE (__exidx_end, .)

.eh_frame       0x00085c24        0x0
 .eh_frame      0x00085c24        0x0 c:/program files (x86)/atmel/studio/7.0/toolchain/arm/arm-gnu-toolchain/bin/../lib/gcc/arm-none-eabi/4.9.3/armv7-m/crtbegin.o

.rel.dyn        0x00085c24        0x0
 .rel.iplt      0x00000000        0x0 c:/program files (x86)/atmel/studio/7.0/toolchain/arm/arm-gnu-toolchain/bin/../lib/gcc/arm-none-eabi/4.9.3/armv7-m/crtbegin.o

.jcr            0x00085c24        0x0
 .jcr           0x00085c24        0x0 c:/program files (x86)/atmel/studio/7.0/toolchain/arm/arm-gnu-toolchain/bin/../lib/gcc/arm-none-eabi/4.9.3/armv7-m/crtbegin.o

.igot.plt       0x00085c24        0x0
 .igot.plt      0x00000000        0x0 c:/program files (x86)/atmel/studio/7.0/toolchain/arm/arm-gnu-toolchain/bin/../lib/gcc/arm-none-eabi/4.9.3/armv7-m/crtbegin.o
                0x00085c24                . = ALIGN (0x4)
                0x00085c24                _etext = .

.relocate       0x20070000      0x9ec load address 0x00085c24
                0x20070000                . = ALIGN (0x4)
                0x20070000                _srelocate = .
 *(.ramfunc .ramfunc.*)
 .ramfunc       0x20070000      0x12c src/ASF/sam/utils/cmsis/sam3x/source/templates/system_sam3x.o
                0x20070000                SystemInit
                0x200700a4                system_init_flash
 *(.data .data.*)
 .data.pin_table
                0x2007012c       0x42 src/common/pin_mapper.o
                0x2007012c                pin_table
 *fill*         0x2007016e        0x2 
 .data.SystemCoreClock
                0x20070170        0x4 src/ASF/sam/utils/cmsis/sam3x/source/templates/system_sam3x.o
                0x20070170                SystemCoreClock
 *fill*         0x20070174        0x4 
 .data.impure_data
                0x20070178      0x428 c:/program files (x86)/atmel/studio/7.0/toolchain/arm/arm-gnu-toolchain/bin/../lib/gcc/arm-none-eabi/4.9.3/../../../../arm-none-eabi/lib/armv7-m\libc.a(lib_a-impure.o)
 .data._impure_ptr
                0x200705a0        0x4 c:/program files (x86)/atmel/studio/7.0/toolchain/arm/arm-gnu-toolchain/bin/../lib/gcc/arm-none-eabi/4.9.3/../../../../arm-none-eabi/lib/armv7-m\libc.a(lib_a-impure.o)
                0x200705a0                _impure_ptr
 .data.lconv    0x200705a4       0x38 c:/program files (x86)/atmel/studio/7.0/toolchain/arm/arm-gnu-toolchain/bin/../lib/gcc/arm-none-eabi/4.9.3/../../../../arm-none-eabi/lib/armv7-m\libc.a(lib_a-locale.o)
 .data.__malloc_av_
                0x200705dc      0x408 c:/program files (x86)/atmel/studio/7.0/toolchain/arm/arm-gnu-toolchain/bin/../lib/gcc/arm-none-eabi/4.9.3/../../../../arm-none-eabi/lib/armv7-m\libc.a(lib_a-mallocr.o)
                0x200705dc                __malloc_av_
 .data.__malloc_trim_threshold
                0x200709e4        0x4 c:/program files (x86)/atmel/studio/7.0/toolchain/arm/arm-gnu-toolchain/bin/../lib/gcc/arm-none-eabi/4.9.3/../../../../arm-none-eabi/lib/armv7-m\libc.a(lib_a-mallocr.o)
                0x200709e4                __malloc_trim_threshold
 .data.__malloc_sbrk_base
                0x200709e8        0x4 c:/program files (x86)/atmel/studio/7.0/toolchain/arm/arm-gnu-toolchain/bin/../lib/gcc/arm-none-eabi/4.9.3/../../../../arm-none-eabi/lib/armv7-m\libc.a(lib_a-mallocr.o)
                0x200709e8                __malloc_sbrk_base
                0x200709ec                . = ALIGN (0x4)
                0x200709ec                _erelocate = .

.bss            0x200709ec       0xf0 load address 0x00086610
                0x200709ec                . = ALIGN (0x4)
                0x200709ec                _sbss = .
                0x200709ec                _szero = .
 *(.bss .bss.*)
 .bss           0x200709ec       0x1c c:/program files (x86)/atmel/studio/7.0/toolchain/arm/arm-gnu-toolchain/bin/../lib/gcc/arm-none-eabi/4.9.3/armv7-m/crtbegin.o
 .bss.pwm_channel_instance
                0x20070a08       0x28 src/io_control/analog_output.o
 .bss.gs_interrupt_sources
                0x20070a30       0x70 src/ASF/sam/drivers/pio/pio_handler.o
 .bss.heap.5212
                0x20070aa0        0x4 src/ASF/sam/utils/syscalls/gcc/syscalls.o
 .bss.__malloc_max_total_mem
                0x20070aa4        0x4 c:/program files (x86)/atmel/studio/7.0/toolchain/arm/arm-gnu-toolchain/bin/../lib/gcc/arm-none-eabi/4.9.3/../../../../arm-none-eabi/lib/armv7-m\libc.a(lib_a-mallocr.o)
                0x20070aa4                __malloc_max_total_mem
 .bss.__malloc_max_sbrked_mem
                0x20070aa8        0x4 c:/program files (x86)/atmel/studio/7.0/toolchain/arm/arm-gnu-toolchain/bin/../lib/gcc/arm-none-eabi/4.9.3/../../../../arm-none-eabi/lib/armv7-m\libc.a(lib_a-mallocr.o)
                0x20070aa8                __malloc_max_sbrked_mem
 .bss.__malloc_top_pad
                0x20070aac        0x4 c:/program files (x86)/atmel/studio/7.0/toolchain/arm/arm-gnu-toolchain/bin/../lib/gcc/arm-none-eabi/4.9.3/../../../../arm-none-eabi/lib/armv7-m\libc.a(lib_a-mallocr.o)
                0x20070aac                __malloc_top_pad
 .bss.__malloc_current_mallinfo
                0x20070ab0       0x28 c:/program files (x86)/atmel/studio/7.0/toolchain/arm/arm-gnu-toolchain/bin/../lib/gcc/arm-none-eabi/4.9.3/../../../../arm-none-eabi/lib/armv7-m\libc.a(lib_a-mallocr.o)
                0x20070ab0                __malloc_current_mallinfo
 *(COMMON)
 COMMON         0x20070ad8        0x4 c:/program files (x86)/atmel/studio/7.0/toolchain/arm/arm-gnu-toolchain/bin/../lib/gcc/arm-none-eabi/4.9.3/../../../../arm-none-eabi/lib/armv7-m\libc.a(lib_a-reent.o)
                0x20070ad8                errno
                0x20070adc                . = ALIGN (0x4)
                0x20070adc                _ebss = .
                0x20070adc                _ezero = .

.stack          0x20070adc     0x2004 load address 0x00086700
                0x20070ae0                . = ALIGN (0x8)
 *fill*         0x20070adc        0x4 
                0x20070ae0                _sstack = .
                0x20072ae0                . = (. + __stack_size__)
 *fill*         0x20070ae0     0x2000 
                0x20072ae0                . = ALIGN (0x8)
                0x20072ae0                _estack = .
                0x20072ae0                . = ALIGN (0x4)
                0x20072ae0                _end = .
OUTPUT(dueSrv_6_2.elf elf32-littlearm)

.ARM.attributes
                0x00000000       0x29
 .ARM.attributes
                0x00000000       0x1d c:/program files (x86)/atmel/studio/7.0/toolchain/arm/arm-gnu-toolchain/bin/../lib/gcc/arm-none-eabi/4.9.3/armv7-m/crti.o
 .ARM.attributes
                0x0000001d       0x2d c:/program files (x86)/atmel/studio/7.0/toolchain/arm/arm-gnu-toolchain/bin/../lib/gcc/arm-none-eabi/4.9.3/armv7-m/crtbegin.o
 .ARM.attributes
                0x0000004a       0x33 src/ASF/sam/drivers/adc/adc.o
 .ARM.attributes
                0x0000007d       0x33 src/common/pin_mapper.o
 .ARM.attributes
                0x000000b0       0x33 src/io_control/analog_output.o
 .ARM.attributes
                0x000000e3       0x33 src/io_control/io_uart.o
 .ARM.attributes
                0x00000116       0x33 src/matlab_coms/matlab_functions.o
 .ARM.attributes
                0x00000149       0x33 src/matlab_coms/matlab_state.o
 .ARM.attributes
                0x0000017c       0x33 src/ASF/sam/drivers/pwm/pwm.o
 .ARM.attributes
                0x000001af       0x33 src/io_control/adc.o
 .ARM.attributes
                0x000001e2       0x33 src/ASF/common/services/clock/sam3x/sysclk.o
 .ARM.attributes
                0x00000215       0x33 src/ASF/sam/boards/arduino_due_x/init.o
 .ARM.attributes
                0x00000248       0x33 src/ASF/sam/drivers/pio/pio.o
 .ARM.attributes
                0x0000027b       0x33 src/ASF/sam/drivers/pio/pio_handler.o
 .ARM.attributes
                0x000002ae       0x33 src/ASF/sam/drivers/pmc/pmc.o
 .ARM.attributes
                0x000002e1       0x33 src/ASF/sam/utils/cmsis/sam3x/source/templates/exceptions.o
 .ARM.attributes
                0x00000314       0x33 src/ASF/sam/utils/cmsis/sam3x/source/templates/gcc/startup_sam3x.o
 .ARM.attributes
                0x00000347       0x33 src/ASF/sam/utils/cmsis/sam3x/source/templates/system_sam3x.o
 .ARM.attributes
                0x0000037a       0x33 src/ASF/sam/utils/syscalls/gcc/syscalls.o
 .ARM.attributes
                0x000003ad       0x33 src/main.o
 .ARM.attributes
                0x000003e0       0x2d c:/program files (x86)/atmel/studio/7.0/toolchain/arm/arm-gnu-toolchain/bin/../lib/gcc/arm-none-eabi/4.9.3/../../../../arm-none-eabi/lib/armv7-m\libc.a(lib_a-impure.o)
 .ARM.attributes
                0x0000040d       0x2d c:/program files (x86)/atmel/studio/7.0/toolchain/arm/arm-gnu-toolchain/bin/../lib/gcc/arm-none-eabi/4.9.3/../../../../arm-none-eabi/lib/armv7-m\libc.a(lib_a-init.o)
 .ARM.attributes
                0x0000043a       0x2d c:/program files (x86)/atmel/studio/7.0/toolchain/arm/arm-gnu-toolchain/bin/../lib/gcc/arm-none-eabi/4.9.3/../../../../arm-none-eabi/lib/armv7-m\libc.a(lib_a-memset.o)
 .ARM.attributes
                0x00000467       0x2d c:/program files (x86)/atmel/studio/7.0/toolchain/arm/arm-gnu-toolchain/bin/../lib/gcc/arm-none-eabi/4.9.3/../../../../arm-none-eabi/lib/armv7-m\libc.a(lib_a-sprintf.o)
 .ARM.attributes
                0x00000494       0x2d c:/program files (x86)/atmel/studio/7.0/toolchain/arm/arm-gnu-toolchain/bin/../lib/gcc/arm-none-eabi/4.9.3/../../../../arm-none-eabi/lib/armv7-m\libc.a(lib_a-strlen.o)
 .ARM.attributes
                0x000004c1       0x2d c:/program files (x86)/atmel/studio/7.0/toolchain/arm/arm-gnu-toolchain/bin/../lib/gcc/arm-none-eabi/4.9.3/../../../../arm-none-eabi/lib/armv7-m\libc.a(lib_a-svfprintf.o)
 .ARM.attributes
                0x000004ee       0x2d c:/program files (x86)/atmel/studio/7.0/toolchain/arm/arm-gnu-toolchain/bin/../lib/gcc/arm-none-eabi/4.9.3/../../../../arm-none-eabi/lib/armv7-m\libc.a(lib_a-__call_atexit.o)
 .ARM.attributes
                0x0000051b       0x2d c:/program files (x86)/atmel/studio/7.0/toolchain/arm/arm-gnu-toolchain/bin/../lib/gcc/arm-none-eabi/4.9.3/../../../../arm-none-eabi/lib/armv7-m\libc.a(lib_a-atexit.o)
 .ARM.attributes
                0x00000548       0x2d c:/program files (x86)/atmel/studio/7.0/toolchain/arm/arm-gnu-toolchain/bin/../lib/gcc/arm-none-eabi/4.9.3/../../../../arm-none-eabi/lib/armv7-m\libc.a(lib_a-dtoa.o)
 .ARM.attributes
                0x00000575       0x2d c:/program files (x86)/atmel/studio/7.0/toolchain/arm/arm-gnu-toolchain/bin/../lib/gcc/arm-none-eabi/4.9.3/../../../../arm-none-eabi/lib/armv7-m\libc.a(lib_a-fini.o)
 .ARM.attributes
                0x000005a2       0x2d c:/program files (x86)/atmel/studio/7.0/toolchain/arm/arm-gnu-toolchain/bin/../lib/gcc/arm-none-eabi/4.9.3/../../../../arm-none-eabi/lib/armv7-m\libc.a(lib_a-freer.o)
 .ARM.attributes
                0x000005cf       0x2d c:/program files (x86)/atmel/studio/7.0/toolchain/arm/arm-gnu-toolchain/bin/../lib/gcc/arm-none-eabi/4.9.3/../../../../arm-none-eabi/lib/armv7-m\libc.a(lib_a-locale.o)
 .ARM.attributes
                0x000005fc       0x2d c:/program files (x86)/atmel/studio/7.0/toolchain/arm/arm-gnu-toolchain/bin/../lib/gcc/arm-none-eabi/4.9.3/../../../../arm-none-eabi/lib/armv7-m\libc.a(lib_a-mallocr.o)
 .ARM.attributes
                0x00000629       0x2d c:/program files (x86)/atmel/studio/7.0/toolchain/arm/arm-gnu-toolchain/bin/../lib/gcc/arm-none-eabi/4.9.3/../../../../arm-none-eabi/lib/armv7-m\libc.a(lib_a-memchr.o)
 .ARM.attributes
                0x00000656       0x1b c:/program files (x86)/atmel/studio/7.0/toolchain/arm/arm-gnu-toolchain/bin/../lib/gcc/arm-none-eabi/4.9.3/../../../../arm-none-eabi/lib/armv7-m\libc.a(lib_a-memcpy.o)
 .ARM.attributes
                0x00000671       0x2d c:/program files (x86)/atmel/studio/7.0/toolchain/arm/arm-gnu-toolchain/bin/../lib/gcc/arm-none-eabi/4.9.3/../../../../arm-none-eabi/lib/armv7-m\libc.a(lib_a-memmove.o)
 .ARM.attributes
                0x0000069e       0x2d c:/program files (x86)/atmel/studio/7.0/toolchain/arm/arm-gnu-toolchain/bin/../lib/gcc/arm-none-eabi/4.9.3/../../../../arm-none-eabi/lib/armv7-m\libc.a(lib_a-mlock.o)
 .ARM.attributes
                0x000006cb       0x2d c:/program files (x86)/atmel/studio/7.0/toolchain/arm/arm-gnu-toolchain/bin/../lib/gcc/arm-none-eabi/4.9.3/../../../../arm-none-eabi/lib/armv7-m\libc.a(lib_a-mprec.o)
 .ARM.attributes
                0x000006f8       0x2d c:/program files (x86)/atmel/studio/7.0/toolchain/arm/arm-gnu-toolchain/bin/../lib/gcc/arm-none-eabi/4.9.3/../../../../arm-none-eabi/lib/armv7-m\libc.a(lib_a-reallocr.o)
 .ARM.attributes
                0x00000725       0x2d c:/program files (x86)/atmel/studio/7.0/toolchain/arm/arm-gnu-toolchain/bin/../lib/gcc/arm-none-eabi/4.9.3/../../../../arm-none-eabi/lib/armv7-m\libc.a(lib_a-s_fpclassify.o)
 .ARM.attributes
                0x00000752       0x2d c:/program files (x86)/atmel/studio/7.0/toolchain/arm/arm-gnu-toolchain/bin/../lib/gcc/arm-none-eabi/4.9.3/../../../../arm-none-eabi/lib/armv7-m\libc.a(lib_a-sbrkr.o)
 .ARM.attributes
                0x0000077f       0x2d c:/program files (x86)/atmel/studio/7.0/toolchain/arm/arm-gnu-toolchain/bin/../lib/gcc/arm-none-eabi/4.9.3/../../../../arm-none-eabi/lib/armv7-m\libc.a(lib_a-svfiprintf.o)
 .ARM.attributes
                0x000007ac       0x2d c:/program files (x86)/atmel/studio/7.0/toolchain/arm/arm-gnu-toolchain/bin/../lib/gcc/arm-none-eabi/4.9.3/../../../../arm-none-eabi/lib/armv7-m\libc.a(lib_a-__atexit.o)
 .ARM.attributes
                0x000007d9       0x2d c:/program files (x86)/atmel/studio/7.0/toolchain/arm/arm-gnu-toolchain/bin/../lib/gcc/arm-none-eabi/4.9.3/../../../../arm-none-eabi/lib/armv7-m\libc.a(lib_a-callocr.o)
 .ARM.attributes
                0x00000806       0x2d c:/program files (x86)/atmel/studio/7.0/toolchain/arm/arm-gnu-toolchain/bin/../lib/gcc/arm-none-eabi/4.9.3/../../../../arm-none-eabi/lib/armv7-m\libc.a(lib_a-reent.o)
 .ARM.attributes
                0x00000833       0x1d c:/program files (x86)/atmel/studio/7.0/toolchain/arm/arm-gnu-toolchain/bin/../lib/gcc/arm-none-eabi/4.9.3/armv7-m\libgcc.a(_arm_addsubdf3.o)
 .ARM.attributes
                0x00000850       0x1d c:/program files (x86)/atmel/studio/7.0/toolchain/arm/arm-gnu-toolchain/bin/../lib/gcc/arm-none-eabi/4.9.3/armv7-m\libgcc.a(_arm_muldivdf3.o)
 .ARM.attributes
                0x0000086d       0x1d c:/program files (x86)/atmel/studio/7.0/toolchain/arm/arm-gnu-toolchain/bin/../lib/gcc/arm-none-eabi/4.9.3/armv7-m\libgcc.a(_arm_cmpdf2.o)
 .ARM.attributes
                0x0000088a       0x1d c:/program files (x86)/atmel/studio/7.0/toolchain/arm/arm-gnu-toolchain/bin/../lib/gcc/arm-none-eabi/4.9.3/armv7-m\libgcc.a(_arm_fixdfsi.o)
 .ARM.attributes
                0x000008a7       0x1d c:/program files (x86)/atmel/studio/7.0/toolchain/arm/arm-gnu-toolchain/bin/../lib/gcc/arm-none-eabi/4.9.3/armv7-m\libgcc.a(_aeabi_uldivmod.o)
 .ARM.attributes
                0x000008c4       0x2d c:/program files (x86)/atmel/studio/7.0/toolchain/arm/arm-gnu-toolchain/bin/../lib/gcc/arm-none-eabi/4.9.3/armv7-m\libgcc.a(bpabi.o)
 .ARM.attributes
                0x000008f1       0x1d c:/program files (x86)/atmel/studio/7.0/toolchain/arm/arm-gnu-toolchain/bin/../lib/gcc/arm-none-eabi/4.9.3/armv7-m\libgcc.a(_dvmd_tls.o)
 .ARM.attributes
                0x0000090e       0x2d c:/program files (x86)/atmel/studio/7.0/toolchain/arm/arm-gnu-toolchain/bin/../lib/gcc/arm-none-eabi/4.9.3/armv7-m\libgcc.a(_divdi3.o)
 .ARM.attributes
                0x0000093b       0x2d c:/program files (x86)/atmel/studio/7.0/toolchain/arm/arm-gnu-toolchain/bin/../lib/gcc/arm-none-eabi/4.9.3/armv7-m\libgcc.a(_udivdi3.o)
 .ARM.attributes
                0x00000968       0x1d c:/program files (x86)/atmel/studio/7.0/toolchain/arm/arm-gnu-toolchain/bin/../lib/gcc/arm-none-eabi/4.9.3/armv7-m/crtn.o

.comment        0x00000000       0x5b
 .comment       0x00000000       0x5b src/ASF/sam/drivers/adc/adc.o
                                 0x5c (size before relaxing)
 .comment       0x00000000       0x5c src/common/pin_mapper.o
 .comment       0x00000000       0x5c src/io_control/analog_output.o
 .comment       0x00000000       0x5c src/io_control/io_uart.o
 .comment       0x00000000       0x5c src/matlab_coms/matlab_functions.o
 .comment       0x00000000       0x5c src/matlab_coms/matlab_state.o
 .comment       0x00000000       0x5c src/ASF/sam/drivers/pwm/pwm.o
 .comment       0x00000000       0x5c src/io_control/adc.o
 .comment       0x00000000       0x5c src/ASF/common/services/clock/sam3x/sysclk.o
 .comment       0x00000000       0x5c src/ASF/sam/boards/arduino_due_x/init.o
 .comment       0x00000000       0x5c src/ASF/sam/drivers/pio/pio.o
 .comment       0x00000000       0x5c src/ASF/sam/drivers/pio/pio_handler.o
 .comment       0x00000000       0x5c src/ASF/sam/drivers/pmc/pmc.o
 .comment       0x00000000       0x5c src/ASF/sam/utils/cmsis/sam3x/source/templates/exceptions.o
 .comment       0x00000000       0x5c src/ASF/sam/utils/cmsis/sam3x/source/templates/gcc/startup_sam3x.o
 .comment       0x00000000       0x5c src/ASF/sam/utils/cmsis/sam3x/source/templates/system_sam3x.o
 .comment       0x00000000       0x5c src/ASF/sam/utils/syscalls/gcc/syscalls.o
 .comment       0x00000000       0x5c src/main.o

.debug_info     0x00000000     0xa30a
 .debug_info    0x00000000     0x118c src/ASF/sam/drivers/adc/adc.o
 .debug_info    0x0000118c      0x174 src/common/pin_mapper.o
 .debug_info    0x00001300      0xdc7 src/io_control/analog_output.o
 .debug_info    0x000020c7      0x7cb src/io_control/io_uart.o
 .debug_info    0x00002892      0xc24 src/matlab_coms/matlab_functions.o
 .debug_info    0x000034b6      0x21d src/matlab_coms/matlab_state.o
 .debug_info    0x000036d3     0x155a src/ASF/sam/drivers/pwm/pwm.o
 .debug_info    0x00004c2d      0x652 src/io_control/adc.o
 .debug_info    0x0000527f      0x796 src/ASF/common/services/clock/sam3x/sysclk.o
 .debug_info    0x00005a15      0x75c src/ASF/sam/boards/arduino_due_x/init.o
 .debug_info    0x00006171     0x1391 src/ASF/sam/drivers/pio/pio.o
 .debug_info    0x00007502      0xe51 src/ASF/sam/drivers/pio/pio_handler.o
 .debug_info    0x00008353     0x1078 src/ASF/sam/drivers/pmc/pmc.o
 .debug_info    0x000093cb      0x124 src/ASF/sam/utils/cmsis/sam3x/source/templates/exceptions.o
 .debug_info    0x000094ef      0x3bd src/ASF/sam/utils/cmsis/sam3x/source/templates/gcc/startup_sam3x.o
 .debug_info    0x000098ac      0x4c6 src/ASF/sam/utils/cmsis/sam3x/source/templates/system_sam3x.o
 .debug_info    0x00009d72      0x43f src/ASF/sam/utils/syscalls/gcc/syscalls.o
 .debug_info    0x0000a1b1      0x159 src/main.o

.debug_abbrev   0x00000000     0x1d88
 .debug_abbrev  0x00000000      0x235 src/ASF/sam/drivers/adc/adc.o
 .debug_abbrev  0x00000235       0xc2 src/common/pin_mapper.o
 .debug_abbrev  0x000002f7      0x1b3 src/io_control/analog_output.o
 .debug_abbrev  0x000004aa      0x1d8 src/io_control/io_uart.o
 .debug_abbrev  0x00000682      0x291 src/matlab_coms/matlab_functions.o
 .debug_abbrev  0x00000913       0xe2 src/matlab_coms/matlab_state.o
 .debug_abbrev  0x000009f5      0x240 src/ASF/sam/drivers/pwm/pwm.o
 .debug_abbrev  0x00000c35      0x172 src/io_control/adc.o
 .debug_abbrev  0x00000da7      0x227 src/ASF/common/services/clock/sam3x/sysclk.o
 .debug_abbrev  0x00000fce      0x16f src/ASF/sam/boards/arduino_due_x/init.o
 .debug_abbrev  0x0000113d      0x2d5 src/ASF/sam/drivers/pio/pio.o
 .debug_abbrev  0x00001412      0x257 src/ASF/sam/drivers/pio/pio_handler.o
 .debug_abbrev  0x00001669      0x268 src/ASF/sam/drivers/pmc/pmc.o
 .debug_abbrev  0x000018d1       0x8c src/ASF/sam/utils/cmsis/sam3x/source/templates/exceptions.o
 .debug_abbrev  0x0000195d      0x118 src/ASF/sam/utils/cmsis/sam3x/source/templates/gcc/startup_sam3x.o
 .debug_abbrev  0x00001a75      0x115 src/ASF/sam/utils/cmsis/sam3x/source/templates/system_sam3x.o
 .debug_abbrev  0x00001b8a      0x14e src/ASF/sam/utils/syscalls/gcc/syscalls.o
 .debug_abbrev  0x00001cd8       0xb0 src/main.o

.debug_loc      0x00000000     0x3e91
 .debug_loc     0x00000000      0x966 src/ASF/sam/drivers/adc/adc.o
 .debug_loc     0x00000966       0x21 src/common/pin_mapper.o
 .debug_loc     0x00000987       0x84 src/io_control/analog_output.o
 .debug_loc     0x00000a0b       0x44 src/io_control/io_uart.o
 .debug_loc     0x00000a4f      0x4c5 src/matlab_coms/matlab_functions.o
 .debug_loc     0x00000f14      0x2a6 src/matlab_coms/matlab_state.o
 .debug_loc     0x000011ba      0xc09 src/ASF/sam/drivers/pwm/pwm.o
 .debug_loc     0x00001dc3       0x79 src/io_control/adc.o
 .debug_loc     0x00001e3c      0x12d src/ASF/common/services/clock/sam3x/sysclk.o
 .debug_loc     0x00001f69       0x20 src/ASF/sam/boards/arduino_due_x/init.o
 .debug_loc     0x00001f89      0xb20 src/ASF/sam/drivers/pio/pio.o
 .debug_loc     0x00002aa9      0x573 src/ASF/sam/drivers/pio/pio_handler.o
 .debug_loc     0x0000301c      0xccc src/ASF/sam/drivers/pmc/pmc.o
 .debug_loc     0x00003ce8       0x5e src/ASF/sam/utils/cmsis/sam3x/source/templates/gcc/startup_sam3x.o
 .debug_loc     0x00003d46      0x12b src/ASF/sam/utils/syscalls/gcc/syscalls.o
 .debug_loc     0x00003e71       0x20 src/main.o

.debug_aranges  0x00000000      0x8f8
 .debug_aranges
                0x00000000      0x178 src/ASF/sam/drivers/adc/adc.o
 .debug_aranges
                0x00000178       0x20 src/common/pin_mapper.o
 .debug_aranges
                0x00000198       0x28 src/io_control/analog_output.o
 .debug_aranges
                0x000001c0       0x40 src/io_control/io_uart.o
 .debug_aranges
                0x00000200       0x68 src/matlab_coms/matlab_functions.o
 .debug_aranges
                0x00000268       0x20 src/matlab_coms/matlab_state.o
 .debug_aranges
                0x00000288      0x158 src/ASF/sam/drivers/pwm/pwm.o
 .debug_aranges
                0x000003e0       0x28 src/io_control/adc.o
 .debug_aranges
                0x00000408       0x40 src/ASF/common/services/clock/sam3x/sysclk.o
 .debug_aranges
                0x00000448       0x20 src/ASF/sam/boards/arduino_due_x/init.o
 .debug_aranges
                0x00000468      0x148 src/ASF/sam/drivers/pio/pio.o
 .debug_aranges
                0x000005b0       0x58 src/ASF/sam/drivers/pio/pio_handler.o
 .debug_aranges
                0x00000608      0x200 src/ASF/sam/drivers/pmc/pmc.o
 .debug_aranges
                0x00000808       0x20 src/ASF/sam/utils/cmsis/sam3x/source/templates/exceptions.o
 .debug_aranges
                0x00000828       0x20 src/ASF/sam/utils/cmsis/sam3x/source/templates/gcc/startup_sam3x.o
 .debug_aranges
                0x00000848       0x30 src/ASF/sam/utils/cmsis/sam3x/source/templates/system_sam3x.o
 .debug_aranges
                0x00000878       0x60 src/ASF/sam/utils/syscalls/gcc/syscalls.o
 .debug_aranges
                0x000008d8       0x20 src/main.o

.debug_ranges   0x00000000      0x7d8
 .debug_ranges  0x00000000      0x168 src/ASF/sam/drivers/adc/adc.o
 .debug_ranges  0x00000168       0x10 src/common/pin_mapper.o
 .debug_ranges  0x00000178       0x18 src/io_control/analog_output.o
 .debug_ranges  0x00000190       0x30 src/io_control/io_uart.o
 .debug_ranges  0x000001c0       0x58 src/matlab_coms/matlab_functions.o
 .debug_ranges  0x00000218       0x10 src/matlab_coms/matlab_state.o
 .debug_ranges  0x00000228      0x148 src/ASF/sam/drivers/pwm/pwm.o
 .debug_ranges  0x00000370       0x18 src/io_control/adc.o
 .debug_ranges  0x00000388       0x30 src/ASF/common/services/clock/sam3x/sysclk.o
 .debug_ranges  0x000003b8       0x10 src/ASF/sam/boards/arduino_due_x/init.o
 .debug_ranges  0x000003c8      0x138 src/ASF/sam/drivers/pio/pio.o
 .debug_ranges  0x00000500       0x48 src/ASF/sam/drivers/pio/pio_handler.o
 .debug_ranges  0x00000548      0x1f0 src/ASF/sam/drivers/pmc/pmc.o
 .debug_ranges  0x00000738       0x10 src/ASF/sam/utils/cmsis/sam3x/source/templates/exceptions.o
 .debug_ranges  0x00000748       0x10 src/ASF/sam/utils/cmsis/sam3x/source/templates/gcc/startup_sam3x.o
 .debug_ranges  0x00000758       0x20 src/ASF/sam/utils/cmsis/sam3x/source/templates/system_sam3x.o
 .debug_ranges  0x00000778       0x50 src/ASF/sam/utils/syscalls/gcc/syscalls.o
 .debug_ranges  0x000007c8       0x10 src/main.o

.debug_macro    0x00000000    0x18536
 .debug_macro   0x00000000      0x4f4 src/ASF/sam/drivers/adc/adc.o
 .debug_macro   0x000004f4      0x892 src/ASF/sam/drivers/adc/adc.o
 .debug_macro   0x00000d86      0x166 src/ASF/sam/drivers/adc/adc.o
 .debug_macro   0x00000eec      0x4fb src/ASF/sam/drivers/adc/adc.o
 .debug_macro   0x000013e7       0x76 src/ASF/sam/drivers/adc/adc.o
 .debug_macro   0x0000145d       0x16 src/ASF/sam/drivers/adc/adc.o
 .debug_macro   0x00001473      0x6e4 src/ASF/sam/drivers/adc/adc.o
 .debug_macro   0x00001b57       0x22 src/ASF/sam/drivers/adc/adc.o
 .debug_macro   0x00001b79       0x44 src/ASF/sam/drivers/adc/adc.o
 .debug_macro   0x00001bbd       0x58 src/ASF/sam/drivers/adc/adc.o
 .debug_macro   0x00001c15       0x22 src/ASF/sam/drivers/adc/adc.o
 .debug_macro   0x00001c37      0x1df src/ASF/sam/drivers/adc/adc.o
 .debug_macro   0x00001e16       0x20 src/ASF/sam/drivers/adc/adc.o
 .debug_macro   0x00001e36       0x3a src/ASF/sam/drivers/adc/adc.o
 .debug_macro   0x00001e70       0x2d src/ASF/sam/drivers/adc/adc.o
 .debug_macro   0x00001e9d      0xbb1 src/ASF/sam/drivers/adc/adc.o
 .debug_macro   0x00002a4e      0xab6 src/ASF/sam/drivers/adc/adc.o
 .debug_macro   0x00003504      0x569 src/ASF/sam/drivers/adc/adc.o
 .debug_macro   0x00003a6d      0x2b5 src/ASF/sam/drivers/adc/adc.o
 .debug_macro   0x00003d22      0x31a src/ASF/sam/drivers/adc/adc.o
 .debug_macro   0x0000403c      0x74f src/ASF/sam/drivers/adc/adc.o
 .debug_macro   0x0000478b       0x82 src/ASF/sam/drivers/adc/adc.o
 .debug_macro   0x0000480d      0x57b src/ASF/sam/drivers/adc/adc.o
 .debug_macro   0x00004d88       0x1c src/ASF/sam/drivers/adc/adc.o
 .debug_macro   0x00004da4      0x6b7 src/ASF/sam/drivers/adc/adc.o
 .debug_macro   0x0000545b      0x52d src/ASF/sam/drivers/adc/adc.o
 .debug_macro   0x00005988       0xbe src/ASF/sam/drivers/adc/adc.o
 .debug_macro   0x00005a46     0x2342 src/ASF/sam/drivers/adc/adc.o
 .debug_macro   0x00007d88      0x85d src/ASF/sam/drivers/adc/adc.o
 .debug_macro   0x000085e5      0xdc9 src/ASF/sam/drivers/adc/adc.o
 .debug_macro   0x000093ae       0x7c src/ASF/sam/drivers/adc/adc.o
 .debug_macro   0x0000942a      0x263 src/ASF/sam/drivers/adc/adc.o
 .debug_macro   0x0000968d       0x58 src/ASF/sam/drivers/adc/adc.o
 .debug_macro   0x000096e5      0x9a7 src/ASF/sam/drivers/adc/adc.o
 .debug_macro   0x0000a08c      0x248 src/ASF/sam/drivers/adc/adc.o
 .debug_macro   0x0000a2d4      0x4df src/ASF/sam/drivers/adc/adc.o
 .debug_macro   0x0000a7b3      0x6b3 src/ASF/sam/drivers/adc/adc.o
 .debug_macro   0x0000ae66      0x59f src/ASF/sam/drivers/adc/adc.o
 .debug_macro   0x0000b405       0x46 src/ASF/sam/drivers/adc/adc.o
 .debug_macro   0x0000b44b      0x34d src/ASF/sam/drivers/adc/adc.o
 .debug_macro   0x0000b798      0x28c src/ASF/sam/drivers/adc/adc.o
 .debug_macro   0x0000ba24     0x14d7 src/ASF/sam/drivers/adc/adc.o
 .debug_macro   0x0000cefb      0x7ba src/ASF/sam/drivers/adc/adc.o
 .debug_macro   0x0000d6b5       0x76 src/ASF/sam/drivers/adc/adc.o
 .debug_macro   0x0000d72b       0x82 src/ASF/sam/drivers/adc/adc.o
 .debug_macro   0x0000d7ad       0x76 src/ASF/sam/drivers/adc/adc.o
 .debug_macro   0x0000d823       0x4c src/ASF/sam/drivers/adc/adc.o
 .debug_macro   0x0000d86f      0x105 src/ASF/sam/drivers/adc/adc.o
 .debug_macro   0x0000d974      0x105 src/ASF/sam/drivers/adc/adc.o
 .debug_macro   0x0000da79      0x105 src/ASF/sam/drivers/adc/adc.o
 .debug_macro   0x0000db7e       0x88 src/ASF/sam/drivers/adc/adc.o
 .debug_macro   0x0000dc06       0x88 src/ASF/sam/drivers/adc/adc.o
 .debug_macro   0x0000dc8e      0x3b4 src/ASF/sam/drivers/adc/adc.o
 .debug_macro   0x0000e042       0xb8 src/ASF/sam/drivers/adc/adc.o
 .debug_macro   0x0000e0fa       0xb8 src/ASF/sam/drivers/adc/adc.o
 .debug_macro   0x0000e1b2       0xb8 src/ASF/sam/drivers/adc/adc.o
 .debug_macro   0x0000e26a       0xb8 src/ASF/sam/drivers/adc/adc.o
 .debug_macro   0x0000e322      0x2b8 src/ASF/sam/drivers/adc/adc.o
 .debug_macro   0x0000e5da      0x125 src/ASF/sam/drivers/adc/adc.o
 .debug_macro   0x0000e6ff      0x225 src/ASF/sam/drivers/adc/adc.o
 .debug_macro   0x0000e924      0x225 src/ASF/sam/drivers/adc/adc.o
 .debug_macro   0x0000eb49       0x2e src/ASF/sam/drivers/adc/adc.o
 .debug_macro   0x0000eb77       0xac src/ASF/sam/drivers/adc/adc.o
 .debug_macro   0x0000ec23      0x14d src/ASF/sam/drivers/adc/adc.o
 .debug_macro   0x0000ed70       0x7c src/ASF/sam/drivers/adc/adc.o
 .debug_macro   0x0000edec      0x205 src/ASF/sam/drivers/adc/adc.o
 .debug_macro   0x0000eff1       0x64 src/ASF/sam/drivers/adc/adc.o
 .debug_macro   0x0000f055       0xa6 src/ASF/sam/drivers/adc/adc.o
 .debug_macro   0x0000f0fb       0x7c src/ASF/sam/drivers/adc/adc.o
 .debug_macro   0x0000f177       0x16 src/ASF/sam/drivers/adc/adc.o
 .debug_macro   0x0000f18d       0x22 src/ASF/sam/drivers/adc/adc.o
 .debug_macro   0x0000f1af       0x22 src/ASF/sam/drivers/adc/adc.o
 .debug_macro   0x0000f1d1      0x115 src/ASF/sam/drivers/adc/adc.o
 .debug_macro   0x0000f2e6      0x115 src/ASF/sam/drivers/adc/adc.o
 .debug_macro   0x0000f3fb      0x115 src/ASF/sam/drivers/adc/adc.o
 .debug_macro   0x0000f510      0x115 src/ASF/sam/drivers/adc/adc.o
 .debug_macro   0x0000f625       0x1c src/ASF/sam/drivers/adc/adc.o
 .debug_macro   0x0000f641       0x2e src/ASF/sam/drivers/adc/adc.o
 .debug_macro   0x0000f66f       0x22 src/ASF/sam/drivers/adc/adc.o
 .debug_macro   0x0000f691       0x1c src/ASF/sam/drivers/adc/adc.o
 .debug_macro   0x0000f6ad       0x58 src/ASF/sam/drivers/adc/adc.o
 .debug_macro   0x0000f705       0x10 src/ASF/sam/drivers/adc/adc.o
 .debug_macro   0x0000f715      0x273 src/ASF/sam/drivers/adc/adc.o
 .debug_macro   0x0000f988      0xd43 src/ASF/sam/drivers/adc/adc.o
 .debug_macro   0x000106cb      0x131 src/ASF/sam/drivers/adc/adc.o
 .debug_macro   0x000107fc       0x58 src/ASF/sam/drivers/adc/adc.o
 .debug_macro   0x00010854       0x35 src/ASF/sam/drivers/adc/adc.o
 .debug_macro   0x00010889       0x9c src/ASF/sam/drivers/adc/adc.o
 .debug_macro   0x00010925       0x16 src/ASF/sam/drivers/adc/adc.o
 .debug_macro   0x0001093b       0x35 src/ASF/sam/drivers/adc/adc.o
 .debug_macro   0x00010970      0x29d src/ASF/sam/drivers/adc/adc.o
 .debug_macro   0x00010c0d       0x10 src/ASF/sam/drivers/adc/adc.o
 .debug_macro   0x00010c1d       0x52 src/ASF/sam/drivers/adc/adc.o
 .debug_macro   0x00010c6f       0x16 src/ASF/sam/drivers/adc/adc.o
 .debug_macro   0x00010c85       0x43 src/ASF/sam/drivers/adc/adc.o
 .debug_macro   0x00010cc8      0x180 src/ASF/sam/drivers/adc/adc.o
 .debug_macro   0x00010e48       0x10 src/ASF/sam/drivers/adc/adc.o
 .debug_macro   0x00010e58       0x22 src/ASF/sam/drivers/adc/adc.o
 .debug_macro   0x00010e7a       0xbe src/ASF/sam/drivers/adc/adc.o
 .debug_macro   0x00010f38       0x16 src/ASF/sam/drivers/adc/adc.o
 .debug_macro   0x00010f4e      0x197 src/ASF/sam/drivers/adc/adc.o
 .debug_macro   0x000110e5       0x22 src/ASF/sam/drivers/adc/adc.o
 .debug_macro   0x00011107       0x16 src/ASF/sam/drivers/adc/adc.o
 .debug_macro   0x0001111d       0x16 src/ASF/sam/drivers/adc/adc.o
 .debug_macro   0x00011133       0x29 src/ASF/sam/drivers/adc/adc.o
 .debug_macro   0x0001115c       0x6e src/ASF/sam/drivers/adc/adc.o
 .debug_macro   0x000111ca       0x45 src/ASF/sam/drivers/adc/adc.o
 .debug_macro   0x0001120f      0x3ca src/ASF/sam/drivers/adc/adc.o
 .debug_macro   0x000115d9       0x1c src/ASF/sam/drivers/adc/adc.o
 .debug_macro   0x000115f5      0x5f5 src/common/pin_mapper.o
 .debug_macro   0x00011bea       0x16 src/common/pin_mapper.o
 .debug_macro   0x00011c00       0x34 src/common/pin_mapper.o
 .debug_macro   0x00011c34      0x256 src/common/pin_mapper.o
 .debug_macro   0x00011e8a      0x790 src/common/pin_mapper.o
 .debug_macro   0x0001261a       0x5e src/common/pin_mapper.o
 .debug_macro   0x00012678       0x64 src/common/pin_mapper.o
 .debug_macro   0x000126dc       0x5f src/common/pin_mapper.o
 .debug_macro   0x0001273b       0x90 src/common/pin_mapper.o
 .debug_macro   0x000127cb       0x28 src/common/pin_mapper.o
 .debug_macro   0x000127f3       0x23 src/common/pin_mapper.o
 .debug_macro   0x00012816       0x94 src/common/pin_mapper.o
 .debug_macro   0x000128aa       0x40 src/common/pin_mapper.o
 .debug_macro   0x000128ea       0x70 src/common/pin_mapper.o
 .debug_macro   0x0001295a       0x34 src/common/pin_mapper.o
 .debug_macro   0x0001298e       0x10 src/common/pin_mapper.o
 .debug_macro   0x0001299e      0x5f4 src/io_control/analog_output.o
 .debug_macro   0x00012f92       0x2e src/io_control/analog_output.o
 .debug_macro   0x00012fc0      0x5fa src/io_control/io_uart.o
 .debug_macro   0x000135ba       0x2e src/io_control/io_uart.o
 .debug_macro   0x000135e8      0x624 src/matlab_coms/matlab_functions.o
 .debug_macro   0x00013c0c       0x10 src/matlab_coms/matlab_functions.o
 .debug_macro   0x00013c1c      0x609 src/matlab_coms/matlab_state.o
 .debug_macro   0x00014225       0x34 src/matlab_coms/matlab_state.o
 .debug_macro   0x00014259       0x34 src/matlab_coms/matlab_state.o
 .debug_macro   0x0001428d      0x508 src/ASF/sam/drivers/pwm/pwm.o
 .debug_macro   0x00014795      0x5f4 src/io_control/adc.o
 .debug_macro   0x00014d89      0x554 src/ASF/common/services/clock/sam3x/sysclk.o
 .debug_macro   0x000152dd      0x250 src/ASF/common/services/clock/sam3x/sysclk.o
 .debug_macro   0x0001552d      0x593 src/ASF/sam/boards/arduino_due_x/init.o
 .debug_macro   0x00015ac0       0x16 src/ASF/sam/boards/arduino_due_x/init.o
 .debug_macro   0x00015ad6       0x6a src/ASF/sam/boards/arduino_due_x/init.o
 .debug_macro   0x00015b40      0x4ef src/ASF/sam/drivers/pio/pio.o
 .debug_macro   0x0001602f       0x8e src/ASF/sam/drivers/pio/pio.o
 .debug_macro   0x000160bd      0x4f3 src/ASF/sam/drivers/pio/pio_handler.o
 .debug_macro   0x000165b0      0x4e9 src/ASF/sam/drivers/pmc/pmc.o
 .debug_macro   0x00016a99       0x58 src/ASF/sam/drivers/pmc/pmc.o
 .debug_macro   0x00016af1      0x4e8 src/ASF/sam/utils/cmsis/sam3x/source/templates/exceptions.o
 .debug_macro   0x00016fd9      0x4f6 src/ASF/sam/utils/cmsis/sam3x/source/templates/gcc/startup_sam3x.o
 .debug_macro   0x000174cf      0x4f6 src/ASF/sam/utils/cmsis/sam3x/source/templates/system_sam3x.o
 .debug_macro   0x000179c5       0x26 src/ASF/sam/utils/cmsis/sam3x/source/templates/system_sam3x.o
 .debug_macro   0x000179eb      0x169 src/ASF/sam/utils/syscalls/gcc/syscalls.o
 .debug_macro   0x00017b54       0x4a src/ASF/sam/utils/syscalls/gcc/syscalls.o
 .debug_macro   0x00017b9e       0x97 src/ASF/sam/utils/syscalls/gcc/syscalls.o
 .debug_macro   0x00017c35       0xef src/ASF/sam/utils/syscalls/gcc/syscalls.o
 .debug_macro   0x00017d24       0x52 src/ASF/sam/utils/syscalls/gcc/syscalls.o
 .debug_macro   0x00017d76       0x16 src/ASF/sam/utils/syscalls/gcc/syscalls.o
 .debug_macro   0x00017d8c       0x10 src/ASF/sam/utils/syscalls/gcc/syscalls.o
 .debug_macro   0x00017d9c       0x10 src/ASF/sam/utils/syscalls/gcc/syscalls.o
 .debug_macro   0x00017dac       0x10 src/ASF/sam/utils/syscalls/gcc/syscalls.o
 .debug_macro   0x00017dbc       0x35 src/ASF/sam/utils/syscalls/gcc/syscalls.o
 .debug_macro   0x00017df1      0x122 src/ASF/sam/utils/syscalls/gcc/syscalls.o
 .debug_macro   0x00017f13      0x623 src/main.o

.debug_line     0x00000000     0xe77a
 .debug_line    0x00000000      0xe49 src/ASF/sam/drivers/adc/adc.o
 .debug_line    0x00000e49      0xdd6 src/common/pin_mapper.o
 .debug_line    0x00001c1f      0xdfe src/io_control/analog_output.o
 .debug_line    0x00002a1d      0xe2a src/io_control/io_uart.o
 .debug_line    0x00003847      0xf5c src/matlab_coms/matlab_functions.o
 .debug_line    0x000047a3      0xe4c src/matlab_coms/matlab_state.o
 .debug_line    0x000055ef      0xe4d src/ASF/sam/drivers/pwm/pwm.o
 .debug_line    0x0000643c      0xde6 src/io_control/adc.o
 .debug_line    0x00007222      0xc31 src/ASF/common/services/clock/sam3x/sysclk.o
 .debug_line    0x00007e53      0xcc8 src/ASF/sam/boards/arduino_due_x/init.o
 .debug_line    0x00008b1b      0xe2b src/ASF/sam/drivers/pio/pio.o
 .debug_line    0x00009946      0xb71 src/ASF/sam/drivers/pio/pio_handler.o
 .debug_line    0x0000a4b7     0x105c src/ASF/sam/drivers/pmc/pmc.o
 .debug_line    0x0000b513      0xaa3 src/ASF/sam/utils/cmsis/sam3x/source/templates/exceptions.o
 .debug_line    0x0000bfb6      0xaed src/ASF/sam/utils/cmsis/sam3x/source/templates/gcc/startup_sam3x.o
 .debug_line    0x0000caa3      0xb08 src/ASF/sam/utils/cmsis/sam3x/source/templates/system_sam3x.o
 .debug_line    0x0000d5ab      0x399 src/ASF/sam/utils/syscalls/gcc/syscalls.o
 .debug_line    0x0000d944      0xe36 src/main.o

.debug_str      0x00000000    0x622e2
 .debug_str     0x00000000    0x5aa82 src/ASF/sam/drivers/adc/adc.o
                              0x5adc5 (size before relaxing)
 .debug_str     0x0005aa82     0x466c src/common/pin_mapper.o
                              0x5e9d5 (size before relaxing)
 .debug_str     0x0005f0ee      0x806 src/io_control/analog_output.o
                              0x5f289 (size before relaxing)
 .debug_str     0x0005f8f4      0x233 src/io_control/io_uart.o
                              0x5edff (size before relaxing)
 .debug_str     0x0005fb27      0x18c src/matlab_coms/matlab_functions.o
                              0x5ef6d (size before relaxing)
 .debug_str     0x0005fcb3       0xf2 src/matlab_coms/matlab_state.o
                              0x5eb57 (size before relaxing)
 .debug_str     0x0005fda5      0x7f1 src/ASF/sam/drivers/pwm/pwm.o
                              0x5afea (size before relaxing)
 .debug_str     0x00060596       0x30 src/io_control/adc.o
                              0x5edc6 (size before relaxing)
 .debug_str     0x000605c6      0x233 src/ASF/common/services/clock/sam3x/sysclk.o
                              0x5e0fe (size before relaxing)
 .debug_str     0x000607f9       0xb7 src/ASF/sam/boards/arduino_due_x/init.o
                              0x5e8b8 (size before relaxing)
 .debug_str     0x000608b0      0x428 src/ASF/sam/drivers/pio/pio.o
                              0x5ac97 (size before relaxing)
 .debug_str     0x00060cd8      0x44e src/ASF/sam/drivers/pio/pio_handler.o
                              0x5acdf (size before relaxing)
 .debug_str     0x00061126      0x67c src/ASF/sam/drivers/pmc/pmc.o
                              0x5ad0d (size before relaxing)
 .debug_str     0x000617a2       0x4d src/ASF/sam/utils/cmsis/sam3x/source/templates/exceptions.o
                              0x5a30c (size before relaxing)
 .debug_str     0x000617ef       0xb2 src/ASF/sam/utils/cmsis/sam3x/source/templates/gcc/startup_sam3x.o
                              0x5a3e1 (size before relaxing)
 .debug_str     0x000618a1      0x1cd src/ASF/sam/utils/cmsis/sam3x/source/templates/system_sam3x.o
                              0x5a5f4 (size before relaxing)
 .debug_str     0x00061a6e      0x84c src/ASF/sam/utils/syscalls/gcc/syscalls.o
                               0x60db (size before relaxing)
 .debug_str     0x000622ba       0x28 src/main.o
                              0x5eb70 (size before relaxing)

.debug_frame    0x00000000     0x1c30
 .debug_frame   0x00000000      0x320 src/ASF/sam/drivers/adc/adc.o
 .debug_frame   0x00000320       0x20 src/common/pin_mapper.o
 .debug_frame   0x00000340       0x48 src/io_control/analog_output.o
 .debug_frame   0x00000388       0x60 src/io_control/io_uart.o
 .debug_frame   0x000003e8      0x110 src/matlab_coms/matlab_functions.o
 .debug_frame   0x000004f8       0x30 src/matlab_coms/matlab_state.o
 .debug_frame   0x00000528      0x31c src/ASF/sam/drivers/pwm/pwm.o
 .debug_frame   0x00000844       0x48 src/io_control/adc.o
 .debug_frame   0x0000088c       0x88 src/ASF/common/services/clock/sam3x/sysclk.o
 .debug_frame   0x00000914       0x28 src/ASF/sam/boards/arduino_due_x/init.o
 .debug_frame   0x0000093c      0x2b8 src/ASF/sam/drivers/pio/pio.o
 .debug_frame   0x00000bf4       0xf8 src/ASF/sam/drivers/pio/pio_handler.o
 .debug_frame   0x00000cec      0x450 src/ASF/sam/drivers/pmc/pmc.o
 .debug_frame   0x0000113c       0x20 src/ASF/sam/utils/cmsis/sam3x/source/templates/exceptions.o
 .debug_frame   0x0000115c       0x28 src/ASF/sam/utils/cmsis/sam3x/source/templates/gcc/startup_sam3x.o
 .debug_frame   0x00001184       0x40 src/ASF/sam/utils/cmsis/sam3x/source/templates/system_sam3x.o
 .debug_frame   0x000011c4       0xa8 src/ASF/sam/utils/syscalls/gcc/syscalls.o
 .debug_frame   0x0000126c       0x28 src/main.o
 .debug_frame   0x00001294       0x2c c:/program files (x86)/atmel/studio/7.0/toolchain/arm/arm-gnu-toolchain/bin/../lib/gcc/arm-none-eabi/4.9.3/../../../../arm-none-eabi/lib/armv7-m\libc.a(lib_a-init.o)
 .debug_frame   0x000012c0       0x34 c:/program files (x86)/atmel/studio/7.0/toolchain/arm/arm-gnu-toolchain/bin/../lib/gcc/arm-none-eabi/4.9.3/../../../../arm-none-eabi/lib/armv7-m\libc.a(lib_a-memset.o)
 .debug_frame   0x000012f4       0x84 c:/program files (x86)/atmel/studio/7.0/toolchain/arm/arm-gnu-toolchain/bin/../lib/gcc/arm-none-eabi/4.9.3/../../../../arm-none-eabi/lib/armv7-m\libc.a(lib_a-sprintf.o)
 .debug_frame   0x00001378       0x20 c:/program files (x86)/atmel/studio/7.0/toolchain/arm/arm-gnu-toolchain/bin/../lib/gcc/arm-none-eabi/4.9.3/../../../../arm-none-eabi/lib/armv7-m\libc.a(lib_a-strlen.o)
 .debug_frame   0x00001398       0x40 c:/program files (x86)/atmel/studio/7.0/toolchain/arm/arm-gnu-toolchain/bin/../lib/gcc/arm-none-eabi/4.9.3/../../../../arm-none-eabi/lib/armv7-m\libc.a(lib_a-svfprintf.o)
 .debug_frame   0x000013d8       0x50 c:/program files (x86)/atmel/studio/7.0/toolchain/arm/arm-gnu-toolchain/bin/../lib/gcc/arm-none-eabi/4.9.3/../../../../arm-none-eabi/lib/armv7-m\libc.a(lib_a-__call_atexit.o)
 .debug_frame   0x00001428       0x20 c:/program files (x86)/atmel/studio/7.0/toolchain/arm/arm-gnu-toolchain/bin/../lib/gcc/arm-none-eabi/4.9.3/../../../../arm-none-eabi/lib/armv7-m\libc.a(lib_a-atexit.o)
 .debug_frame   0x00001448       0x84 c:/program files (x86)/atmel/studio/7.0/toolchain/arm/arm-gnu-toolchain/bin/../lib/gcc/arm-none-eabi/4.9.3/../../../../arm-none-eabi/lib/armv7-m\libc.a(lib_a-dtoa.o)
 .debug_frame   0x000014cc       0x34 c:/program files (x86)/atmel/studio/7.0/toolchain/arm/arm-gnu-toolchain/bin/../lib/gcc/arm-none-eabi/4.9.3/../../../../arm-none-eabi/lib/armv7-m\libc.a(lib_a-fini.o)
 .debug_frame   0x00001500       0x74 c:/program files (x86)/atmel/studio/7.0/toolchain/arm/arm-gnu-toolchain/bin/../lib/gcc/arm-none-eabi/4.9.3/../../../../arm-none-eabi/lib/armv7-m\libc.a(lib_a-freer.o)
 .debug_frame   0x00001574       0x9c c:/program files (x86)/atmel/studio/7.0/toolchain/arm/arm-gnu-toolchain/bin/../lib/gcc/arm-none-eabi/4.9.3/../../../../arm-none-eabi/lib/armv7-m\libc.a(lib_a-locale.o)
 .debug_frame   0x00001610       0x54 c:/program files (x86)/atmel/studio/7.0/toolchain/arm/arm-gnu-toolchain/bin/../lib/gcc/arm-none-eabi/4.9.3/../../../../arm-none-eabi/lib/armv7-m\libc.a(lib_a-mallocr.o)
 .debug_frame   0x00001664       0x3c c:/program files (x86)/atmel/studio/7.0/toolchain/arm/arm-gnu-toolchain/bin/../lib/gcc/arm-none-eabi/4.9.3/../../../../arm-none-eabi/lib/armv7-m\libc.a(lib_a-memchr.o)
 .debug_frame   0x000016a0       0x30 c:/program files (x86)/atmel/studio/7.0/toolchain/arm/arm-gnu-toolchain/bin/../lib/gcc/arm-none-eabi/4.9.3/../../../../arm-none-eabi/lib/armv7-m\libc.a(lib_a-memmove.o)
 .debug_frame   0x000016d0       0x30 c:/program files (x86)/atmel/studio/7.0/toolchain/arm/arm-gnu-toolchain/bin/../lib/gcc/arm-none-eabi/4.9.3/../../../../arm-none-eabi/lib/armv7-m\libc.a(lib_a-mlock.o)
 .debug_frame   0x00001700      0x268 c:/program files (x86)/atmel/studio/7.0/toolchain/arm/arm-gnu-toolchain/bin/../lib/gcc/arm-none-eabi/4.9.3/../../../../arm-none-eabi/lib/armv7-m\libc.a(lib_a-mprec.o)
 .debug_frame   0x00001968       0x58 c:/program files (x86)/atmel/studio/7.0/toolchain/arm/arm-gnu-toolchain/bin/../lib/gcc/arm-none-eabi/4.9.3/../../../../arm-none-eabi/lib/armv7-m\libc.a(lib_a-reallocr.o)
 .debug_frame   0x000019c0       0x34 c:/program files (x86)/atmel/studio/7.0/toolchain/arm/arm-gnu-toolchain/bin/../lib/gcc/arm-none-eabi/4.9.3/../../../../arm-none-eabi/lib/armv7-m\libc.a(lib_a-s_fpclassify.o)
 .debug_frame   0x000019f4       0x2c c:/program files (x86)/atmel/studio/7.0/toolchain/arm/arm-gnu-toolchain/bin/../lib/gcc/arm-none-eabi/4.9.3/../../../../arm-none-eabi/lib/armv7-m\libc.a(lib_a-sbrkr.o)
 .debug_frame   0x00001a20       0x78 c:/program files (x86)/atmel/studio/7.0/toolchain/arm/arm-gnu-toolchain/bin/../lib/gcc/arm-none-eabi/4.9.3/../../../../arm-none-eabi/lib/armv7-m\libc.a(lib_a-svfiprintf.o)
 .debug_frame   0x00001a98       0x34 c:/program files (x86)/atmel/studio/7.0/toolchain/arm/arm-gnu-toolchain/bin/../lib/gcc/arm-none-eabi/4.9.3/../../../../arm-none-eabi/lib/armv7-m\libc.a(lib_a-__atexit.o)
 .debug_frame   0x00001acc       0x28 c:/program files (x86)/atmel/studio/7.0/toolchain/arm/arm-gnu-toolchain/bin/../lib/gcc/arm-none-eabi/4.9.3/../../../../arm-none-eabi/lib/armv7-m\libc.a(lib_a-callocr.o)
 .debug_frame   0x00001af4       0x58 c:/program files (x86)/atmel/studio/7.0/toolchain/arm/arm-gnu-toolchain/bin/../lib/gcc/arm-none-eabi/4.9.3/../../../../arm-none-eabi/lib/armv7-m\libc.a(lib_a-reent.o)
 .debug_frame   0x00001b4c       0x28 c:/program files (x86)/atmel/studio/7.0/toolchain/arm/arm-gnu-toolchain/bin/../lib/gcc/arm-none-eabi/4.9.3/armv7-m\libgcc.a(_aeabi_uldivmod.o)
 .debug_frame   0x00001b74       0x54 c:/program files (x86)/atmel/studio/7.0/toolchain/arm/arm-gnu-toolchain/bin/../lib/gcc/arm-none-eabi/4.9.3/armv7-m\libgcc.a(bpabi.o)
 .debug_frame   0x00001bc8       0x34 c:/program files (x86)/atmel/studio/7.0/toolchain/arm/arm-gnu-toolchain/bin/../lib/gcc/arm-none-eabi/4.9.3/armv7-m\libgcc.a(_divdi3.o)
 .debug_frame   0x00001bfc       0x34 c:/program files (x86)/atmel/studio/7.0/toolchain/arm/arm-gnu-toolchain/bin/../lib/gcc/arm-none-eabi/4.9.3/armv7-m\libgcc.a(_udivdi3.o)

Cross Reference Table

Symbol                                            File
ADC_Handler                                       src/ASF/sam/utils/cmsis/sam3x/source/templates/exceptions.o
                                                  src/ASF/sam/utils/cmsis/sam3x/source/templates/gcc/startup_sam3x.o
BusFault_Handler                                  src/ASF/sam/utils/cmsis/sam3x/source/templates/exceptions.o
                                                  src/ASF/sam/utils/cmsis/sam3x/source/templates/gcc/startup_sam3x.o
CAN0_Handler                                      src/ASF/sam/utils/cmsis/sam3x/source/templates/exceptions.o
                                                  src/ASF/sam/utils/cmsis/sam3x/source/templates/gcc/startup_sam3x.o
CAN1_Handler                                      src/ASF/sam/utils/cmsis/sam3x/source/templates/exceptions.o
                                                  src/ASF/sam/utils/cmsis/sam3x/source/templates/gcc/startup_sam3x.o
DACC_Handler                                      src/ASF/sam/utils/cmsis/sam3x/source/templates/exceptions.o
                                                  src/ASF/sam/utils/cmsis/sam3x/source/templates/gcc/startup_sam3x.o
DMAC_Handler                                      src/ASF/sam/utils/cmsis/sam3x/source/templates/exceptions.o
                                                  src/ASF/sam/utils/cmsis/sam3x/source/templates/gcc/startup_sam3x.o
DebugMon_Handler                                  src/ASF/sam/utils/cmsis/sam3x/source/templates/exceptions.o
                                                  src/ASF/sam/utils/cmsis/sam3x/source/templates/gcc/startup_sam3x.o
Dummy_Handler                                     src/ASF/sam/utils/cmsis/sam3x/source/templates/exceptions.o
EFC0_Handler                                      src/ASF/sam/utils/cmsis/sam3x/source/templates/exceptions.o
                                                  src/ASF/sam/utils/cmsis/sam3x/source/templates/gcc/startup_sam3x.o
EFC1_Handler                                      src/ASF/sam/utils/cmsis/sam3x/source/templates/exceptions.o
                                                  src/ASF/sam/utils/cmsis/sam3x/source/templates/gcc/startup_sam3x.o
EMAC_Handler                                      src/ASF/sam/utils/cmsis/sam3x/source/templates/exceptions.o
                                                  src/ASF/sam/utils/cmsis/sam3x/source/templates/gcc/startup_sam3x.o
HSMCI_Handler                                     src/ASF/sam/utils/cmsis/sam3x/source/templates/exceptions.o
                                                  src/ASF/sam/utils/cmsis/sam3x/source/templates/gcc/startup_sam3x.o
HardFault_Handler                                 src/ASF/sam/utils/cmsis/sam3x/source/templates/exceptions.o
                                                  src/ASF/sam/utils/cmsis/sam3x/source/templates/gcc/startup_sam3x.o
MemManage_Handler                                 src/ASF/sam/utils/cmsis/sam3x/source/templates/exceptions.o
                                                  src/ASF/sam/utils/cmsis/sam3x/source/templates/gcc/startup_sam3x.o
NMI_Handler                                       src/ASF/sam/utils/cmsis/sam3x/source/templates/exceptions.o
                                                  src/ASF/sam/utils/cmsis/sam3x/source/templates/gcc/startup_sam3x.o
PIOA_Handler                                      src/ASF/sam/drivers/pio/pio_handler.o
                                                  src/ASF/sam/utils/cmsis/sam3x/source/templates/gcc/startup_sam3x.o
PIOB_Handler                                      src/ASF/sam/drivers/pio/pio_handler.o
                                                  src/ASF/sam/utils/cmsis/sam3x/source/templates/gcc/startup_sam3x.o
PIOC_Handler                                      src/ASF/sam/drivers/pio/pio_handler.o
                                                  src/ASF/sam/utils/cmsis/sam3x/source/templates/gcc/startup_sam3x.o
PIOD_Handler                                      src/ASF/sam/drivers/pio/pio_handler.o
                                                  src/ASF/sam/utils/cmsis/sam3x/source/templates/gcc/startup_sam3x.o
PMC_Handler                                       src/ASF/sam/utils/cmsis/sam3x/source/templates/exceptions.o
                                                  src/ASF/sam/utils/cmsis/sam3x/source/templates/gcc/startup_sam3x.o
PWM_Handler                                       src/ASF/sam/utils/cmsis/sam3x/source/templates/exceptions.o
                                                  src/ASF/sam/utils/cmsis/sam3x/source/templates/gcc/startup_sam3x.o
PendSV_Handler                                    src/ASF/sam/utils/cmsis/sam3x/source/templates/exceptions.o
                                                  src/ASF/sam/utils/cmsis/sam3x/source/templates/gcc/startup_sam3x.o
RSTC_Handler                                      src/ASF/sam/utils/cmsis/sam3x/source/templates/exceptions.o
                                                  src/ASF/sam/utils/cmsis/sam3x/source/templates/gcc/startup_sam3x.o
RTC_Handler                                       src/ASF/sam/utils/cmsis/sam3x/source/templates/exceptions.o
                                                  src/ASF/sam/utils/cmsis/sam3x/source/templates/gcc/startup_sam3x.o
RTT_Handler                                       src/ASF/sam/utils/cmsis/sam3x/source/templates/exceptions.o
                                                  src/ASF/sam/utils/cmsis/sam3x/source/templates/gcc/startup_sam3x.o
Reset_Handler                                     src/ASF/sam/utils/cmsis/sam3x/source/templates/gcc/startup_sam3x.o
SMC_Handler                                       src/ASF/sam/utils/cmsis/sam3x/source/templates/exceptions.o
                                                  src/ASF/sam/utils/cmsis/sam3x/source/templates/gcc/startup_sam3x.o
SPI0_Handler                                      src/ASF/sam/utils/cmsis/sam3x/source/templates/exceptions.o
                                                  src/ASF/sam/utils/cmsis/sam3x/source/templates/gcc/startup_sam3x.o
SSC_Handler                                       src/ASF/sam/utils/cmsis/sam3x/source/templates/exceptions.o
                                                  src/ASF/sam/utils/cmsis/sam3x/source/templates/gcc/startup_sam3x.o
SUPC_Handler                                      src/ASF/sam/utils/cmsis/sam3x/source/templates/exceptions.o
                                                  src/ASF/sam/utils/cmsis/sam3x/source/templates/gcc/startup_sam3x.o
SVC_Handler                                       src/ASF/sam/utils/cmsis/sam3x/source/templates/exceptions.o
                                                  src/ASF/sam/utils/cmsis/sam3x/source/templates/gcc/startup_sam3x.o
SysTick_Handler                                   src/ASF/sam/utils/cmsis/sam3x/source/templates/exceptions.o
                                                  src/ASF/sam/utils/cmsis/sam3x/source/templates/gcc/startup_sam3x.o
SystemCoreClock                                   src/ASF/sam/utils/cmsis/sam3x/source/templates/system_sam3x.o
SystemCoreClockUpdate                             src/ASF/sam/utils/cmsis/sam3x/source/templates/system_sam3x.o
                                                  src/ASF/common/services/clock/sam3x/sysclk.o
SystemInit                                        src/ASF/sam/utils/cmsis/sam3x/source/templates/system_sam3x.o
TC0_Handler                                       src/ASF/sam/utils/cmsis/sam3x/source/templates/exceptions.o
                                                  src/ASF/sam/utils/cmsis/sam3x/source/templates/gcc/startup_sam3x.o
TC1_Handler                                       src/ASF/sam/utils/cmsis/sam3x/source/templates/exceptions.o
                                                  src/ASF/sam/utils/cmsis/sam3x/source/templates/gcc/startup_sam3x.o
TC2_Handler                                       src/ASF/sam/utils/cmsis/sam3x/source/templates/exceptions.o
                                                  src/ASF/sam/utils/cmsis/sam3x/source/templates/gcc/startup_sam3x.o
TC3_Handler                                       src/ASF/sam/utils/cmsis/sam3x/source/templates/exceptions.o
                                                  src/ASF/sam/utils/cmsis/sam3x/source/templates/gcc/startup_sam3x.o
TC4_Handler                                       src/ASF/sam/utils/cmsis/sam3x/source/templates/exceptions.o
                                                  src/ASF/sam/utils/cmsis/sam3x/source/templates/gcc/startup_sam3x.o
TC5_Handler                                       src/ASF/sam/utils/cmsis/sam3x/source/templates/exceptions.o
                                                  src/ASF/sam/utils/cmsis/sam3x/source/templates/gcc/startup_sam3x.o
TC6_Handler                                       src/ASF/sam/utils/cmsis/sam3x/source/templates/exceptions.o
                                                  src/ASF/sam/utils/cmsis/sam3x/source/templates/gcc/startup_sam3x.o
TC7_Handler                                       src/ASF/sam/utils/cmsis/sam3x/source/templates/exceptions.o
                                                  src/ASF/sam/utils/cmsis/sam3x/source/templates/gcc/startup_sam3x.o
TC8_Handler                                       src/ASF/sam/utils/cmsis/sam3x/source/templates/exceptions.o
                                                  src/ASF/sam/utils/cmsis/sam3x/source/templates/gcc/startup_sam3x.o
TRNG_Handler                                      src/ASF/sam/utils/cmsis/sam3x/source/templates/exceptions.o
                                                  src/ASF/sam/utils/cmsis/sam3x/source/templates/gcc/startup_sam3x.o
TWI0_Handler                                      src/ASF/sam/utils/cmsis/sam3x/source/templates/exceptions.o
                                                  src/ASF/sam/utils/cmsis/sam3x/source/templates/gcc/startup_sam3x.o
TWI1_Handler                                      src/ASF/sam/utils/cmsis/sam3x/source/templates/exceptions.o
                                                  src/ASF/sam/utils/cmsis/sam3x/source/templates/gcc/startup_sam3x.o
UART_Handler                                      src/ASF/sam/utils/cmsis/sam3x/source/templates/exceptions.o
                                                  src/ASF/sam/utils/cmsis/sam3x/source/templates/gcc/startup_sam3x.o
UOTGHS_Handler                                    src/ASF/sam/utils/cmsis/sam3x/source/templates/exceptions.o
                                                  src/ASF/sam/utils/cmsis/sam3x/source/templates/gcc/startup_sam3x.o
USART0_Handler                                    src/ASF/sam/utils/cmsis/sam3x/source/templates/exceptions.o
                                                  src/ASF/sam/utils/cmsis/sam3x/source/templates/gcc/startup_sam3x.o
USART1_Handler                                    src/ASF/sam/utils/cmsis/sam3x/source/templates/exceptions.o
                                                  src/ASF/sam/utils/cmsis/sam3x/source/templates/gcc/startup_sam3x.o
USART2_Handler                                    src/ASF/sam/utils/cmsis/sam3x/source/templates/exceptions.o
                                                  src/ASF/sam/utils/cmsis/sam3x/source/templates/gcc/startup_sam3x.o
USART3_Handler                                    src/ASF/sam/utils/cmsis/sam3x/source/templates/exceptions.o
                                                  src/ASF/sam/utils/cmsis/sam3x/source/templates/gcc/startup_sam3x.o
UsageFault_Handler                                src/ASF/sam/utils/cmsis/sam3x/source/templates/exceptions.o
                                                  src/ASF/sam/utils/cmsis/sam3x/source/templates/gcc/startup_sam3x.o
WDT_Handler                                       src/ASF/sam/utils/cmsis/sam3x/source/templates/exceptions.o
                                                  src/ASF/sam/utils/cmsis/sam3x/source/templates/gcc/startup_sam3x.o
_Balloc                                           c:/program files (x86)/atmel/studio/7.0/toolchain/arm/arm-gnu-toolchain/bin/../lib/gcc/arm-none-eabi/4.9.3/../../../../arm-none-eabi/lib/armv7-m\libc.a(lib_a-mprec.o)
                                                  c:/program files (x86)/atmel/studio/7.0/toolchain/arm/arm-gnu-toolchain/bin/../lib/gcc/arm-none-eabi/4.9.3/../../../../arm-none-eabi/lib/armv7-m\libc.a(lib_a-dtoa.o)
_Bfree                                            c:/program files (x86)/atmel/studio/7.0/toolchain/arm/arm-gnu-toolchain/bin/../lib/gcc/arm-none-eabi/4.9.3/../../../../arm-none-eabi/lib/armv7-m\libc.a(lib_a-mprec.o)
                                                  c:/program files (x86)/atmel/studio/7.0/toolchain/arm/arm-gnu-toolchain/bin/../lib/gcc/arm-none-eabi/4.9.3/../../../../arm-none-eabi/lib/armv7-m\libc.a(lib_a-dtoa.o)
_Jv_RegisterClasses                               c:/program files (x86)/atmel/studio/7.0/toolchain/arm/arm-gnu-toolchain/bin/../lib/gcc/arm-none-eabi/4.9.3/armv7-m/crtbegin.o
_PathLocale                                       c:/program files (x86)/atmel/studio/7.0/toolchain/arm/arm-gnu-toolchain/bin/../lib/gcc/arm-none-eabi/4.9.3/../../../../arm-none-eabi/lib/armv7-m\libc.a(lib_a-locale.o)
__adddf3                                          c:/program files (x86)/atmel/studio/7.0/toolchain/arm/arm-gnu-toolchain/bin/../lib/gcc/arm-none-eabi/4.9.3/armv7-m\libgcc.a(_arm_addsubdf3.o)