Archive member included because of file (symbol)

c:/program files (x86)/atmel/studio/7.0/toolchain/arm/arm-gnu-toolchain/bin/../lib/gcc/arm-none-eabi/4.9.3/../../../../arm-none-eabi/lib/armv7-m\libc.a(lib_a-exit.o)
                              c:/program files (x86)/atmel/studio/7.0/toolchain/arm/arm-gnu-toolchain/bin/../lib/gcc/arm-none-eabi/4.9.3/../../../../arm-none-eabi/lib/armv7-m/crt0.o (exit)
c:/program files (x86)/atmel/studio/7.0/toolchain/arm/arm-gnu-toolchain/bin/../lib/gcc/arm-none-eabi/4.9.3/../../../../arm-none-eabi/lib/armv7-m\libc.a(lib_a-impure.o)
                              c:/program files (x86)/atmel/studio/7.0/toolchain/arm/arm-gnu-toolchain/bin/../lib/gcc/arm-none-eabi/4.9.3/../../../../arm-none-eabi/lib/armv7-m\libc.a(lib_a-exit.o) (_global_impure_ptr)
c:/program files (x86)/atmel/studio/7.0/toolchain/arm/arm-gnu-toolchain/bin/../lib/gcc/arm-none-eabi/4.9.3/../../../../arm-none-eabi/lib/armv7-m\libc.a(lib_a-init.o)
                              c:/program files (x86)/atmel/studio/7.0/toolchain/arm/arm-gnu-toolchain/bin/../lib/gcc/arm-none-eabi/4.9.3/../../../../arm-none-eabi/lib/armv7-m/crt0.o (__libc_init_array)
c:/program files (x86)/atmel/studio/7.0/toolchain/arm/arm-gnu-toolchain/bin/../lib/gcc/arm-none-eabi/4.9.3/../../../../arm-none-eabi/lib/armv7-m\libc.a(lib_a-iprintf.o)
                              src/ASF/sam/drivers/adc/adc.o (iprintf)
c:/program files (x86)/atmel/studio/7.0/toolchain/arm/arm-gnu-toolchain/bin/../lib/gcc/arm-none-eabi/4.9.3/../../../../arm-none-eabi/lib/armv7-m\libc.a(lib_a-memset.o)
                              c:/program files (x86)/atmel/studio/7.0/toolchain/arm/arm-gnu-toolchain/bin/../lib/gcc/arm-none-eabi/4.9.3/../../../../arm-none-eabi/lib/armv7-m/crt0.o (memset)
c:/program files (x86)/atmel/studio/7.0/toolchain/arm/arm-gnu-toolchain/bin/../lib/gcc/arm-none-eabi/4.9.3/../../../../arm-none-eabi/lib/armv7-m\libc.a(lib_a-puts.o)
                              src/ASF/sam/drivers/adc/adc.o (puts)
c:/program files (x86)/atmel/studio/7.0/toolchain/arm/arm-gnu-toolchain/bin/../lib/gcc/arm-none-eabi/4.9.3/../../../../arm-none-eabi/lib/armv7-m\libc.a(lib_a-sprintf.o)
                              src/matlab_coms/matlab_functions.o (sprintf)
c:/program files (x86)/atmel/studio/7.0/toolchain/arm/arm-gnu-toolchain/bin/../lib/gcc/arm-none-eabi/4.9.3/../../../../arm-none-eabi/lib/armv7-m\libc.a(lib_a-strlen.o)
                              c:/program files (x86)/atmel/studio/7.0/toolchain/arm/arm-gnu-toolchain/bin/../lib/gcc/arm-none-eabi/4.9.3/../../../../arm-none-eabi/lib/armv7-m\libc.a(lib_a-puts.o) (strlen)
c:/program files (x86)/atmel/studio/7.0/toolchain/arm/arm-gnu-toolchain/bin/../lib/gcc/arm-none-eabi/4.9.3/../../../../arm-none-eabi/lib/armv7-m\libc.a(lib_a-svfprintf.o)
                              c:/program files (x86)/atmel/studio/7.0/toolchain/arm/arm-gnu-toolchain/bin/../lib/gcc/arm-none-eabi/4.9.3/../../../../arm-none-eabi/lib/armv7-m\libc.a(lib_a-sprintf.o) (_svfprintf_r)
c:/program files (x86)/atmel/studio/7.0/toolchain/arm/arm-gnu-toolchain/bin/../lib/gcc/arm-none-eabi/4.9.3/../../../../arm-none-eabi/lib/armv7-m\libc.a(lib_a-vfiprintf.o)
                              c:/program files (x86)/atmel/studio/7.0/toolchain/arm/arm-gnu-toolchain/bin/../lib/gcc/arm-none-eabi/4.9.3/../../../../arm-none-eabi/lib/armv7-m\libc.a(lib_a-iprintf.o) (_vfiprintf_r)
c:/program files (x86)/atmel/studio/7.0/toolchain/arm/arm-gnu-toolchain/bin/../lib/gcc/arm-none-eabi/4.9.3/../../../../arm-none-eabi/lib/armv7-m\libc.a(lib_a-wsetup.o)
                              c:/program files (x86)/atmel/studio/7.0/toolchain/arm/arm-gnu-toolchain/bin/../lib/gcc/arm-none-eabi/4.9.3/../../../../arm-none-eabi/lib/armv7-m\libc.a(lib_a-vfiprintf.o) (__swsetup_r)
c:/program files (x86)/atmel/studio/7.0/toolchain/arm/arm-gnu-toolchain/bin/../lib/gcc/arm-none-eabi/4.9.3/../../../../arm-none-eabi/lib/armv7-m\libc.a(lib_a-__call_atexit.o)
                              c:/program files (x86)/atmel/studio/7.0/toolchain/arm/arm-gnu-toolchain/bin/../lib/gcc/arm-none-eabi/4.9.3/../../../../arm-none-eabi/lib/armv7-m\libc.a(lib_a-exit.o) (__call_exitprocs)
c:/program files (x86)/atmel/studio/7.0/toolchain/arm/arm-gnu-toolchain/bin/../lib/gcc/arm-none-eabi/4.9.3/../../../../arm-none-eabi/lib/armv7-m\libc.a(lib_a-atexit.o)
                              c:/program files (x86)/atmel/studio/7.0/toolchain/arm/arm-gnu-toolchain/bin/../lib/gcc/arm-none-eabi/4.9.3/../../../../arm-none-eabi/lib/armv7-m\libc.a(lib_a-__call_atexit.o) (atexit)
c:/program files (x86)/atmel/studio/7.0/toolchain/arm/arm-gnu-toolchain/bin/../lib/gcc/arm-none-eabi/4.9.3/../../../../arm-none-eabi/lib/armv7-m\libc.a(lib_a-dtoa.o)
                              c:/program files (x86)/atmel/studio/7.0/toolchain/arm/arm-gnu-toolchain/bin/../lib/gcc/arm-none-eabi/4.9.3/../../../../arm-none-eabi/lib/armv7-m\libc.a(lib_a-svfprintf.o) (_dtoa_r)
[...]
Memory Configuration

Name             Origin             Length             Attributes
rom              0x00080000         0x00080000         xr
sram0            0x20000000         0x00010000         xrw
sram1            0x20080000         0x00008000         xrw
ram              0x20070000         0x00018000         xrw
*default*        0x00000000         0xffffffff

Linker script and memory map

LOAD c:/program files (x86)/atmel/studio/7.0/toolchain/arm/arm-gnu-toolchain/bin/../lib/gcc/arm-none-eabi/4.9.3/armv7-m/crti.o
LOAD c:/program files (x86)/atmel/studio/7.0/toolchain/arm/arm-gnu-toolchain/bin/../lib/gcc/arm-none-eabi/4.9.3/armv7-m/crtbegin.o
LOAD c:/program files (x86)/atmel/studio/7.0/toolchain/arm/arm-gnu-toolchain/bin/../lib/gcc/arm-none-eabi/4.9.3/../../../../arm-none-eabi/lib/armv7-m/crt0.o
LOAD src/ASF/sam/drivers/adc/adc.o
LOAD src/common/pin_mapper.o
LOAD src/io_control/analog_output.o
LOAD src/io_control/dac.o
LOAD src/io_control/io_uart.o
LOAD src/matlab_coms/matlab_functions.o
LOAD src/matlab_coms/matlab_state.o
LOAD src/ASF/sam/drivers/adc/adc_sam3u.o
LOAD src/ASF/common/services/delay/sam/cycle_counter.o
LOAD src/ASF/sam/drivers/dacc/dacc.o
LOAD src/ASF/sam/drivers/pwm/pwm.o
LOAD src/io_control/adc.o
LOAD src/ASF/common/services/clock/sam3x/sysclk.o
LOAD src/ASF/common/utils/interrupt/interrupt_sam_nvic.o
LOAD src/ASF/sam/boards/arduino_due_x/init.o
LOAD src/ASF/sam/drivers/pio/pio.o
LOAD src/ASF/sam/drivers/pio/pio_handler.o
LOAD src/ASF/sam/drivers/pmc/pmc.o
LOAD src/ASF/sam/drivers/pmc/sleep.o
LOAD src/ASF/sam/utils/cmsis/sam3x/source/templates/exceptions.o
LOAD src/ASF/sam/utils/cmsis/sam3x/source/templates/gcc/startup_sam3x.o
LOAD src/ASF/sam/utils/cmsis/sam3x/source/templates/system_sam3x.o
LOAD src/ASF/sam/utils/syscalls/gcc/syscalls.o
LOAD src/main.o
START GROUP
LOAD ../src/ASF/thirdparty/CMSIS/Lib/GCC\libarm_cortexM3l_math.a
LOAD c:/program files (x86)/atmel/studio/7.0/toolchain/arm/arm-gnu-toolchain/bin/../lib/gcc/arm-none-eabi/4.9.3/../../../../arm-none-eabi/lib/armv7-m\libm.a
END GROUP
START GROUP
LOAD c:/program files (x86)/atmel/studio/7.0/toolchain/arm/arm-gnu-toolchain/bin/../lib/gcc/arm-none-eabi/4.9.3/armv7-m\libgcc.a
LOAD c:/program files (x86)/atmel/studio/7.0/toolchain/arm/arm-gnu-toolchain/bin/../lib/gcc/arm-none-eabi/4.9.3/../../../../arm-none-eabi/lib/armv7-m\libc.a
END GROUP
LOAD c:/program files (x86)/atmel/studio/7.0/toolchain/arm/arm-gnu-toolchain/bin/../lib/gcc/arm-none-eabi/4.9.3/armv7-m/crtend.o
LOAD c:/program files (x86)/atmel/studio/7.0/toolchain/arm/arm-gnu-toolchain/bin/../lib/gcc/arm-none-eabi/4.9.3/armv7-m/crtn.o
                0x00002000                __stack_size__ = DEFINED (__stack_size__)?__stack_size__:0x2000
                0x20087ffc                __ram_end__ = ((ORIGIN (ram) + 0x18000) - 0x4)

.text           0x00080000     0x5d64
                0x00080000                . = ALIGN (0x4)
                0x00080000                _sfixed = .
 *(.vectors .vectors.*)
 .vectors       0x00080000       0xf4 src/ASF/sam/utils/cmsis/sam3x/source/templates/gcc/startup_sam3x.o
                0x00080000                exception_table
 *(.text .text.* .gnu.linkonce.t.*)
 .text          0x000800f4       0x5c c:/program files (x86)/atmel/studio/7.0/toolchain/arm/arm-gnu-toolchain/bin/../lib/gcc/arm-none-eabi/4.9.3/armv7-m/crtbegin.o
 .text.adc_init
                0x00080150       0x34 src/ASF/sam/drivers/adc/adc.o
                0x00080150                adc_init
 .text.adc_set_resolution
                0x00080184       0x10 src/ASF/sam/drivers/adc/adc.o
                0x00080184                adc_set_resolution
 .text.adc_configure_trigger
                0x00080194       0x10 src/ASF/sam/drivers/adc/adc.o
                0x00080194                adc_configure_trigger
 .text.adc_configure_timing
                0x000801a4       0x20 src/ASF/sam/drivers/adc/adc.o
                0x000801a4                adc_configure_timing
 .text.adc_start
                0x000801c4        0x8 src/ASF/sam/drivers/adc/adc.o
                0x000801c4                adc_start
 .text.adc_enable_channel
                0x000801cc        0x8 src/ASF/sam/drivers/adc/adc.o
                0x000801cc                adc_enable_channel
 .text.adc_enable_all_channel
                0x000801d4        0x8 src/ASF/sam/drivers/adc/adc.o
                0x000801d4                adc_enable_all_channel
 .text.pin_mapper
                0x000801dc        0xc src/common/pin_mapper.o
                0x000801dc                pin_mapper
 .text.map_value
                0x000801e8       0x1c src/common/pin_mapper.o
                0x000801e8                map_value
 .text.pwm_set_duty
                0x00080204       0x1c src/io_control/analog_output.o
                0x00080204                pwm_set_duty
 .text.pwm_setup
                0x00080220       0x94 src/io_control/analog_output.o
                0x00080220                pwm_setup
 .text.dac_setup
                0x000802b4       0x54 src/io_control/dac.o
                0x000802b4                dac_setup
 .text.dac_write
                0x00080308       0x2c src/io_control/dac.o
                0x00080308                dac_write
 .text.uart_config
                0x00080334       0x3c src/io_control/io_uart.o
                0x00080334                uart_config
 .text.uart_transmitter_ready
                0x00080370       0x10 src/io_control/io_uart.o
                0x00080370                uart_transmitter_ready
 .text.uart_receiver_ready
                0x00080380       0x10 src/io_control/io_uart.o
                0x00080380                uart_receiver_ready
 .text.uart_send_char
                0x00080390        0xc src/io_control/io_uart.o
                0x00080390                uart_send_char
 .text.uart_receive_char
                0x0008039c        0xc src/io_control/io_uart.o
                0x0008039c                uart_receive_char
 .text.io_pin_dir
                0x000803a8       0x44 src/matlab_coms/matlab_functions.o
                0x000803a8                io_pin_dir
 .text.io_pin_level
                0x000803ec       0x34 src/matlab_coms/matlab_functions.o
                0x000803ec                io_pin_level
 .text.io_pin_status
                0x00080420       0x2c src/matlab_coms/matlab_functions.o
                0x00080420                io_pin_status
 .text.io_pwm_duty
                0x0008044c        0xc src/matlab_coms/matlab_functions.o
                0x0008044c                io_pwm_duty
 .text.io_adc_value
                0x00080458        0xc src/matlab_coms/matlab_functions.o
                0x00080458                io_adc_value
 .text.send_char_term
                0x00080464       0x2c src/matlab_coms/matlab_functions.o
                0x00080464                send_char_term
 .text.send_char_no_term
                0x00080490       0x1c src/matlab_coms/matlab_functions.o
                0x00080490                send_char_no_term
 .text.read_char
                0x000804ac       0x1c src/matlab_coms/matlab_functions.o
                0x000804ac                read_char
 .text.read_when_ready
                0x000804c8       0x18 src/matlab_coms/matlab_functions.o
                0x000804c8                read_when_ready
 .text.send_number
                0x000804e0       0x3c src/matlab_coms/matlab_functions.o
                0x000804e0                send_number
 .text.io_dac_value
                0x0008051c        0xc src/matlab_coms/matlab_functions.o
                0x0008051c                io_dac_value
 .text.start_coms
                0x00080528       0xe0 src/matlab_coms/matlab_state.o
                0x00080528                start_coms
 .text.dacc_reset
                0x00080608        0x8 src/ASF/sam/drivers/dacc/dacc.o
                0x00080608                dacc_reset
 .text.dacc_set_transfer_mode
                0x00080610       0x18 src/ASF/sam/drivers/dacc/dacc.o
                0x00080610                dacc_set_transfer_mode
 .text.dacc_write_conversion_data
                0x00080628        0x4 src/ASF/sam/drivers/dacc/dacc.o
                0x00080628                dacc_write_conversion_data
 .text.dacc_set_channel_selection
                0x0008062c       0x18 src/ASF/sam/drivers/dacc/dacc.o
                0x0008062c                dacc_set_channel_selection
 .text.dacc_set_timing
                0x00080644       0x30 src/ASF/sam/drivers/dacc/dacc.o
                0x00080644                dacc_set_timing
 .text.dacc_enable_channel
                0x00080674       0x14 src/ASF/sam/drivers/dacc/dacc.o
                0x00080674                dacc_enable_channel
 .text.pwm_clocks_generate
                0x00080688       0x54 src/ASF/sam/drivers/pwm/pwm.o
 .text.pwm_init
                0x000806dc       0x4c src/ASF/sam/drivers/pwm/pwm.o
                0x000806dc                pwm_init
 .text.pwm_channel_init
                0x00080728      0x108 src/ASF/sam/drivers/pwm/pwm.o
                0x00080728                pwm_channel_init
 .text.pwm_channel_update_duty
                0x00080830       0x24 src/ASF/sam/drivers/pwm/pwm.o
                0x00080830                pwm_channel_update_duty
 .text.pwm_channel_enable
                0x00080854        0x8 src/ASF/sam/drivers/pwm/pwm.o
                0x00080854                pwm_channel_enable
 .text.pwm_channel_disable
                0x0008085c        0x8 src/ASF/sam/drivers/pwm/pwm.o
                0x0008085c                pwm_channel_disable
 .text.init_adc
                0x00080864       0x7c src/io_control/adc.o
                0x00080864                init_adc
 .text.read_adc_value
                0x000808e0       0x20 src/io_control/adc.o
                0x000808e0                read_adc_value
 .text.sysclk_init
                0x00080900       0x64 src/ASF/common/services/clock/sam3x/sysclk.o
                0x00080900                sysclk_init
 .text.board_init
                0x00080964       0x80 src/ASF/sam/boards/arduino_due_x/init.o
                0x00080964                board_init
 .text.pio_set_peripheral
                0x000809e4       0x40 src/ASF/sam/drivers/pio/pio.o
                0x000809e4                pio_set_peripheral
 .text.pio_set_input
                0x00080a24       0x34 src/ASF/sam/drivers/pio/pio.o
                0x00080a24                pio_set_input
 .text.pio_set_output
                0x00080a58       0x28 src/ASF/sam/drivers/pio/pio.o
                0x00080a58                pio_set_output
 .text.pio_get_interrupt_status
                0x00080a80        0x4 src/ASF/sam/drivers/pio/pio.o
                0x00080a80                pio_get_interrupt_status
 .text.pio_get_interrupt_mask
                0x00080a84        0x4 src/ASF/sam/drivers/pio/pio.o
                0x00080a84                pio_get_interrupt_mask
 .text.pio_configure_pin
                0x00080a88       0xd4 src/ASF/sam/drivers/pio/pio.o
                0x00080a88                pio_configure_pin
 .text.pio_configure_pin_group
                0x00080b5c       0xa0 src/ASF/sam/drivers/pio/pio.o
                0x00080b5c                pio_configure_pin_group
 .text.pio_handler_process
                0x00080bfc       0x50 src/ASF/sam/drivers/pio/pio_handler.o
                0x00080bfc                pio_handler_process
 .text.PIOA_Handler
                0x00080c4c       0x14 src/ASF/sam/drivers/pio/pio_handler.o
                0x00080c4c                PIOA_Handler
 .text.PIOB_Handler
                0x00080c60       0x14 src/ASF/sam/drivers/pio/pio_handler.o
                0x00080c60                PIOB_Handler
 .text.PIOC_Handler
                0x00080c74       0x14 src/ASF/sam/drivers/pio/pio_handler.o
                0x00080c74                PIOC_Handler
 .text.PIOD_Handler
                0x00080c88       0x14 src/ASF/sam/drivers/pio/pio_handler.o
                0x00080c88                PIOD_Handler
 .text.pmc_switch_mck_to_pllack
                0x00080c9c       0x68 src/ASF/sam/drivers/pmc/pmc.o
                0x00080c9c                pmc_switch_mck_to_pllack
 .text.pmc_switch_mainck_to_xtal
                0x00080d04       0x54 src/ASF/sam/drivers/pmc/pmc.o
                0x00080d04                pmc_switch_mainck_to_xtal
 .text.pmc_osc_is_ready_mainck
                0x00080d58       0x10 src/ASF/sam/drivers/pmc/pmc.o
                0x00080d58                pmc_osc_is_ready_mainck
 .text.pmc_disable_pllack
                0x00080d68       0x10 src/ASF/sam/drivers/pmc/pmc.o
                0x00080d68                pmc_disable_pllack
 .text.pmc_is_locked_pllack
                0x00080d78       0x10 src/ASF/sam/drivers/pmc/pmc.o
                0x00080d78                pmc_is_locked_pllack
 .text.pmc_enable_periph_clk
                0x00080d88       0x54 src/ASF/sam/drivers/pmc/pmc.o
                0x00080d88                pmc_enable_periph_clk
 .text.Dummy_Handler
                0x00080ddc        0x4 src/ASF/sam/utils/cmsis/sam3x/source/templates/exceptions.o
                0x00080ddc                DACC_Handler
                0x00080ddc                DebugMon_Handler
                0x00080ddc                DMAC_Handler
                0x00080ddc                TRNG_Handler
                0x00080ddc                HardFault_Handler
                0x00080ddc                TC2_Handler
                0x00080ddc                SysTick_Handler
                0x00080ddc                USART3_Handler
                0x00080ddc                TWI1_Handler
                0x00080ddc                PendSV_Handler
                0x00080ddc                NMI_Handler
                0x00080ddc                TC7_Handler
                0x00080ddc                ADC_Handler
                0x00080ddc                SMC_Handler
                0x00080ddc                USART0_Handler
                0x00080ddc                RTT_Handler
                0x00080ddc                EFC1_Handler
                0x00080ddc                RTC_Handler
                0x00080ddc                UsageFault_Handler
                0x00080ddc                TC6_Handler
                0x00080ddc                WDT_Handler
                0x00080ddc                CAN0_Handler
                0x00080ddc                TC4_Handler
                0x00080ddc                TC1_Handler
                0x00080ddc                HSMCI_Handler
                0x00080ddc                TC3_Handler
                0x00080ddc                Dummy_Handler
                0x00080ddc                TWI0_Handler
                0x00080ddc                USART1_Handler
                0x00080ddc                SSC_Handler
                0x00080ddc                EFC0_Handler
                0x00080ddc                PMC_Handler
                0x00080ddc                PWM_Handler
                0x00080ddc                CAN1_Handler
                0x00080ddc                MemManage_Handler
                0x00080ddc                SUPC_Handler
                0x00080ddc                SVC_Handler
                0x00080ddc                TC8_Handler
                0x00080ddc                USART2_Handler
                0x00080ddc                EMAC_Handler
                0x00080ddc                UART_Handler
                0x00080ddc                BusFault_Handler
                0x00080ddc                RSTC_Handler
                0x00080ddc                TC0_Handler
                0x00080ddc                TC5_Handler
                0x00080ddc                UOTGHS_Handler
                0x00080ddc                SPI0_Handler
 .text.Reset_Handler
                0x00080de0       0xb0 src/ASF/sam/utils/cmsis/sam3x/source/templates/gcc/startup_sam3x.o
                0x00080de0                Reset_Handler
 .text.SystemCoreClockUpdate
                0x00080e90      0x11c src/ASF/sam/utils/cmsis/sam3x/source/templates/system_sam3x.o
                0x00080e90                SystemCoreClockUpdate
 .text._sbrk    0x00080fac       0x34 src/ASF/sam/utils/syscalls/gcc/syscalls.o
                0x00080fac                _sbrk
 .text.main     0x00080fe0       0x44 src/main.o
                0x00080fe0                main
 .text.__libc_init_array
                0x00081024       0x50 c:/program files (x86)/atmel/studio/7.0/toolchain/arm/arm-gnu-toolchain/bin/../lib/gcc/arm-none-eabi/4.9.3/../../../../arm-none-eabi/lib/armv7-m\libc.a(lib_a-init.o)
                0x00081024                __libc_init_array
 .text.memset   0x00081074       0x9c c:/program files (x86)/atmel/studio/7.0/toolchain/arm/arm-gnu-toolchain/bin/../lib/gcc/arm-none-eabi/4.9.3/../../../../arm-none-eabi/lib/armv7-m\libc.a(lib_a-memset.o)
                0x00081074                memset
 .text.sprintf  0x00081110       0x4c c:/program files (x86)/atmel/studio/7.0/toolchain/arm/arm-gnu-toolchain/bin/../lib/gcc/arm-none-eabi/4.9.3/../../../../arm-none-eabi/lib/armv7-m\libc.a(lib_a-sprintf.o)
                0x00081110                sprintf
 .text.strlen   0x0008115c       0x5c c:/program files (x86)/atmel/studio/7.0/toolchain/arm/arm-gnu-toolchain/bin/../lib/gcc/arm-none-eabi/4.9.3/../../../../arm-none-eabi/lib/armv7-m\libc.a(lib_a-strlen.o)
                0x0008115c                strlen
 .text._svfprintf_r
                0x000811b8     0x14f4 c:/program files (x86)/atmel/studio/7.0/toolchain/arm/arm-gnu-toolchain/bin/../lib/gcc/arm-none-eabi/4.9.3/../../../../arm-none-eabi/lib/armv7-m\libc.a(lib_a-svfprintf.o)
                0x000811b8                _svfprintf_r
 .text.startup.register_fini
                0x000826ac       0x14 c:/program files (x86)/atmel/studio/7.0/toolchain/arm/arm-gnu-toolchain/bin/../lib/gcc/arm-none-eabi/4.9.3/../../../../arm-none-eabi/lib/armv7-m\libc.a(lib_a-__call_atexit.o)
 .text.atexit   0x000826c0        0xc c:/program files (x86)/atmel/studio/7.0/toolchain/arm/arm-gnu-toolchain/bin/../lib/gcc/arm-none-eabi/4.9.3/../../../../arm-none-eabi/lib/armv7-m\libc.a(lib_a-atexit.o)
                0x000826c0                atexit
 .text.quorem   0x000826cc      0x130 c:/program files (x86)/atmel/studio/7.0/toolchain/arm/arm-gnu-toolchain/bin/../lib/gcc/arm-none-eabi/4.9.3/../../../../arm-none-eabi/lib/armv7-m\libc.a(lib_a-dtoa.o)
 *fill*         0x000827fc        0x4 
 .text._dtoa_r  0x00082800      0xea4 c:/program files (x86)/atmel/studio/7.0/toolchain/arm/arm-gnu-toolchain/bin/../lib/gcc/arm-none-eabi/4.9.3/../../../../arm-none-eabi/lib/armv7-m\libc.a(lib_a-dtoa.o)
                0x00082800                _dtoa_r
 .text.__libc_fini_array
                0x000836a4       0x2c c:/program files (x86)/atmel/studio/7.0/toolchain/arm/arm-gnu-toolchain/bin/../lib/gcc/arm-none-eabi/4.9.3/../../../../arm-none-eabi/lib/armv7-m\libc.a(lib_a-fini.o)
                0x000836a4                __libc_fini_array
 .text._malloc_trim_r
                0x000836d0       0x9c c:/program files (x86)/atmel/studio/7.0/toolchain/arm/arm-gnu-toolchain/bin/../lib/gcc/arm-none-eabi/4.9.3/../../../../arm-none-eabi/lib/armv7-m\libc.a(lib_a-freer.o)
                0x000836d0                _malloc_trim_r
 .text._free_r  0x0008376c      0x1b0 c:/program files (x86)/atmel/studio/7.0/toolchain/arm/arm-gnu-toolchain/bin/../lib/gcc/arm-none-eabi/4.9.3/../../../../arm-none-eabi/lib/armv7-m\libc.a(lib_a-freer.o)
                0x0008376c                _free_r
 .text._localeconv_r
                0x0008391c        0x8 c:/program files (x86)/atmel/studio/7.0/toolchain/arm/arm-gnu-toolchain/bin/../lib/gcc/arm-none-eabi/4.9.3/../../../../arm-none-eabi/lib/armv7-m\libc.a(lib_a-locale.o)
                0x0008391c                _localeconv_r
 .text._malloc_r
                0x00083924      0x50c c:/program files (x86)/atmel/studio/7.0/toolchain/arm/arm-gnu-toolchain/bin/../lib/gcc/arm-none-eabi/4.9.3/../../../../arm-none-eabi/lib/armv7-m\libc.a(lib_a-mallocr.o)
                0x00083924                _malloc_r
 .text.memchr   0x00083e30       0x94 c:/program files (x86)/atmel/studio/7.0/toolchain/arm/arm-gnu-toolchain/bin/../lib/gcc/arm-none-eabi/4.9.3/../../../../arm-none-eabi/lib/armv7-m\libc.a(lib_a-memchr.o)
                0x00083e30                memchr
 .text          0x00083ec4       0xec c:/program files (x86)/atmel/studio/7.0/toolchain/arm/arm-gnu-toolchain/bin/../lib/gcc/arm-none-eabi/4.9.3/../../../../arm-none-eabi/lib/armv7-m\libc.a(lib_a-memcpy.o)
                0x00083ec4                memcpy
 .text.memmove  0x00083fb0       0xc8 c:/program files (x86)/atmel/studio/7.0/toolchain/arm/arm-gnu-toolchain/bin/../lib/gcc/arm-none-eabi/4.9.3/../../../../arm-none-eabi/lib/armv7-m\libc.a(lib_a-memmove.o)
                0x00083fb0                memmove
 .text.__malloc_lock
                0x00084078        0x4 c:/program files (x86)/atmel/studio/7.0/toolchain/arm/arm-gnu-toolchain/bin/../lib/gcc/arm-none-eabi/4.9.3/../../../../arm-none-eabi/lib/armv7-m\libc.a(lib_a-mlock.o)
                0x00084078                __malloc_lock
 .text.__malloc_unlock
                0x0008407c        0x4 c:/program files (x86)/atmel/studio/7.0/toolchain/arm/arm-gnu-toolchain/bin/../lib/gcc/arm-none-eabi/4.9.3/../../../../arm-none-eabi/lib/armv7-m\libc.a(lib_a-mlock.o)
                0x0008407c                __malloc_unlock
 .text._Balloc  0x00084080       0x50 c:/program files (x86)/atmel/studio/7.0/toolchain/arm/arm-gnu-toolchain/bin/../lib/gcc/arm-none-eabi/4.9.3/../../../../arm-none-eabi/lib/armv7-m\libc.a(lib_a-mprec.o)
                0x00084080                _Balloc
 .text._Bfree   0x000840d0       0x14 c:/program files (x86)/atmel/studio/7.0/toolchain/arm/arm-gnu-toolchain/bin/../lib/gcc/arm-none-eabi/4.9.3/../../../../arm-none-eabi/lib/armv7-m\libc.a(lib_a-mprec.o)
                0x000840d0                _Bfree
 .text.__multadd
                0x000840e4       0x84 c:/program files (x86)/atmel/studio/7.0/toolchain/arm/arm-gnu-toolchain/bin/../lib/gcc/arm-none-eabi/4.9.3/../../../../arm-none-eabi/lib/armv7-m\libc.a(lib_a-mprec.o)
                0x000840e4                __multadd
 .text.__hi0bits
                0x00084168       0x40 c:/program files (x86)/atmel/studio/7.0/toolchain/arm/arm-gnu-toolchain/bin/../lib/gcc/arm-none-eabi/4.9.3/../../../../arm-none-eabi/lib/armv7-m\libc.a(lib_a-mprec.o)
                0x00084168                __hi0bits
 .text.__lo0bits
                0x000841a8       0x5c c:/program files (x86)/atmel/studio/7.0/toolchain/arm/arm-gnu-toolchain/bin/../lib/gcc/arm-none-eabi/4.9.3/../../../../arm-none-eabi/lib/armv7-m\libc.a(lib_a-mprec.o)
                0x000841a8                __lo0bits
 .text.__i2b    0x00084204       0x14 c:/program files (x86)/atmel/studio/7.0/toolchain/arm/arm-gnu-toolchain/bin/../lib/gcc/arm-none-eabi/4.9.3/../../../../arm-none-eabi/lib/armv7-m\libc.a(lib_a-mprec.o)
                0x00084204                __i2b
 .text.__multiply
                0x00084218      0x140 c:/program files (x86)/atmel/studio/7.0/toolchain/arm/arm-gnu-toolchain/bin/../lib/gcc/arm-none-eabi/4.9.3/../../../../arm-none-eabi/lib/armv7-m\libc.a(lib_a-mprec.o)
                0x00084218                __multiply
 .text.__pow5mult
                0x00084358       0xa0 c:/program files (x86)/atmel/studio/7.0/toolchain/arm/arm-gnu-toolchain/bin/../lib/gcc/arm-none-eabi/4.9.3/../../../../arm-none-eabi/lib/armv7-m\libc.a(lib_a-mprec.o)
                0x00084358                __pow5mult
 .text.__lshift
                0x000843f8       0xb0 c:/program files (x86)/atmel/studio/7.0/toolchain/arm/arm-gnu-toolchain/bin/../lib/gcc/arm-none-eabi/4.9.3/../../../../arm-none-eabi/lib/armv7-m\libc.a(lib_a-mprec.o)
                0x000843f8                __lshift
 .text.__mcmp   0x000844a8       0x48 c:/program files (x86)/atmel/studio/7.0/toolchain/arm/arm-gnu-toolchain/bin/../lib/gcc/arm-none-eabi/4.9.3/../../../../arm-none-eabi/lib/armv7-m\libc.a(lib_a-mprec.o)
                0x000844a8                __mcmp
 .text.__mdiff  0x000844f0       0xe4 c:/program files (x86)/atmel/studio/7.0/toolchain/arm/arm-gnu-toolchain/bin/../lib/gcc/arm-none-eabi/4.9.3/../../../../arm-none-eabi/lib/armv7-m\libc.a(lib_a-mprec.o)
                0x000844f0                __mdiff
 .text.__d2b    0x000845d4       0xa8 c:/program files (x86)/atmel/studio/7.0/toolchain/arm/arm-gnu-toolchain/bin/../lib/gcc/arm-none-eabi/4.9.3/../../../../arm-none-eabi/lib/armv7-m\libc.a(lib_a-mprec.o)
                0x000845d4                __d2b
 .text._realloc_r
                0x0008467c      0x3e0 c:/program files (x86)/atmel/studio/7.0/toolchain/arm/arm-gnu-toolchain/bin/../lib/gcc/arm-none-eabi/4.9.3/../../../../arm-none-eabi/lib/armv7-m\libc.a(lib_a-reallocr.o)
                0x0008467c                _realloc_r
 .text.__fpclassifyd
                0x00084a5c       0x58 c:/program files (x86)/atmel/studio/7.0/toolchain/arm/arm-gnu-toolchain/bin/../lib/gcc/arm-none-eabi/4.9.3/../../../../arm-none-eabi/lib/armv7-m\libc.a(lib_a-s_fpclassify.o)
                0x00084a5c                __fpclassifyd
 .text._sbrk_r  0x00084ab4       0x24 c:/program files (x86)/atmel/studio/7.0/toolchain/arm/arm-gnu-toolchain/bin/../lib/gcc/arm-none-eabi/4.9.3/../../../../arm-none-eabi/lib/armv7-m\libc.a(lib_a-sbrkr.o)
                0x00084ab4                _sbrk_r
 .text.__ssprint_r
                0x00084ad8      0x104 c:/program files (x86)/atmel/studio/7.0/toolchain/arm/arm-gnu-toolchain/bin/../lib/gcc/arm-none-eabi/4.9.3/../../../../arm-none-eabi/lib/armv7-m\libc.a(lib_a-svfiprintf.o)
                0x00084ad8                __ssprint_r
 .text.__register_exitproc
                0x00084bdc       0xa4 c:/program files (x86)/atmel/studio/7.0/toolchain/arm/arm-gnu-toolchain/bin/../lib/gcc/arm-none-eabi/4.9.3/../../../../arm-none-eabi/lib/armv7-m\libc.a(lib_a-__atexit.o)
                0x00084bdc                __register_exitproc
 .text._calloc_r
                0x00084c80       0x60 c:/program files (x86)/atmel/studio/7.0/toolchain/arm/arm-gnu-toolchain/bin/../lib/gcc/arm-none-eabi/4.9.3/../../../../arm-none-eabi/lib/armv7-m\libc.a(lib_a-callocr.o)
                0x00084c80                _calloc_r
 .text          0x00084ce0      0x370 c:/program files (x86)/atmel/studio/7.0/toolchain/arm/arm-gnu-toolchain/bin/../lib/gcc/arm-none-eabi/4.9.3/armv7-m\libgcc.a(_arm_addsubdf3.o)
                0x00084ce0                __aeabi_drsub
                0x00084ce8                __aeabi_dsub
                0x00084ce8                __subdf3
                0x00084cec                __aeabi_dadd
                0x00084cec                __adddf3
                0x00084f64                __floatunsidf
                0x00084f64                __aeabi_ui2d
                0x00084f84                __floatsidf
                0x00084f84                __aeabi_i2d
                0x00084fa8                __aeabi_f2d
                0x00084fa8                __extendsfdf2
                0x00084fe4                __floatundidf
                0x00084fe4                __aeabi_ul2d
                0x00084ff4                __floatdidf
                0x00084ff4                __aeabi_l2d
 .text          0x00085050      0x424 c:/program files (x86)/atmel/studio/7.0/toolchain/arm/arm-gnu-toolchain/bin/../lib/gcc/arm-none-eabi/4.9.3/armv7-m\libgcc.a(_arm_muldivdf3.o)
                0x00085050                __aeabi_dmul
                0x00085050                __muldf3
                0x000852a4                __divdf3
                0x000852a4                __aeabi_ddiv
 .text          0x00085474      0x110 c:/program files (x86)/atmel/studio/7.0/toolchain/arm/arm-gnu-toolchain/bin/../lib/gcc/arm-none-eabi/4.9.3/armv7-m\libgcc.a(_arm_cmpdf2.o)
                0x00085474                __gtdf2
                0x00085474                __gedf2
                0x0008547c                __ltdf2
                0x0008547c                __ledf2
                0x00085484                __nedf2
                0x00085484                __eqdf2
                0x00085484                __cmpdf2
                0x00085500                __aeabi_cdrcmple
                0x00085510                __aeabi_cdcmpeq
                0x00085510                __aeabi_cdcmple
                0x00085520                __aeabi_dcmpeq
                0x00085534                __aeabi_dcmplt
                0x00085548                __aeabi_dcmple
                0x0008555c                __aeabi_dcmpge
                0x00085570                __aeabi_dcmpgt
 .text          0x00085584       0x50 c:/program files (x86)/atmel/studio/7.0/toolchain/arm/arm-gnu-toolchain/bin/../lib/gcc/arm-none-eabi/4.9.3/armv7-m\libgcc.a(_arm_fixdfsi.o)
                0x00085584                __aeabi_d2iz
                0x00085584                __fixdfsi
 .text          0x000855d4       0x30 c:/program files (x86)/atmel/studio/7.0/toolchain/arm/arm-gnu-toolchain/bin/../lib/gcc/arm-none-eabi/4.9.3/armv7-m\libgcc.a(_aeabi_uldivmod.o)
                0x000855d4                __aeabi_uldivmod
 .text          0x00085604       0x60 c:/program files (x86)/atmel/studio/7.0/toolchain/arm/arm-gnu-toolchain/bin/../lib/gcc/arm-none-eabi/4.9.3/armv7-m\libgcc.a(bpabi.o)
                0x00085604                __gnu_ldivmod_helper
                0x00085634                __gnu_uldivmod_helper
 .text          0x00085664        0x4 c:/program files (x86)/atmel/studio/7.0/toolchain/arm/arm-gnu-toolchain/bin/../lib/gcc/arm-none-eabi/4.9.3/armv7-m\libgcc.a(_dvmd_tls.o)
                0x00085664                __aeabi_idiv0
                0x00085664                __aeabi_ldiv0
 .text          0x00085668      0x2ac c:/program files (x86)/atmel/studio/7.0/toolchain/arm/arm-gnu-toolchain/bin/../lib/gcc/arm-none-eabi/4.9.3/armv7-m\libgcc.a(_divdi3.o)
                0x00085668                __divdi3
 .text          0x00085914      0x270 c:/program files (x86)/atmel/studio/7.0/toolchain/arm/arm-gnu-toolchain/bin/../lib/gcc/arm-none-eabi/4.9.3/armv7-m\libgcc.a(_udivdi3.o)
                0x00085914                __udivdi3
 *(.glue_7t)
 .glue_7t       0x00000000        0x0 linker stubs
 *(.glue_7)
 .glue_7        0x00000000        0x0 linker stubs
 *(.rodata .rodata* .gnu.linkonce.r.*)
 .rodata.str1.4
                0x00085b84        0x3 src/matlab_coms/matlab_functions.o
 *fill*         0x00085b87        0x1 
 .rodata        0x00085b88       0x2c src/ASF/sam/drivers/pwm/pwm.o
 .rodata.str1.4
                0x00085bb4        0x2 c:/program files (x86)/atmel/studio/7.0/toolchain/arm/arm-gnu-toolchain/bin/../lib/gcc/arm-none-eabi/4.9.3/../../../../arm-none-eabi/lib/armv7-m\libc.a(lib_a-impure.o)
 *fill*         0x00085bb6        0x2 
 .rodata._global_impure_ptr
                0x00085bb8        0x4 c:/program files (x86)/atmel/studio/7.0/toolchain/arm/arm-gnu-toolchain/bin/../lib/gcc/arm-none-eabi/4.9.3/../../../../arm-none-eabi/lib/armv7-m\libc.a(lib_a-impure.o)
                0x00085bb8                _global_impure_ptr
 .rodata.zeroes.6911
                0x00085bbc       0x10 c:/program files (x86)/atmel/studio/7.0/toolchain/arm/arm-gnu-toolchain/bin/../lib/gcc/arm-none-eabi/4.9.3/../../../../arm-none-eabi/lib/armv7-m\libc.a(lib_a-svfprintf.o)
 .rodata.blanks.6910
                0x00085bcc       0x10 c:/program files (x86)/atmel/studio/7.0/toolchain/arm/arm-gnu-toolchain/bin/../lib/gcc/arm-none-eabi/4.9.3/../../../../arm-none-eabi/lib/armv7-m\libc.a(lib_a-svfprintf.o)
 .rodata.str1.4
                0x00085bdc       0x42 c:/program files (x86)/atmel/studio/7.0/toolchain/arm/arm-gnu-toolchain/bin/../lib/gcc/arm-none-eabi/4.9.3/../../../../arm-none-eabi/lib/armv7-m\libc.a(lib_a-svfprintf.o)
 *fill*         0x00085c1e        0x2 
 .rodata.str1.4
                0x00085c20       0x10 c:/program files (x86)/atmel/studio/7.0/toolchain/arm/arm-gnu-toolchain/bin/../lib/gcc/arm-none-eabi/4.9.3/../../../../arm-none-eabi/lib/armv7-m\libc.a(lib_a-dtoa.o)
                                 0x12 (size before relaxing)
 .rodata.str1.4
                0x00085c30        0xc c:/program files (x86)/atmel/studio/7.0/toolchain/arm/arm-gnu-toolchain/bin/../lib/gcc/arm-none-eabi/4.9.3/../../../../arm-none-eabi/lib/armv7-m\libc.a(lib_a-locale.o)
                                 0x12 (size before relaxing)
 *fill*         0x00085c3c        0x4 
 .rodata.__mprec_tens
                0x00085c40       0xc8 c:/program files (x86)/atmel/studio/7.0/toolchain/arm/arm-gnu-toolchain/bin/../lib/gcc/arm-none-eabi/4.9.3/../../../../arm-none-eabi/lib/armv7-m\libc.a(lib_a-mprec.o)
                0x00085c40                __mprec_tens
 .rodata.p05.5302
                0x00085d08        0xc c:/program files (x86)/atmel/studio/7.0/toolchain/arm/arm-gnu-toolchain/bin/../lib/gcc/arm-none-eabi/4.9.3/../../../../arm-none-eabi/lib/armv7-m\libc.a(lib_a-mprec.o)
 *fill*         0x00085d14        0x4 
 .rodata.__mprec_bigtens
                0x00085d18       0x28 c:/program files (x86)/atmel/studio/7.0/toolchain/arm/arm-gnu-toolchain/bin/../lib/gcc/arm-none-eabi/4.9.3/../../../../arm-none-eabi/lib/armv7-m\libc.a(lib_a-mprec.o)
                0x00085d18                __mprec_bigtens
 *(.ARM.extab* .gnu.linkonce.armextab.*)
                0x00085d40                . = ALIGN (0x4)
 *(.init)
 .init          0x00085d40        0x4 c:/program files (x86)/atmel/studio/7.0/toolchain/arm/arm-gnu-toolchain/bin/../lib/gcc/arm-none-eabi/4.9.3/armv7-m/crti.o
                0x00085d40                _init
 .init          0x00085d44        0x8 c:/program files (x86)/atmel/studio/7.0/toolchain/arm/arm-gnu-toolchain/bin/../lib/gcc/arm-none-eabi/4.9.3/armv7-m/crtn.o
                0x00085d4c                . = ALIGN (0x4)
                0x00085d4c                __preinit_array_start = .
 *(.preinit_array)
                0x00085d4c                __preinit_array_end = .
                0x00085d4c                . = ALIGN (0x4)
                0x00085d4c                __init_array_start = .
 *(SORT(.init_array.*))
 .init_array.00000
                0x00085d4c        0x4 c:/program files (x86)/atmel/studio/7.0/toolchain/arm/arm-gnu-toolchain/bin/../lib/gcc/arm-none-eabi/4.9.3/../../../../arm-none-eabi/lib/armv7-m\libc.a(lib_a-__call_atexit.o)
 *(.init_array)
 .init_array    0x00085d50        0x4 c:/program files (x86)/atmel/studio/7.0/toolchain/arm/arm-gnu-toolchain/bin/../lib/gcc/arm-none-eabi/4.9.3/armv7-m/crtbegin.o
                0x00085d54                __init_array_end = .
                0x00085d54                . = ALIGN (0x4)
 *crtbegin.o(.ctors)
 *(EXCLUDE_FILE(*crtend.o) .ctors)
 *(SORT(.ctors.*))
 *crtend.o(.ctors)
                0x00085d54                . = ALIGN (0x4)
 *(.fini)
 .fini          0x00085d54        0x4 c:/program files (x86)/atmel/studio/7.0/toolchain/arm/arm-gnu-toolchain/bin/../lib/gcc/arm-none-eabi/4.9.3/armv7-m/crti.o
                0x00085d54                _fini
 .fini          0x00085d58        0x8 c:/program files (x86)/atmel/studio/7.0/toolchain/arm/arm-gnu-toolchain/bin/../lib/gcc/arm-none-eabi/4.9.3/armv7-m/crtn.o
                0x00085d60                . = ALIGN (0x4)
                0x00085d60                __fini_array_start = .
 *(.fini_array)
 .fini_array    0x00085d60        0x4 c:/program files (x86)/atmel/studio/7.0/toolchain/arm/arm-gnu-toolchain/bin/../lib/gcc/arm-none-eabi/4.9.3/armv7-m/crtbegin.o
 *(SORT(.fini_array.*))
                0x00085d64                __fini_array_end = .
 *crtbegin.o(.dtors)
 *(EXCLUDE_FILE(*crtend.o) .dtors)
 *(SORT(.dtors.*))
 *crtend.o(.dtors)
                0x00085d64                . = ALIGN (0x4)
                0x00085d64                _efixed = .
                0x00085d64                PROVIDE (__exidx_start, .)

.vfp11_veneer   0x00085d64        0x0
 .vfp11_veneer  0x00000000        0x0 linker stubs

.v4_bx          0x00085d64        0x0
 .v4_bx         0x00000000        0x0 linker stubs

.iplt           0x00085d64        0x0
 .iplt          0x00000000        0x0 c:/program files (x86)/atmel/studio/7.0/toolchain/arm/arm-gnu-toolchain/bin/../lib/gcc/arm-none-eabi/4.9.3/armv7-m/crtbegin.o

.ARM.exidx      0x00085d64        0x8
 *(.ARM.exidx* .gnu.linkonce.armexidx.*)
 .ARM.exidx     0x00085d64        0x8 c:/program files (x86)/atmel/studio/7.0/toolchain/arm/arm-gnu-toolchain/bin/../lib/gcc/arm-none-eabi/4.9.3/armv7-m\libgcc.a(_divdi3.o)
 .ARM.exidx     0x00085d6c        0x0 c:/program files (x86)/atmel/studio/7.0/toolchain/arm/arm-gnu-toolchain/bin/../lib/gcc/arm-none-eabi/4.9.3/armv7-m\libgcc.a(_udivdi3.o)
                                  0x8 (size before relaxing)
                0x00085d6c                PROVIDE (__exidx_end, .)

.eh_frame       0x00085d6c        0x0
 .eh_frame      0x00085d6c        0x0 c:/program files (x86)/atmel/studio/7.0/toolchain/arm/arm-gnu-toolchain/bin/../lib/gcc/arm-none-eabi/4.9.3/armv7-m/crtbegin.o

.rel.dyn        0x00085d6c        0x0
 .rel.iplt      0x00000000        0x0 c:/program files (x86)/atmel/studio/7.0/toolchain/arm/arm-gnu-toolchain/bin/../lib/gcc/arm-none-eabi/4.9.3/armv7-m/crtbegin.o

.jcr            0x00085d6c        0x0
 .jcr           0x00085d6c        0x0 c:/program files (x86)/atmel/studio/7.0/toolchain/arm/arm-gnu-toolchain/bin/../lib/gcc/arm-none-eabi/4.9.3/armv7-m/crtbegin.o

.igot.plt       0x00085d6c        0x0
 .igot.plt      0x00000000        0x0 c:/program files (x86)/atmel/studio/7.0/toolchain/arm/arm-gnu-toolchain/bin/../lib/gcc/arm-none-eabi/4.9.3/armv7-m/crtbegin.o
                0x00085d6c                . = ALIGN (0x4)
                0x00085d6c                _etext = .

.relocate       0x20070000      0x9ec load address 0x00085d6c
                0x20070000                . = ALIGN (0x4)
                0x20070000                _srelocate = .
 *(.ramfunc .ramfunc.*)
 .ramfunc       0x20070000      0x12c src/ASF/sam/utils/cmsis/sam3x/source/templates/system_sam3x.o
                0x20070000                SystemInit
                0x200700a4                system_init_flash
 *(.data .data.*)
 .data.pin_table
                0x2007012c       0x42 src/common/pin_mapper.o
                0x2007012c                pin_table
 *fill*         0x2007016e        0x2 
 .data.SystemCoreClock
                0x20070170        0x4 src/ASF/sam/utils/cmsis/sam3x/source/templates/system_sam3x.o
                0x20070170                SystemCoreClock
 *fill*         0x20070174        0x4 
 .data.impure_data
                0x20070178      0x428 c:/program files (x86)/atmel/studio/7.0/toolchain/arm/arm-gnu-toolchain/bin/../lib/gcc/arm-none-eabi/4.9.3/../../../../arm-none-eabi/lib/armv7-m\libc.a(lib_a-impure.o)
 .data._impure_ptr
                0x200705a0        0x4 c:/program files (x86)/atmel/studio/7.0/toolchain/arm/arm-gnu-toolchain/bin/../lib/gcc/arm-none-eabi/4.9.3/../../../../arm-none-eabi/lib/armv7-m\libc.a(lib_a-impure.o)
                0x200705a0                _impure_ptr
 .data.lconv    0x200705a4       0x38 c:/program files (x86)/atmel/studio/7.0/toolchain/arm/arm-gnu-toolchain/bin/../lib/gcc/arm-none-eabi/4.9.3/../../../../arm-none-eabi/lib/armv7-m\libc.a(lib_a-locale.o)
 .data.__malloc_av_
                0x200705dc      0x408 c:/program files (x86)/atmel/studio/7.0/toolchain/arm/arm-gnu-toolchain/bin/../lib/gcc/arm-none-eabi/4.9.3/../../../../arm-none-eabi/lib/armv7-m\libc.a(lib_a-mallocr.o)
                0x200705dc                __malloc_av_
 .data.__malloc_trim_threshold
                0x200709e4        0x4 c:/program files (x86)/atmel/studio/7.0/toolchain/arm/arm-gnu-toolchain/bin/../lib/gcc/arm-none-eabi/4.9.3/../../../../arm-none-eabi/lib/armv7-m\libc.a(lib_a-mallocr.o)
                0x200709e4                __malloc_trim_threshold
 .data.__malloc_sbrk_base
                0x200709e8        0x4 c:/program files (x86)/atmel/studio/7.0/toolchain/arm/arm-gnu-toolchain/bin/../lib/gcc/arm-none-eabi/4.9.3/../../../../arm-none-eabi/lib/armv7-m\libc.a(lib_a-mallocr.o)
                0x200709e8                __malloc_sbrk_base
                0x200709ec                . = ALIGN (0x4)
                0x200709ec                _erelocate = .

.bss            0x200709ec       0xf0 load address 0x00086758
                0x200709ec                . = ALIGN (0x4)
                0x200709ec                _sbss = .
                0x200709ec                _szero = .
 *(.bss .bss.*)
 .bss           0x200709ec       0x1c c:/program files (x86)/atmel/studio/7.0/toolchain/arm/arm-gnu-toolchain/bin/../lib/gcc/arm-none-eabi/4.9.3/armv7-m/crtbegin.o
 .bss.pwm_channel_instance
                0x20070a08       0x28 src/io_control/analog_output.o
 .bss.gs_interrupt_sources
                0x20070a30       0x70 src/ASF/sam/drivers/pio/pio_handler.o
 .bss.heap.5212
                0x20070aa0        0x4 src/ASF/sam/utils/syscalls/gcc/syscalls.o
 .bss.__malloc_max_total_mem
                0x20070aa4        0x4 c:/program files (x86)/atmel/studio/7.0/toolchain/arm/arm-gnu-toolchain/bin/../lib/gcc/arm-none-eabi/4.9.3/../../../../arm-none-eabi/lib/armv7-m\libc.a(lib_a-mallocr.o)
                0x20070aa4                __malloc_max_total_mem
 .bss.__malloc_max_sbrked_mem
                0x20070aa8        0x4 c:/program files (x86)/atmel/studio/7.0/toolchain/arm/arm-gnu-toolchain/bin/../lib/gcc/arm-none-eabi/4.9.3/../../../../arm-none-eabi/lib/armv7-m\libc.a(lib_a-mallocr.o)
                0x20070aa8                __malloc_max_sbrked_mem
 .bss.__malloc_top_pad
                0x20070aac        0x4 c:/program files (x86)/atmel/studio/7.0/toolchain/arm/arm-gnu-toolchain/bin/../lib/gcc/arm-none-eabi/4.9.3/../../../../arm-none-eabi/lib/armv7-m\libc.a(lib_a-mallocr.o)
                0x20070aac                __malloc_top_pad
 .bss.__malloc_current_mallinfo
                0x20070ab0       0x28 c:/program files (x86)/atmel/studio/7.0/toolchain/arm/arm-gnu-toolchain/bin/../lib/gcc/arm-none-eabi/4.9.3/../../../../arm-none-eabi/lib/armv7-m\libc.a(lib_a-mallocr.o)
                0x20070ab0                __malloc_current_mallinfo
 *(COMMON)
 COMMON         0x20070ad8        0x4 c:/program files (x86)/atmel/studio/7.0/toolchain/arm/arm-gnu-toolchain/bin/../lib/gcc/arm-none-eabi/4.9.3/../../../../arm-none-eabi/lib/armv7-m\libc.a(lib_a-reent.o)
                0x20070ad8                errno
                0x20070adc                . = ALIGN (0x4)
                0x20070adc                _ebss = .
                0x20070adc                _ezero = .

.stack          0x20070adc     0x2004 load address 0x00086848
                0x20070ae0                . = ALIGN (0x8)
 *fill*         0x20070adc        0x4 
                0x20070ae0                _sstack = .
                0x20072ae0                . = (. + __stack_size__)
 *fill*         0x20070ae0     0x2000 
                0x20072ae0                . = ALIGN (0x8)
                0x20072ae0                _estack = .
                0x20072ae0                . = ALIGN (0x4)
                0x20072ae0                _end = .
OUTPUT(dueSrv_6_2.elf elf32-littlearm)

.ARM.attributes
                0x00000000       0x29
 .ARM.attributes
                0x00000000       0x1d c:/program files (x86)/atmel/studio/7.0/toolchain/arm/arm-gnu-toolchain/bin/../lib/gcc/arm-none-eabi/4.9.3/armv7-m/crti.o
 .ARM.attributes
                0x0000001d       0x2d c:/program files (x86)/atmel/studio/7.0/toolchain/arm/arm-gnu-toolchain/bin/../lib/gcc/arm-none-eabi/4.9.3/armv7-m/crtbegin.o
 .ARM.attributes
                0x0000004a       0x33 src/ASF/sam/drivers/adc/adc.o
 .ARM.attributes
                0x0000007d       0x33 src/common/pin_mapper.o
 .ARM.attributes
                0x000000b0       0x33 src/io_control/analog_output.o
 .ARM.attributes
                0x000000e3       0x33 src/io_control/dac.o
 .ARM.attributes
                0x00000116       0x33 src/io_control/io_uart.o
 .ARM.attributes
                0x00000149       0x33 src/matlab_coms/matlab_functions.o
 .ARM.attributes
                0x0000017c       0x33 src/matlab_coms/matlab_state.o
 .ARM.attributes
                0x000001af       0x33 src/ASF/sam/drivers/dacc/dacc.o
 .ARM.attributes
                0x000001e2       0x33 src/ASF/sam/drivers/pwm/pwm.o
 .ARM.attributes
                0x00000215       0x33 src/io_control/adc.o
 .ARM.attributes
                0x00000248       0x33 src/ASF/common/services/clock/sam3x/sysclk.o
 .ARM.attributes
                0x0000027b       0x33 src/ASF/sam/boards/arduino_due_x/init.o
 .ARM.attributes
                0x000002ae       0x33 src/ASF/sam/drivers/pio/pio.o
 .ARM.attributes
                0x000002e1       0x33 src/ASF/sam/drivers/pio/pio_handler.o
 .ARM.attributes
                0x00000314       0x33 src/ASF/sam/drivers/pmc/pmc.o
 .ARM.attributes
                0x00000347       0x33 src/ASF/sam/utils/cmsis/sam3x/source/templates/exceptions.o
 .ARM.attributes
                0x0000037a       0x33 src/ASF/sam/utils/cmsis/sam3x/source/templates/gcc/startup_sam3x.o
 .ARM.attributes
                0x000003ad       0x33 src/ASF/sam/utils/cmsis/sam3x/source/templates/system_sam3x.o
 .ARM.attributes
                0x000003e0       0x33 src/ASF/sam/utils/syscalls/gcc/syscalls.o
 .ARM.attributes
                0x00000413       0x33 src/main.o
 .ARM.attributes
                0x00000446       0x2d c:/program files (x86)/atmel/studio/7.0/toolchain/arm/arm-gnu-toolchain/bin/../lib/gcc/arm-none-eabi/4.9.3/../../../../arm-none-eabi/lib/armv7-m\libc.a(lib_a-impure.o)
 .ARM.attributes
                0x00000473       0x2d c:/program files (x86)/atmel/studio/7.0/toolchain/arm/arm-gnu-toolchain/bin/../lib/gcc/arm-none-eabi/4.9.3/../../../../arm-none-eabi/lib/armv7-m\libc.a(lib_a-init.o)
 .ARM.attributes
                0x000004a0       0x2d c:/program files (x86)/atmel/studio/7.0/toolchain/arm/arm-gnu-toolchain/bin/../lib/gcc/arm-none-eabi/4.9.3/../../../../arm-none-eabi/lib/armv7-m\libc.a(lib_a-memset.o)
 .ARM.attributes
                0x000004cd       0x2d c:/program files (x86)/atmel/studio/7.0/toolchain/arm/arm-gnu-toolchain/bin/../lib/gcc/arm-none-eabi/4.9.3/../../../../arm-none-eabi/lib/armv7-m\libc.a(lib_a-sprintf.o)
 .ARM.attributes
                0x000004fa       0x2d c:/program files (x86)/atmel/studio/7.0/toolchain/arm/arm-gnu-toolchain/bin/../lib/gcc/arm-none-eabi/4.9.3/../../../../arm-none-eabi/lib/armv7-m\libc.a(lib_a-strlen.o)
 .ARM.attributes
                0x00000527       0x2d c:/program files (x86)/atmel/studio/7.0/toolchain/arm/arm-gnu-toolchain/bin/../lib/gcc/arm-none-eabi/4.9.3/../../../../arm-none-eabi/lib/armv7-m\libc.a(lib_a-svfprintf.o)
 .ARM.attributes
                0x00000554       0x2d c:/program files (x86)/atmel/studio/7.0/toolchain/arm/arm-gnu-toolchain/bin/../lib/gcc/arm-none-eabi/4.9.3/../../../../arm-none-eabi/lib/armv7-m\libc.a(lib_a-__call_atexit.o)
 .ARM.attributes
                0x00000581       0x2d c:/program files (x86)/atmel/studio/7.0/toolchain/arm/arm-gnu-toolchain/bin/../lib/gcc/arm-none-eabi/4.9.3/../../../../arm-none-eabi/lib/armv7-m\libc.a(lib_a-atexit.o)
 .ARM.attributes
                0x000005ae       0x2d c:/program files (x86)/atmel/studio/7.0/toolchain/arm/arm-gnu-toolchain/bin/../lib/gcc/arm-none-eabi/4.9.3/../../../../arm-none-eabi/lib/armv7-m\libc.a(lib_a-dtoa.o)
 .ARM.attributes
                0x000005db       0x2d c:/program files (x86)/atmel/studio/7.0/toolchain/arm/arm-gnu-toolchain/bin/../lib/gcc/arm-none-eabi/4.9.3/../../../../arm-none-eabi/lib/armv7-m\libc.a(lib_a-fini.o)
 .ARM.attributes
                0x00000608       0x2d c:/program files (x86)/atmel/studio/7.0/toolchain/arm/arm-gnu-toolchain/bin/../lib/gcc/arm-none-eabi/4.9.3/../../../../arm-none-eabi/lib/armv7-m\libc.a(lib_a-freer.o)
 .ARM.attributes
                0x00000635       0x2d c:/program files (x86)/atmel/studio/7.0/toolchain/arm/arm-gnu-toolchain/bin/../lib/gcc/arm-none-eabi/4.9.3/../../../../arm-none-eabi/lib/armv7-m\libc.a(lib_a-locale.o)
 .ARM.attributes
                0x00000662       0x2d c:/program files (x86)/atmel/studio/7.0/toolchain/arm/arm-gnu-toolchain/bin/../lib/gcc/arm-none-eabi/4.9.3/../../../../arm-none-eabi/lib/armv7-m\libc.a(lib_a-mallocr.o)
 .ARM.attributes
                0x0000068f       0x2d c:/program files (x86)/atmel/studio/7.0/toolchain/arm/arm-gnu-toolchain/bin/../lib/gcc/arm-none-eabi/4.9.3/../../../../arm-none-eabi/lib/armv7-m\libc.a(lib_a-memchr.o)
 .ARM.attributes
                0x000006bc       0x1b c:/program files (x86)/atmel/studio/7.0/toolchain/arm/arm-gnu-toolchain/bin/../lib/gcc/arm-none-eabi/4.9.3/../../../../arm-none-eabi/lib/armv7-m\libc.a(lib_a-memcpy.o)
 .ARM.attributes
                0x000006d7       0x2d c:/program files (x86)/atmel/studio/7.0/toolchain/arm/arm-gnu-toolchain/bin/../lib/gcc/arm-none-eabi/4.9.3/../../../../arm-none-eabi/lib/armv7-m\libc.a(lib_a-memmove.o)
 .ARM.attributes
                0x00000704       0x2d c:/program files (x86)/atmel/studio/7.0/toolchain/arm/arm-gnu-toolchain/bin/../lib/gcc/arm-none-eabi/4.9.3/../../../../arm-none-eabi/lib/armv7-m\libc.a(lib_a-mlock.o)
 .ARM.attributes
                0x00000731       0x2d c:/program files (x86)/atmel/studio/7.0/toolchain/arm/arm-gnu-toolchain/bin/../lib/gcc/arm-none-eabi/4.9.3/../../../../arm-none-eabi/lib/armv7-m\libc.a(lib_a-mprec.o)
 .ARM.attributes
                0x0000075e       0x2d c:/program files (x86)/atmel/studio/7.0/toolchain/arm/arm-gnu-toolchain/bin/../lib/gcc/arm-none-eabi/4.9.3/../../../../arm-none-eabi/lib/armv7-m\libc.a(lib_a-reallocr.o)
 .ARM.attributes
                0x0000078b       0x2d c:/program files (x86)/atmel/studio/7.0/toolchain/arm/arm-gnu-toolchain/bin/../lib/gcc/arm-none-eabi/4.9.3/../../../../arm-none-eabi/lib/armv7-m\libc.a(lib_a-s_fpclassify.o)
 .ARM.attributes
                0x000007b8       0x2d c:/program files (x86)/atmel/studio/7.0/toolchain/arm/arm-gnu-toolchain/bin/../lib/gcc/arm-none-eabi/4.9.3/../../../../arm-none-eabi/lib/armv7-m\libc.a(lib_a-sbrkr.o)
 .ARM.attributes
                0x000007e5       0x2d c:/program files (x86)/atmel/studio/7.0/toolchain/arm/arm-gnu-toolchain/bin/../lib/gcc/arm-none-eabi/4.9.3/../../../../arm-none-eabi/lib/armv7-m\libc.a(lib_a-svfiprintf.o)
 .ARM.attributes
                0x00000812       0x2d c:/program files (x86)/atmel/studio/7.0/toolchain/arm/arm-gnu-toolchain/bin/../lib/gcc/arm-none-eabi/4.9.3/../../../../arm-none-eabi/lib/armv7-m\libc.a(lib_a-__atexit.o)
 .ARM.attributes
                0x0000083f       0x2d c:/program files (x86)/atmel/studio/7.0/toolchain/arm/arm-gnu-toolchain/bin/../lib/gcc/arm-none-eabi/4.9.3/../../../../arm-none-eabi/lib/armv7-m\libc.a(lib_a-callocr.o)
 .ARM.attributes
                0x0000086c       0x2d c:/program files (x86)/atmel/studio/7.0/toolchain/arm/arm-gnu-toolchain/bin/../lib/gcc/arm-none-eabi/4.9.3/../../../../arm-none-eabi/lib/armv7-m\libc.a(lib_a-reent.o)
 .ARM.attributes
                0x00000899       0x1d c:/program files (x86)/atmel/studio/7.0/toolchain/arm/arm-gnu-toolchain/bin/../lib/gcc/arm-none-eabi/4.9.3/armv7-m\libgcc.a(_arm_addsubdf3.o)
 .ARM.attributes
                0x000008b6       0x1d c:/program files (x86)/atmel/studio/7.0/toolchain/arm/arm-gnu-toolchain/bin/../lib/gcc/arm-none-eabi/4.9.3/armv7-m\libgcc.a(_arm_muldivdf3.o)
 .ARM.attributes
                0x000008d3       0x1d c:/program files (x86)/atmel/studio/7.0/toolchain/arm/arm-gnu-toolchain/bin/../lib/gcc/arm-none-eabi/4.9.3/armv7-m\libgcc.a(_arm_cmpdf2.o)
 .ARM.attributes
                0x000008f0       0x1d c:/program files (x86)/atmel/studio/7.0/toolchain/arm/arm-gnu-toolchain/bin/../lib/gcc/arm-none-eabi/4.9.3/armv7-m\libgcc.a(_arm_fixdfsi.o)
 .ARM.attributes
                0x0000090d       0x1d c:/program files (x86)/atmel/studio/7.0/toolchain/arm/arm-gnu-toolchain/bin/../lib/gcc/arm-none-eabi/4.9.3/armv7-m\libgcc.a(_aeabi_uldivmod.o)
 .ARM.attributes
                0x0000092a       0x2d c:/program files (x86)/atmel/studio/7.0/toolchain/arm/arm-gnu-toolchain/bin/../lib/gcc/arm-none-eabi/4.9.3/armv7-m\libgcc.a(bpabi.o)
 .ARM.attributes
                0x00000957       0x1d c:/program files (x86)/atmel/studio/7.0/toolchain/arm/arm-gnu-toolchain/bin/../lib/gcc/arm-none-eabi/4.9.3/armv7-m\libgcc.a(_dvmd_tls.o)
 .ARM.attributes
                0x00000974       0x2d c:/program files (x86)/atmel/studio/7.0/toolchain/arm/arm-gnu-toolchain/bin/../lib/gcc/arm-none-eabi/4.9.3/armv7-m\libgcc.a(_divdi3.o)
 .ARM.attributes
                0x000009a1       0x2d c:/program files (x86)/atmel/studio/7.0/toolchain/arm/arm-gnu-toolchain/bin/../lib/gcc/arm-none-eabi/4.9.3/armv7-m\libgcc.a(_udivdi3.o)
 .ARM.attributes
                0x000009ce       0x1d c:/program files (x86)/atmel/studio/7.0/toolchain/arm/arm-gnu-toolchain/bin/../lib/gcc/arm-none-eabi/4.9.3/armv7-m/crtn.o

.comment        0x00000000       0x5b
 .comment       0x00000000       0x5b src/ASF/sam/drivers/adc/adc.o
                                 0x5c (size before relaxing)
 .comment       0x00000000       0x5c src/common/pin_mapper.o
 .comment       0x00000000       0x5c src/io_control/analog_output.o
 .comment       0x00000000       0x5c src/io_control/dac.o
 .comment       0x00000000       0x5c src/io_control/io_uart.o
 .comment       0x00000000       0x5c src/matlab_coms/matlab_functions.o
 .comment       0x00000000       0x5c src/matlab_coms/matlab_state.o
 .comment       0x00000000       0x5c src/ASF/sam/drivers/dacc/dacc.o
 .comment       0x00000000       0x5c src/ASF/sam/drivers/pwm/pwm.o
 .comment       0x00000000       0x5c src/io_control/adc.o
 .comment       0x00000000       0x5c src/ASF/common/services/clock/sam3x/sysclk.o
 .comment       0x00000000       0x5c src/ASF/sam/boards/arduino_due_x/init.o
 .comment       0x00000000       0x5c src/ASF/sam/drivers/pio/pio.o
 .comment       0x00000000       0x5c src/ASF/sam/drivers/pio/pio_handler.o
 .comment       0x00000000       0x5c src/ASF/sam/drivers/pmc/pmc.o
 .comment       0x00000000       0x5c src/ASF/sam/utils/cmsis/sam3x/source/templates/exceptions.o
 .comment       0x00000000       0x5c src/ASF/sam/utils/cmsis/sam3x/source/templates/gcc/startup_sam3x.o
 .comment       0x00000000       0x5c src/ASF/sam/utils/cmsis/sam3x/source/templates/system_sam3x.o
 .comment       0x00000000       0x5c src/ASF/sam/utils/syscalls/gcc/syscalls.o
 .comment       0x00000000       0x5c src/main.o

.debug_info     0x00000000     0xb0a6
 .debug_info    0x00000000     0x118c src/ASF/sam/drivers/adc/adc.o
 .debug_info    0x0000118c      0x1d8 src/common/pin_mapper.o
 .debug_info    0x00001364      0xdc7 src/io_control/analog_output.o
 .debug_info    0x0000212b      0x451 src/io_control/dac.o
 .debug_info    0x0000257c      0x7cb src/io_control/io_uart.o
 .debug_info    0x00002d47      0xc53 src/matlab_coms/matlab_functions.o
 .debug_info    0x0000399a      0x228 src/matlab_coms/matlab_state.o
 .debug_info    0x00003bc2      0x8a8 src/ASF/sam/drivers/dacc/dacc.o
 .debug_info    0x0000446a     0x155a src/ASF/sam/drivers/pwm/pwm.o
 .debug_info    0x000059c4      0x652 src/io_control/adc.o
 .debug_info    0x00006016      0x796 src/ASF/common/services/clock/sam3x/sysclk.o
 .debug_info    0x000067ac      0x75c src/ASF/sam/boards/arduino_due_x/init.o
 .debug_info    0x00006f08     0x1391 src/ASF/sam/drivers/pio/pio.o
 .debug_info    0x00008299      0xe51 src/ASF/sam/drivers/pio/pio_handler.o
 .debug_info    0x000090ea     0x1078 src/ASF/sam/drivers/pmc/pmc.o
 .debug_info    0x0000a162      0x124 src/ASF/sam/utils/cmsis/sam3x/source/templates/exceptions.o
 .debug_info    0x0000a286      0x3bd src/ASF/sam/utils/cmsis/sam3x/source/templates/gcc/startup_sam3x.o
 .debug_info    0x0000a643      0x4c6 src/ASF/sam/utils/cmsis/sam3x/source/templates/system_sam3x.o
 .debug_info    0x0000ab09      0x43f src/ASF/sam/utils/syscalls/gcc/syscalls.o
 .debug_info    0x0000af48      0x15e src/main.o

.debug_abbrev   0x00000000     0x2097
 .debug_abbrev  0x00000000      0x235 src/ASF/sam/drivers/adc/adc.o
 .debug_abbrev  0x00000235       0xfc src/common/pin_mapper.o
 .debug_abbrev  0x00000331      0x1b3 src/io_control/analog_output.o
 .debug_abbrev  0x000004e4      0x10f src/io_control/dac.o
 .debug_abbrev  0x000005f3      0x1d8 src/io_control/io_uart.o
 .debug_abbrev  0x000007cb      0x291 src/matlab_coms/matlab_functions.o
 .debug_abbrev  0x00000a5c       0xe2 src/matlab_coms/matlab_state.o
 .debug_abbrev  0x00000b3e      0x1c6 src/ASF/sam/drivers/dacc/dacc.o
 .debug_abbrev  0x00000d04      0x240 src/ASF/sam/drivers/pwm/pwm.o
 .debug_abbrev  0x00000f44      0x172 src/io_control/adc.o
 .debug_abbrev  0x000010b6      0x227 src/ASF/common/services/clock/sam3x/sysclk.o
 .debug_abbrev  0x000012dd      0x16f src/ASF/sam/boards/arduino_due_x/init.o
 .debug_abbrev  0x0000144c      0x2d5 src/ASF/sam/drivers/pio/pio.o
 .debug_abbrev  0x00001721      0x257 src/ASF/sam/drivers/pio/pio_handler.o
 .debug_abbrev  0x00001978      0x268 src/ASF/sam/drivers/pmc/pmc.o
 .debug_abbrev  0x00001be0       0x8c src/ASF/sam/utils/cmsis/sam3x/source/templates/exceptions.o
 .debug_abbrev  0x00001c6c      0x118 src/ASF/sam/utils/cmsis/sam3x/source/templates/gcc/startup_sam3x.o
 .debug_abbrev  0x00001d84      0x115 src/ASF/sam/utils/cmsis/sam3x/source/templates/system_sam3x.o
 .debug_abbrev  0x00001e99      0x14e src/ASF/sam/utils/syscalls/gcc/syscalls.o
 .debug_abbrev  0x00001fe7       0xb0 src/main.o

.debug_loc      0x00000000     0x43a3
 .debug_loc     0x00000000      0x966 src/ASF/sam/drivers/adc/adc.o
 .debug_loc     0x00000966       0xaf src/common/pin_mapper.o
 .debug_loc     0x00000a15       0x84 src/io_control/analog_output.o
 .debug_loc     0x00000a99       0x97 src/io_control/dac.o
 .debug_loc     0x00000b30       0x44 src/io_control/io_uart.o
 .debug_loc     0x00000b74      0x506 src/matlab_coms/matlab_functions.o
 .debug_loc     0x0000107a      0x2f7 src/matlab_coms/matlab_state.o
 .debug_loc     0x00001371      0x35b src/ASF/sam/drivers/dacc/dacc.o
 .debug_loc     0x000016cc      0xc09 src/ASF/sam/drivers/pwm/pwm.o
 .debug_loc     0x000022d5       0x79 src/io_control/adc.o
 .debug_loc     0x0000234e      0x12d src/ASF/common/services/clock/sam3x/sysclk.o
 .debug_loc     0x0000247b       0x20 src/ASF/sam/boards/arduino_due_x/init.o
 .debug_loc     0x0000249b      0xb20 src/ASF/sam/drivers/pio/pio.o
 .debug_loc     0x00002fbb      0x573 src/ASF/sam/drivers/pio/pio_handler.o
 .debug_loc     0x0000352e      0xccc src/ASF/sam/drivers/pmc/pmc.o
 .debug_loc     0x000041fa       0x5e src/ASF/sam/utils/cmsis/sam3x/source/templates/gcc/startup_sam3x.o
 .debug_loc     0x00004258      0x12b src/ASF/sam/utils/syscalls/gcc/syscalls.o
 .debug_loc     0x00004383       0x20 src/main.o

.debug_aranges  0x00000000      0x9f0
 .debug_aranges
                0x00000000      0x178 src/ASF/sam/drivers/adc/adc.o
 .debug_aranges
                0x00000178       0x28 src/common/pin_mapper.o
 .debug_aranges
                0x000001a0       0x28 src/io_control/analog_output.o
 .debug_aranges
                0x000001c8       0x28 src/io_control/dac.o
 .debug_aranges
                0x000001f0       0x40 src/io_control/io_uart.o
 .debug_aranges
                0x00000230       0x70 src/matlab_coms/matlab_functions.o
 .debug_aranges
                0x000002a0       0x20 src/matlab_coms/matlab_state.o
 .debug_aranges
                0x000002c0       0xc0 src/ASF/sam/drivers/dacc/dacc.o
 .debug_aranges
                0x00000380      0x158 src/ASF/sam/drivers/pwm/pwm.o
 .debug_aranges
                0x000004d8       0x28 src/io_control/adc.o
 .debug_aranges
                0x00000500       0x40 src/ASF/common/services/clock/sam3x/sysclk.o
 .debug_aranges
                0x00000540       0x20 src/ASF/sam/boards/arduino_due_x/init.o
 .debug_aranges
                0x00000560      0x148 src/ASF/sam/drivers/pio/pio.o
 .debug_aranges
                0x000006a8       0x58 src/ASF/sam/drivers/pio/pio_handler.o
 .debug_aranges
                0x00000700      0x200 src/ASF/sam/drivers/pmc/pmc.o
 .debug_aranges
                0x00000900       0x20 src/ASF/sam/utils/cmsis/sam3x/source/templates/exceptions.o
 .debug_aranges
                0x00000920       0x20 src/ASF/sam/utils/cmsis/sam3x/source/templates/gcc/startup_sam3x.o
 .debug_aranges
                0x00000940       0x30 src/ASF/sam/utils/cmsis/sam3x/source/templates/system_sam3x.o
 .debug_aranges
                0x00000970       0x60 src/ASF/sam/utils/syscalls/gcc/syscalls.o
 .debug_aranges
                0x000009d0       0x20 src/main.o

.debug_ranges   0x00000000      0x8b0
 .debug_ranges  0x00000000      0x168 src/ASF/sam/drivers/adc/adc.o
 .debug_ranges  0x00000168       0x18 src/common/pin_mapper.o
 .debug_ranges  0x00000180       0x18 src/io_control/analog_output.o
 .debug_ranges  0x00000198       0x18 src/io_control/dac.o
 .debug_ranges  0x000001b0       0x30 src/io_control/io_uart.o
 .debug_ranges  0x000001e0       0x60 src/matlab_coms/matlab_functions.o
 .debug_ranges  0x00000240       0x10 src/matlab_coms/matlab_state.o
 .debug_ranges  0x00000250       0xb0 src/ASF/sam/drivers/dacc/dacc.o
 .debug_ranges  0x00000300      0x148 src/ASF/sam/drivers/pwm/pwm.o
 .debug_ranges  0x00000448       0x18 src/io_control/adc.o
 .debug_ranges  0x00000460       0x30 src/ASF/common/services/clock/sam3x/sysclk.o
 .debug_ranges  0x00000490       0x10 src/ASF/sam/boards/arduino_due_x/init.o
 .debug_ranges  0x000004a0      0x138 src/ASF/sam/drivers/pio/pio.o
 .debug_ranges  0x000005d8       0x48 src/ASF/sam/drivers/pio/pio_handler.o
 .debug_ranges  0x00000620      0x1f0 src/ASF/sam/drivers/pmc/pmc.o
 .debug_ranges  0x00000810       0x10 src/ASF/sam/utils/cmsis/sam3x/source/templates/exceptions.o
 .debug_ranges  0x00000820       0x10 src/ASF/sam/utils/cmsis/sam3x/source/templates/gcc/startup_sam3x.o
 .debug_ranges  0x00000830       0x20 src/ASF/sam/utils/cmsis/sam3x/source/templates/system_sam3x.o
 .debug_ranges  0x00000850       0x50 src/ASF/sam/utils/syscalls/gcc/syscalls.o
 .debug_ranges  0x000008a0       0x10 src/main.o

.debug_macro    0x00000000    0x19057
 .debug_macro   0x00000000      0x4f4 src/ASF/sam/drivers/adc/adc.o
 .debug_macro   0x000004f4      0x892 src/ASF/sam/drivers/adc/adc.o
 .debug_macro   0x00000d86      0x166 src/ASF/sam/drivers/adc/adc.o
 .debug_macro   0x00000eec      0x4fb src/ASF/sam/drivers/adc/adc.o
 .debug_macro   0x000013e7       0x76 src/ASF/sam/drivers/adc/adc.o
 .debug_macro   0x0000145d       0x16 src/ASF/sam/drivers/adc/adc.o
 .debug_macro   0x00001473      0x6e4 src/ASF/sam/drivers/adc/adc.o
 .debug_macro   0x00001b57       0x22 src/ASF/sam/drivers/adc/adc.o
 .debug_macro   0x00001b79       0x44 src/ASF/sam/drivers/adc/adc.o
 .debug_macro   0x00001bbd       0x58 src/ASF/sam/drivers/adc/adc.o
 .debug_macro   0x00001c15       0x22 src/ASF/sam/drivers/adc/adc.o
 .debug_macro   0x00001c37      0x1df src/ASF/sam/drivers/adc/adc.o
 .debug_macro   0x00001e16       0x20 src/ASF/sam/drivers/adc/adc.o
 .debug_macro   0x00001e36       0x3a src/ASF/sam/drivers/adc/adc.o
 .debug_macro   0x00001e70       0x2d src/ASF/sam/drivers/adc/adc.o
 .debug_macro   0x00001e9d      0xbb1 src/ASF/sam/drivers/adc/adc.o
 .debug_macro   0x00002a4e      0xab6 src/ASF/sam/drivers/adc/adc.o
 .debug_macro   0x00003504      0x569 src/ASF/sam/drivers/adc/adc.o
 .debug_macro   0x00003a6d      0x2b5 src/ASF/sam/drivers/adc/adc.o
 .debug_macro   0x00003d22      0x31a src/ASF/sam/drivers/adc/adc.o
 .debug_macro   0x0000403c      0x74f src/ASF/sam/drivers/adc/adc.o
 .debug_macro   0x0000478b       0x82 src/ASF/sam/drivers/adc/adc.o
 .debug_macro   0x0000480d      0x57b src/ASF/sam/drivers/adc/adc.o
 .debug_macro   0x00004d88       0x1c src/ASF/sam/drivers/adc/adc.o
 .debug_macro   0x00004da4      0x6b7 src/ASF/sam/drivers/adc/adc.o
 .debug_macro   0x0000545b      0x52d src/ASF/sam/drivers/adc/adc.o
 .debug_macro   0x00005988       0xbe src/ASF/sam/drivers/adc/adc.o
 .debug_macro   0x00005a46     0x2342 src/ASF/sam/drivers/adc/adc.o
 .debug_macro   0x00007d88      0x85d src/ASF/sam/drivers/adc/adc.o
 .debug_macro   0x000085e5      0xdc9 src/ASF/sam/drivers/adc/adc.o
 .debug_macro   0x000093ae       0x7c src/ASF/sam/drivers/adc/adc.o
 .debug_macro   0x0000942a      0x263 src/ASF/sam/drivers/adc/adc.o
 .debug_macro   0x0000968d       0x58 src/ASF/sam/drivers/adc/adc.o
 .debug_macro   0x000096e5      0x9a7 src/ASF/sam/drivers/adc/adc.o
 .debug_macro   0x0000a08c      0x248 src/ASF/sam/drivers/adc/adc.o
 .debug_macro   0x0000a2d4      0x4df src/ASF/sam/drivers/adc/adc.o
 .debug_macro   0x0000a7b3      0x6b3 src/ASF/sam/drivers/adc/adc.o
 .debug_macro   0x0000ae66      0x59f src/ASF/sam/drivers/adc/adc.o
 .debug_macro   0x0000b405       0x46 src/ASF/sam/drivers/adc/adc.o
 .debug_macro   0x0000b44b      0x34d src/ASF/sam/drivers/adc/adc.o
 .debug_macro   0x0000b798      0x28c src/ASF/sam/drivers/adc/adc.o
 .debug_macro   0x0000ba24     0x14d7 src/ASF/sam/drivers/adc/adc.o
 .debug_macro   0x0000cefb      0x7ba src/ASF/sam/drivers/adc/adc.o
 .debug_macro   0x0000d6b5       0x76 src/ASF/sam/drivers/adc/adc.o
 .debug_macro   0x0000d72b       0x82 src/ASF/sam/drivers/adc/adc.o
 .debug_macro   0x0000d7ad       0x76 src/ASF/sam/drivers/adc/adc.o
 .debug_macro   0x0000d823       0x4c src/ASF/sam/drivers/adc/adc.o
 .debug_macro   0x0000d86f      0x105 src/ASF/sam/drivers/adc/adc.o
 .debug_macro   0x0000d974      0x105 src/ASF/sam/drivers/adc/adc.o
 .debug_macro   0x0000da79      0x105 src/ASF/sam/drivers/adc/adc.o
 .debug_macro   0x0000db7e       0x88 src/ASF/sam/drivers/adc/adc.o
 .debug_macro   0x0000dc06       0x88 src/ASF/sam/drivers/adc/adc.o
 .debug_macro   0x0000dc8e      0x3b4 src/ASF/sam/drivers/adc/adc.o
 .debug_macro   0x0000e042       0xb8 src/ASF/sam/drivers/adc/adc.o
 .debug_macro   0x0000e0fa       0xb8 src/ASF/sam/drivers/adc/adc.o
 .debug_macro   0x0000e1b2       0xb8 src/ASF/sam/drivers/adc/adc.o
 .debug_macro   0x0000e26a       0xb8 src/ASF/sam/drivers/adc/adc.o
 .debug_macro   0x0000e322      0x2b8 src/ASF/sam/drivers/adc/adc.o
 .debug_macro   0x0000e5da      0x125 src/ASF/sam/drivers/adc/adc.o
 .debug_macro   0x0000e6ff      0x225 src/ASF/sam/drivers/adc/adc.o
 .debug_macro   0x0000e924      0x225 src/ASF/sam/drivers/adc/adc.o
 .debug_macro   0x0000eb49       0x2e src/ASF/sam/drivers/adc/adc.o
 .debug_macro   0x0000eb77       0xac src/ASF/sam/drivers/adc/adc.o
 .debug_macro   0x0000ec23      0x14d src/ASF/sam/drivers/adc/adc.o
 .debug_macro   0x0000ed70       0x7c src/ASF/sam/drivers/adc/adc.o
 .debug_macro   0x0000edec      0x205 src/ASF/sam/drivers/adc/adc.o
 .debug_macro   0x0000eff1       0x64 src/ASF/sam/drivers/adc/adc.o
 .debug_macro   0x0000f055       0xa6 src/ASF/sam/drivers/adc/adc.o
 .debug_macro   0x0000f0fb       0x7c src/ASF/sam/drivers/adc/adc.o
 .debug_macro   0x0000f177       0x16 src/ASF/sam/drivers/adc/adc.o
 .debug_macro   0x0000f18d       0x22 src/ASF/sam/drivers/adc/adc.o
 .debug_macro   0x0000f1af       0x22 src/ASF/sam/drivers/adc/adc.o
 .debug_macro   0x0000f1d1      0x115 src/ASF/sam/drivers/adc/adc.o
 .debug_macro   0x0000f2e6      0x115 src/ASF/sam/drivers/adc/adc.o
 .debug_macro   0x0000f3fb      0x115 src/ASF/sam/drivers/adc/adc.o
 .debug_macro   0x0000f510      0x115 src/ASF/sam/drivers/adc/adc.o
 .debug_macro   0x0000f625       0x1c src/ASF/sam/drivers/adc/adc.o
 .debug_macro   0x0000f641       0x2e src/ASF/sam/drivers/adc/adc.o
 .debug_macro   0x0000f66f       0x22 src/ASF/sam/drivers/adc/adc.o
 .debug_macro   0x0000f691       0x1c src/ASF/sam/drivers/adc/adc.o
 .debug_macro   0x0000f6ad       0x58 src/ASF/sam/drivers/adc/adc.o
 .debug_macro   0x0000f705       0x10 src/ASF/sam/drivers/adc/adc.o
 .debug_macro   0x0000f715      0x273 src/ASF/sam/drivers/adc/adc.o
 .debug_macro   0x0000f988      0xd43 src/ASF/sam/drivers/adc/adc.o
 .debug_macro   0x000106cb      0x131 src/ASF/sam/drivers/adc/adc.o
 .debug_macro   0x000107fc       0x58 src/ASF/sam/drivers/adc/adc.o
 .debug_macro   0x00010854       0x35 src/ASF/sam/drivers/adc/adc.o
 .debug_macro   0x00010889       0x9c src/ASF/sam/drivers/adc/adc.o
 .debug_macro   0x00010925       0x16 src/ASF/sam/drivers/adc/adc.o
 .debug_macro   0x0001093b       0x35 src/ASF/sam/drivers/adc/adc.o
 .debug_macro   0x00010970      0x29d src/ASF/sam/drivers/adc/adc.o
 .debug_macro   0x00010c0d       0x10 src/ASF/sam/drivers/adc/adc.o
 .debug_macro   0x00010c1d       0x52 src/ASF/sam/drivers/adc/adc.o
 .debug_macro   0x00010c6f       0x16 src/ASF/sam/drivers/adc/adc.o
 .debug_macro   0x00010c85       0x43 src/ASF/sam/drivers/adc/adc.o
 .debug_macro   0x00010cc8      0x180 src/ASF/sam/drivers/adc/adc.o
 .debug_macro   0x00010e48       0x10 src/ASF/sam/drivers/adc/adc.o
 .debug_macro   0x00010e58       0x22 src/ASF/sam/drivers/adc/adc.o
 .debug_macro   0x00010e7a       0xbe src/ASF/sam/drivers/adc/adc.o
 .debug_macro   0x00010f38       0x16 src/ASF/sam/drivers/adc/adc.o
 .debug_macro   0x00010f4e      0x197 src/ASF/sam/drivers/adc/adc.o
 .debug_macro   0x000110e5       0x22 src/ASF/sam/drivers/adc/adc.o
 .debug_macro   0x00011107       0x16 src/ASF/sam/drivers/adc/adc.o
 .debug_macro   0x0001111d       0x16 src/ASF/sam/drivers/adc/adc.o
 .debug_macro   0x00011133       0x29 src/ASF/sam/drivers/adc/adc.o
 .debug_macro   0x0001115c       0x6e src/ASF/sam/drivers/adc/adc.o
 .debug_macro   0x000111ca       0x45 src/ASF/sam/drivers/adc/adc.o
 .debug_macro   0x0001120f      0x3ca src/ASF/sam/drivers/adc/adc.o
 .debug_macro   0x000115d9       0x1c src/ASF/sam/drivers/adc/adc.o
 .debug_macro   0x000115f5      0x5f5 src/common/pin_mapper.o
 .debug_macro   0x00011bea       0x16 src/common/pin_mapper.o
 .debug_macro   0x00011c00       0x34 src/common/pin_mapper.o
 .debug_macro   0x00011c34      0x256 src/common/pin_mapper.o
 .debug_macro   0x00011e8a      0x790 src/common/pin_mapper.o
 .debug_macro   0x0001261a       0x5e src/common/pin_mapper.o
 .debug_macro   0x00012678       0x64 src/common/pin_mapper.o
 .debug_macro   0x000126dc       0x5f src/common/pin_mapper.o
 .debug_macro   0x0001273b       0x90 src/common/pin_mapper.o
 .debug_macro   0x000127cb       0x28 src/common/pin_mapper.o
 .debug_macro   0x000127f3       0x23 src/common/pin_mapper.o
 .debug_macro   0x00012816       0x94 src/common/pin_mapper.o
 .debug_macro   0x000128aa       0x40 src/common/pin_mapper.o
 .debug_macro   0x000128ea       0x70 src/common/pin_mapper.o
 .debug_macro   0x0001295a       0x34 src/common/pin_mapper.o
 .debug_macro   0x0001298e       0x10 src/common/pin_mapper.o
 .debug_macro   0x0001299e      0x5f4 src/io_control/analog_output.o
 .debug_macro   0x00012f92       0x2e src/io_control/analog_output.o
 .debug_macro   0x00012fc0      0x600 src/io_control/dac.o
 .debug_macro   0x000135c0      0x5fa src/io_control/io_uart.o
 .debug_macro   0x00013bba       0x2e src/io_control/io_uart.o
 .debug_macro   0x00013be8      0x62f src/matlab_coms/matlab_functions.o
 .debug_macro   0x00014217       0x10 src/matlab_coms/matlab_functions.o
 .debug_macro   0x00014227      0x609 src/matlab_coms/matlab_state.o
 .debug_macro   0x00014830       0x34 src/matlab_coms/matlab_state.o
 .debug_macro   0x00014864       0x3a src/matlab_coms/matlab_state.o
 .debug_macro   0x0001489e      0x4f5 src/ASF/sam/drivers/dacc/dacc.o
 .debug_macro   0x00014d93       0x10 src/ASF/sam/drivers/dacc/dacc.o
 .debug_macro   0x00014da3      0x508 src/ASF/sam/drivers/pwm/pwm.o
 .debug_macro   0x000152ab      0x5f4 src/io_control/adc.o
 .debug_macro   0x0001589f      0x554 src/ASF/common/services/clock/sam3x/sysclk.o
 .debug_macro   0x00015df3      0x250 src/ASF/common/services/clock/sam3x/sysclk.o
 .debug_macro   0x00016043      0x593 src/ASF/sam/boards/arduino_due_x/init.o
 .debug_macro   0x000165d6       0x16 src/ASF/sam/boards/arduino_due_x/init.o
 .debug_macro   0x000165ec       0x6a src/ASF/sam/boards/arduino_due_x/init.o
 .debug_macro   0x00016656      0x4ef src/ASF/sam/drivers/pio/pio.o
 .debug_macro   0x00016b45       0x8e src/ASF/sam/drivers/pio/pio.o
 .debug_macro   0x00016bd3      0x4f3 src/ASF/sam/drivers/pio/pio_handler.o
 .debug_macro   0x000170c6      0x4e9 src/ASF/sam/drivers/pmc/pmc.o
 .debug_macro   0x000175af       0x58 src/ASF/sam/drivers/pmc/pmc.o
 .debug_macro   0x00017607      0x4e8 src/ASF/sam/utils/cmsis/sam3x/source/templates/exceptions.o
 .debug_macro   0x00017aef      0x4f6 src/ASF/sam/utils/cmsis/sam3x/source/templates/gcc/startup_sam3x.o
 .debug_macro   0x00017fe5      0x4f6 src/ASF/sam/utils/cmsis/sam3x/source/templates/system_sam3x.o
 .debug_macro   0x000184db       0x26 src/ASF/sam/utils/cmsis/sam3x/source/templates/system_sam3x.o
 .debug_macro   0x00018501      0x169 src/ASF/sam/utils/syscalls/gcc/syscalls.o
 .debug_macro   0x0001866a       0x4a src/ASF/sam/utils/syscalls/gcc/syscalls.o
 .debug_macro   0x000186b4       0x97 src/ASF/sam/utils/syscalls/gcc/syscalls.o
 .debug_macro   0x0001874b       0xef src/ASF/sam/utils/syscalls/gcc/syscalls.o
 .debug_macro   0x0001883a       0x52 src/ASF/sam/utils/syscalls/gcc/syscalls.o
 .debug_macro   0x0001888c       0x16 src/ASF/sam/utils/syscalls/gcc/syscalls.o
 .debug_macro   0x000188a2       0x10 src/ASF/sam/utils/syscalls/gcc/syscalls.o
 .debug_macro   0x000188b2       0x10 src/ASF/sam/utils/syscalls/gcc/syscalls.o
 .debug_macro   0x000188c2       0x10 src/ASF/sam/utils/syscalls/gcc/syscalls.o
 .debug_macro   0x000188d2       0x35 src/ASF/sam/utils/syscalls/gcc/syscalls.o
 .debug_macro   0x00018907      0x122 src/ASF/sam/utils/syscalls/gcc/syscalls.o
 .debug_macro   0x00018a29      0x62e src/main.o

.debug_line     0x00000000    0x101e0
 .debug_line    0x00000000      0xe49 src/ASF/sam/drivers/adc/adc.o
 .debug_line    0x00000e49      0xde7 src/common/pin_mapper.o
 .debug_line    0x00001c30      0xdfe src/io_control/analog_output.o
 .debug_line    0x00002a2e      0xe01 src/io_control/dac.o
 .debug_line    0x0000382f      0xe2a src/io_control/io_uart.o
 .debug_line    0x00004659      0xf76 src/matlab_coms/matlab_functions.o
 .debug_line    0x000055cf      0xe51 src/matlab_coms/matlab_state.o
 .debug_line    0x00006420      0xc2c src/ASF/sam/drivers/dacc/dacc.o
 .debug_line    0x0000704c      0xe4d src/ASF/sam/drivers/pwm/pwm.o
 .debug_line    0x00007e99      0xde6 src/io_control/adc.o
 .debug_line    0x00008c7f      0xc31 src/ASF/common/services/clock/sam3x/sysclk.o
 .debug_line    0x000098b0      0xcc8 src/ASF/sam/boards/arduino_due_x/init.o
 .debug_line    0x0000a578      0xe2b src/ASF/sam/drivers/pio/pio.o
 .debug_line    0x0000b3a3      0xb71 src/ASF/sam/drivers/pio/pio_handler.o
 .debug_line    0x0000bf14     0x105c src/ASF/sam/drivers/pmc/pmc.o
 .debug_line    0x0000cf70      0xaa3 src/ASF/sam/utils/cmsis/sam3x/source/templates/exceptions.o
 .debug_line    0x0000da13      0xaed src/ASF/sam/utils/cmsis/sam3x/source/templates/gcc/startup_sam3x.o
 .debug_line    0x0000e500      0xb08 src/ASF/sam/utils/cmsis/sam3x/source/templates/system_sam3x.o
 .debug_line    0x0000f008      0x399 src/ASF/sam/utils/syscalls/gcc/syscalls.o
 .debug_line    0x0000f3a1      0xe3f src/main.o

.debug_str      0x00000000    0x62709
 .debug_str     0x00000000    0x5aa82 src/ASF/sam/drivers/adc/adc.o
                              0x5adc5 (size before relaxing)
 .debug_str     0x0005aa82     0x4694 src/common/pin_mapper.o
                              0x5e9fd (size before relaxing)
 .debug_str     0x0005f116      0x806 src/io_control/analog_output.o
                              0x5f289 (size before relaxing)
 .debug_str     0x0005f91c       0xf3 src/io_control/dac.o
                              0x5eada (size before relaxing)
 .debug_str     0x0005fa0f      0x233 src/io_control/io_uart.o
                              0x5edff (size before relaxing)
 .debug_str     0x0005fc42      0x199 src/matlab_coms/matlab_functions.o
                              0x5ef88 (size before relaxing)
 .debug_str     0x0005fddb      0x110 src/matlab_coms/matlab_state.o
                              0x5eb75 (size before relaxing)
 .debug_str     0x0005feeb      0x2f7 src/ASF/sam/drivers/dacc/dacc.o
                              0x5a784 (size before relaxing)
 .debug_str     0x000601e2      0x7db src/ASF/sam/drivers/pwm/pwm.o
                              0x5afea (size before relaxing)
 .debug_str     0x000609bd       0x30 src/io_control/adc.o
                              0x5edc6 (size before relaxing)
 .debug_str     0x000609ed      0x233 src/ASF/common/services/clock/sam3x/sysclk.o
                              0x5e0fe (size before relaxing)
 .debug_str     0x00060c20       0xb7 src/ASF/sam/boards/arduino_due_x/init.o
                              0x5e8b8 (size before relaxing)
 .debug_str     0x00060cd7      0x428 src/ASF/sam/drivers/pio/pio.o
                              0x5ac97 (size before relaxing)
 .debug_str     0x000610ff      0x44e src/ASF/sam/drivers/pio/pio_handler.o
                              0x5acdf (size before relaxing)
 .debug_str     0x0006154d      0x67c src/ASF/sam/drivers/pmc/pmc.o
                              0x5ad0d (size before relaxing)
 .debug_str     0x00061bc9       0x4d src/ASF/sam/utils/cmsis/sam3x/source/templates/exceptions.o
                              0x5a30c (size before relaxing)
 .debug_str     0x00061c16       0xb2 src/ASF/sam/utils/cmsis/sam3x/source/templates/gcc/startup_sam3x.o
                              0x5a3e1 (size before relaxing)
 .debug_str     0x00061cc8      0x1cd src/ASF/sam/utils/cmsis/sam3x/source/templates/system_sam3x.o
                              0x5a5f4 (size before relaxing)
 .debug_str     0x00061e95      0x84c src/ASF/sam/utils/syscalls/gcc/syscalls.o
                               0x60db (size before relaxing)
 .debug_str     0x000626e1       0x28 src/main.o
                              0x5eb8a (size before relaxing)

.debug_frame    0x00000000     0x1e1c
 .debug_frame   0x00000000      0x320 src/ASF/sam/drivers/adc/adc.o
 .debug_frame   0x00000320       0x3c src/common/pin_mapper.o
 .debug_frame   0x0000035c       0x48 src/io_control/analog_output.o
 .debug_frame   0x000003a4       0x4c src/io_control/dac.o
 .debug_frame   0x000003f0       0x60 src/io_control/io_uart.o
 .debug_frame   0x00000450      0x128 src/matlab_coms/matlab_functions.o
 .debug_frame   0x00000578       0x30 src/matlab_coms/matlab_state.o
 .debug_frame   0x000005a8      0x16c src/ASF/sam/drivers/dacc/dacc.o
 .debug_frame   0x00000714      0x31c src/ASF/sam/drivers/pwm/pwm.o
 .debug_frame   0x00000a30       0x48 src/io_control/adc.o
 .debug_frame   0x00000a78       0x88 src/ASF/common/services/clock/sam3x/sysclk.o
 .debug_frame   0x00000b00       0x28 src/ASF/sam/boards/arduino_due_x/init.o
 .debug_frame   0x00000b28      0x2b8 src/ASF/sam/drivers/pio/pio.o
 .debug_frame   0x00000de0       0xf8 src/ASF/sam/drivers/pio/pio_handler.o
 .debug_frame   0x00000ed8      0x450 src/ASF/sam/drivers/pmc/pmc.o
 .debug_frame   0x00001328       0x20 src/ASF/sam/utils/cmsis/sam3x/source/templates/exceptions.o
 .debug_frame   0x00001348       0x28 src/ASF/sam/utils/cmsis/sam3x/source/templates/gcc/startup_sam3x.o
 .debug_frame   0x00001370       0x40 src/ASF/sam/utils/cmsis/sam3x/source/templates/system_sam3x.o
 .debug_frame   0x000013b0       0xa8 src/ASF/sam/utils/syscalls/gcc/syscalls.o
 .debug_frame   0x00001458       0x28 src/main.o
 .debug_frame   0x00001480       0x2c c:/program files (x86)/atmel/studio/7.0/toolchain/arm/arm-gnu-toolchain/bin/../lib/gcc/arm-none-eabi/4.9.3/../../../../arm-none-eabi/lib/armv7-m\libc.a(lib_a-init.o)
 .debug_frame   0x000014ac       0x34 c:/program files (x86)/atmel/studio/7.0/toolchain/arm/arm-gnu-toolchain/bin/../lib/gcc/arm-none-eabi/4.9.3/../../../../arm-none-eabi/lib/armv7-m\libc.a(lib_a-memset.o)
 .debug_frame   0x000014e0       0x84 c:/program files (x86)/atmel/studio/7.0/toolchain/arm/arm-gnu-toolchain/bin/../lib/gcc/arm-none-eabi/4.9.3/../../../../arm-none-eabi/lib/armv7-m\libc.a(lib_a-sprintf.o)
 .debug_frame   0x00001564       0x20 c:/program files (x86)/atmel/studio/7.0/toolchain/arm/arm-gnu-toolchain/bin/../lib/gcc/arm-none-eabi/4.9.3/../../../../arm-none-eabi/lib/armv7-m\libc.a(lib_a-strlen.o)
 .debug_frame   0x00001584       0x40 c:/program files (x86)/atmel/studio/7.0/toolchain/arm/arm-gnu-toolchain/bin/../lib/gcc/arm-none-eabi/4.9.3/../../../../arm-none-eabi/lib/armv7-m\libc.a(lib_a-svfprintf.o)
 .debug_frame   0x000015c4       0x50 c:/program files (x86)/atmel/studio/7.0/toolchain/arm/arm-gnu-toolchain/bin/../lib/gcc/arm-none-eabi/4.9.3/../../../../arm-none-eabi/lib/armv7-m\libc.a(lib_a-__call_atexit.o)
 .debug_frame   0x00001614       0x20 c:/program files (x86)/atmel/studio/7.0/toolchain/arm/arm-gnu-toolchain/bin/../lib/gcc/arm-none-eabi/4.9.3/../../../../arm-none-eabi/lib/armv7-m\libc.a(lib_a-atexit.o)
 .debug_frame   0x00001634       0x84 c:/program files (x86)/atmel/studio/7.0/toolchain/arm/arm-gnu-toolchain/bin/../lib/gcc/arm-none-eabi/4.9.3/../../../../arm-none-eabi/lib/armv7-m\libc.a(lib_a-dtoa.o)
 .debug_frame   0x000016b8       0x34 c:/program files (x86)/atmel/studio/7.0/toolchain/arm/arm-gnu-toolchain/bin/../lib/gcc/arm-none-eabi/4.9.3/../../../../arm-none-eabi/lib/armv7-m\libc.a(lib_a-fini.o)
 .debug_frame   0x000016ec       0x74 c:/program files (x86)/atmel/studio/7.0/toolchain/arm/arm-gnu-toolchain/bin/../lib/gcc/arm-none-eabi/4.9.3/../../../../arm-none-eabi/lib/armv7-m\libc.a(lib_a-freer.o)
 .debug_frame   0x00001760       0x9c c:/program files (x86)/atmel/studio/7.0/toolchain/arm/arm-gnu-toolchain/bin/../lib/gcc/arm-none-eabi/4.9.3/../../../../arm-none-eabi/lib/armv7-m\libc.a(lib_a-locale.o)
 .debug_frame   0x000017fc       0x54 c:/program files (x86)/atmel/studio/7.0/toolchain/arm/arm-gnu-toolchain/bin/../lib/gcc/arm-none-eabi/4.9.3/../../../../arm-none-eabi/lib/armv7-m\libc.a(lib_a-mallocr.o)
 .debug_frame   0x00001850       0x3c c:/program files (x86)/atmel/studio/7.0/toolchain/arm/arm-gnu-toolchain/bin/../lib/gcc/arm-none-eabi/4.9.3/../../../../arm-none-eabi/lib/armv7-m\libc.a(lib_a-memchr.o)
 .debug_frame   0x0000188c       0x30 c:/program files (x86)/atmel/studio/7.0/toolchain/arm/arm-gnu-toolchain/bin/../lib/gcc/arm-none-eabi/4.9.3/../../../../arm-none-eabi/lib/armv7-m\libc.a(lib_a-memmove.o)
 .debug_frame   0x000018bc       0x30 c:/program files (x86)/atmel/studio/7.0/toolchain/arm/arm-gnu-toolchain/bin/../lib/gcc/arm-none-eabi/4.9.3/../../../../arm-none-eabi/lib/armv7-m\libc.a(lib_a-mlock.o)
 .debug_frame   0x000018ec      0x268 c:/program files (x86)/atmel/studio/7.0/toolchain/arm/arm-gnu-toolchain/bin/../lib/gcc/arm-none-eabi/4.9.3/../../../../arm-none-eabi/lib/armv7-m\libc.a(lib_a-mprec.o)
 .debug_frame   0x00001b54       0x58 c:/program files (x86)/atmel/studio/7.0/toolchain/arm/arm-gnu-toolchain/bin/../lib/gcc/arm-none-eabi/4.9.3/../../../../arm-none-eabi/lib/armv7-m\libc.a(lib_a-reallocr.o)
 .debug_frame   0x00001bac       0x34 c:/program files (x86)/atmel/studio/7.0/toolchain/arm/arm-gnu-toolchain/bin/../lib/gcc/arm-none-eabi/4.9.3/../../../../arm-none-eabi/lib/armv7-m\libc.a(lib_a-s_fpclassify.o)
 .debug_frame   0x00001be0       0x2c c:/program files (x86)/atmel/studio/7.0/toolchain/arm/arm-gnu-toolchain/bin/../lib/gcc/arm-none-eabi/4.9.3/../../../../arm-none-eabi/lib/armv7-m\libc.a(lib_a-sbrkr.o)
 .debug_frame   0x00001c0c       0x78 c:/program files (x86)/atmel/studio/7.0/toolchain/arm/arm-gnu-toolchain/bin/../lib/gcc/arm-none-eabi/4.9.3/../../../../arm-none-eabi/lib/armv7-m\libc.a(lib_a-svfiprintf.o)
 .debug_frame   0x00001c84       0x34 c:/program files (x86)/atmel/studio/7.0/toolchain/arm/arm-gnu-toolchain/bin/../lib/gcc/arm-none-eabi/4.9.3/../../../../arm-none-eabi/lib/armv7-m\libc.a(lib_a-__atexit.o)
 .debug_frame   0x00001cb8       0x28 c:/program files (x86)/atmel/studio/7.0/toolchain/arm/arm-gnu-toolchain/bin/../lib/gcc/arm-none-eabi/4.9.3/../../../../arm-none-eabi/lib/armv7-m\libc.a(lib_a-callocr.o)
 .debug_frame   0x00001ce0       0x58 c:/program files (x86)/atmel/studio/7.0/toolchain/arm/arm-gnu-toolchain/bin/../lib/gcc/arm-none-eabi/4.9.3/../../../../arm-none-eabi/lib/armv7-m\libc.a(lib_a-reent.o)
 .debug_frame   0x00001d38       0x28 c:/program files (x86)/atmel/studio/7.0/toolchain/arm/arm-gnu-toolchain/bin/../lib/gcc/arm-none-eabi/4.9.3/armv7-m\libgcc.a(_aeabi_uldivmod.o)
 .debug_frame   0x00001d60       0x54 c:/program files (x86)/atmel/studio/7.0/toolchain/arm/arm-gnu-toolchain/bin/../lib/gcc/arm-none-eabi/4.9.3/armv7-m\libgcc.a(bpabi.o)
 .debug_frame   0x00001db4       0x34 c:/program files (x86)/atmel/studio/7.0/toolchain/arm/arm-gnu-toolchain/bin/../lib/gcc/arm-none-eabi/4.9.3/armv7-m\libgcc.a(_divdi3.o)
 .debug_frame   0x00001de8       0x34 c:/program files (x86)/atmel/studio/7.0/toolchain/arm/arm-gnu-toolchain/bin/../lib/gcc/arm-none-eabi/4.9.3/armv7-m\libgcc.a(_udivdi3.o)

Cross Reference Table

Symbol                                            File
ADC_Handler                                       src/ASF/sam/utils/cmsis/sam3x/source/templates/exceptions.o
                                                  src/ASF/sam/utils/cmsis/sam3x/source/templates/gcc/startup_sam3x.o
BusFault_Handler                                  src/ASF/sam/utils/cmsis/sam3x/source/templates/exceptions.o
                                                  src/ASF/sam/utils/cmsis/sam3x/source/templates/gcc/startup_sam3x.o
CAN0_Handler                                      src/ASF/sam/utils/cmsis/sam3x/source/templates/exceptions.o
                                                  src/ASF/sam/utils/cmsis/sam3x/source/templates/gcc/startup_sam3x.o
CAN1_Handler                                      src/ASF/sam/utils/cmsis/sam3x/source/templates/exceptions.o
                                                  src/ASF/sam/utils/cmsis/sam3x/source/templates/gcc/startup_sam3x.o
DACC_Handler                                      src/ASF/sam/utils/cmsis/sam3x/source/templates/exceptions.o
                                                  src/ASF/sam/utils/cmsis/sam3x/source/templates/gcc/startup_sam3x.o
DMAC_Handler                                      src/ASF/sam/utils/cmsis/sam3x/source/templates/exceptions.o
                                                  src/ASF/sam/utils/cmsis/sam3x/source/templates/gcc/startup_sam3x.o
DebugMon_Handler                                  src/ASF/sam/utils/cmsis/sam3x/source/templates/exceptions.o
                                                  src/ASF/sam/utils/cmsis/sam3x/source/templates/gcc/startup_sam3x.o
Dummy_Handler                                     src/ASF/sam/utils/cmsis/sam3x/source/templates/exceptions.o
EFC0_Handler                                      src/ASF/sam/utils/cmsis/sam3x/source/templates/exceptions.o
                                                  src/ASF/sam/utils/cmsis/sam3x/source/templates/gcc/startup_sam3x.o
EFC1_Handler                                      src/ASF/sam/utils/cmsis/sam3x/source/templates/exceptions.o
                                                  src/ASF/sam/utils/cmsis/sam3x/source/templates/gcc/startup_sam3x.o
EMAC_Handler                                      src/ASF/sam/utils/cmsis/sam3x/source/templates/exceptions.o
                                                  src/ASF/sam/utils/cmsis/sam3x/source/templates/gcc/startup_sam3x.o
HSMCI_Handler                                     src/ASF/sam/utils/cmsis/sam3x/source/templates/exceptions.o
                                                  src/ASF/sam/utils/cmsis/sam3x/source/templates/gcc/startup_sam3x.o
HardFault_Handler                                 src/ASF/sam/utils/cmsis/sam3x/source/templates/exceptions.o
                                                  src/ASF/sam/utils/cmsis/sam3x/source/templates/gcc/startup_sam3x.o
MemManage_Handler                                 src/ASF/sam/utils/cmsis/sam3x/source/templates/exceptions.o
                                                  src/ASF/sam/utils/cmsis/sam3x/source/templates/gcc/startup_sam3x.o
NMI_Handler                                       src/ASF/sam/utils/cmsis/sam3x/source/templates/exceptions.o
                                                  src/ASF/sam/utils/cmsis/sam3x/source/templates/gcc/startup_sam3x.o
PIOA_Handler                                      src/ASF/sam/drivers/pio/pio_handler.o
                                                  src/ASF/sam/utils/cmsis/sam3x/source/templates/gcc/startup_sam3x.o
PIOB_Handler                                      src/ASF/sam/drivers/pio/pio_handler.o
                                                  src/ASF/sam/utils/cmsis/sam3x/source/templates/gcc/startup_sam3x.o
PIOC_Handler                                      src/ASF/sam/drivers/pio/pio_handler.o
                                                  src/ASF/sam/utils/cmsis/sam3x/source/templates/gcc/startup_sam3x.o
PIOD_Handler                                      src/ASF/sam/drivers/pio/pio_handler.o
                                                  src/ASF/sam/utils/cmsis/sam3x/source/templates/gcc/startup_sam3x.o
PMC_Handler                                       src/ASF/sam/utils/cmsis/sam3x/source/templates/exceptions.o
                                                  src/ASF/sam/utils/cmsis/sam3x/source/templates/gcc/startup_sam3x.o
PWM_Handler                                       src/ASF/sam/utils/cmsis/sam3x/source/templates/exceptions.o
                                                  src/ASF/sam/utils/cmsis/sam3x/source/templates/gcc/startup_sam3x.o
PendSV_Handler                                    src/ASF/sam/utils/cmsis/sam3x/source/templates/exceptions.o
                                                  src/ASF/sam/utils/cmsis/sam3x/source/templates/gcc/startup_sam3x.o
RSTC_Handler                                      src/ASF/sam/utils/cmsis/sam3x/source/templates/exceptions.o
                                                  src/ASF/sam/utils/cmsis/sam3x/source/templates/gcc/startup_sam3x.o
RTC_Handler                                       src/ASF/sam/utils/cmsis/sam3x/source/templates/exceptions.o
                                                  src/ASF/sam/utils/cmsis/sam3x/source/templates/gcc/startup_sam3x.o
RTT_Handler                                       src/ASF/sam/utils/cmsis/sam3x/source/templates/exceptions.o
                                                  src/ASF/sam/utils/cmsis/sam3x/source/templates/gcc/startup_sam3x.o
Reset_Handler                                     src/ASF/sam/utils/cmsis/sam3x/source/templates/gcc/startup_sam3x.o
SMC_Handler                                       src/ASF/sam/utils/cmsis/sam3x/source/templates/exceptions.o
                                                  src/ASF/sam/utils/cmsis/sam3x/source/templates/gcc/startup_sam3x.o
SPI0_Handler                                      src/ASF/sam/utils/cmsis/sam3x/source/templates/exceptions.o
                                                  src/ASF/sam/utils/cmsis/sam3x/source/templates/gcc/startup_sam3x.o
SSC_Handler                                       src/ASF/sam/utils/cmsis/sam3x/source/templates/exceptions.o
                                                  src/ASF/sam/utils/cmsis/sam3x/source/templates/gcc/startup_sam3x.o
SUPC_Handler                                      src/ASF/sam/utils/cmsis/sam3x/source/templates/exceptions.o
                                                  src/ASF/sam/utils/cmsis/sam3x/source/templates/gcc/startup_sam3x.o
SVC_Handler                                       src/ASF/sam/utils/cmsis/sam3x/source/templates/exceptions.o
                                                  src/ASF/sam/utils/cmsis/sam3x/source/templates/gcc/startup_sam3x.o
SysTick_Handler                                   src/ASF/sam/utils/cmsis/sam3x/source/templates/exceptions.o
                                                  src/ASF/sam/utils/cmsis/sam3x/source/templates/gcc/startup_sam3x.o
SystemCoreClock                                   src/ASF/sam/utils/cmsis/sam3x/source/templates/system_sam3x.o
SystemCoreClockUpdate                             src/ASF/sam/utils/cmsis/sam3x/source/templates/system_sam3x.o
                                                  src/ASF/common/services/clock/sam3x/sysclk.o
SystemInit                                        src/ASF/sam/utils/cmsis/sam3x/source/templates/system_sam3x.o
TC0_Handler                                       src/ASF/sam/utils/cmsis/sam3x/source/templates/exceptions.o
                                                  src/ASF/sam/utils/cmsis/sam3x/source/templates/gcc/startup_sam3x.o
TC1_Handler                                       src/ASF/sam/utils/cmsis/sam3x/source/templates/exceptions.o
                                                  src/ASF/sam/utils/cmsis/sam3x/source/templates/gcc/startup_sam3x.o
TC2_Handler                                       src/ASF/sam/utils/cmsis/sam3x/source/templates/exceptions.o
                                                  src/ASF/sam/utils/cmsis/sam3x/source/templates/gcc/startup_sam3x.o
TC3_Handler                                       src/ASF/sam/utils/cmsis/sam3x/source/templates/exceptions.o
                                                  src/ASF/sam/utils/cmsis/sam3x/source/templates/gcc/startup_sam3x.o
TC4_Handler                                       src/ASF/sam/utils/cmsis/sam3x/source/templates/exceptions.o
                                                  src/ASF/sam/utils/cmsis/sam3x/source/templates/gcc/startup_sam3x.o
TC5_Handler                                       src/ASF/sam/utils/cmsis/sam3x/source/templates/exceptions.o
                                                  src/ASF/sam/utils/cmsis/sam3x/source/templates/gcc/startup_sam3x.o
TC6_Handler                                       src/ASF/sam/utils/cmsis/sam3x/source/templates/exceptions.o
                                                  src/ASF/sam/utils/cmsis/sam3x/source/templates/gcc/startup_sam3x.o
TC7_Handler                                       src/ASF/sam/utils/cmsis/sam3x/source/templates/exceptions.o
                                                  src/ASF/sam/utils/cmsis/sam3x/source/templates/gcc/startup_sam3x.o
TC8_Handler                                       src/ASF/sam/utils/cmsis/sam3x/source/templates/exceptions.o
                                                  src/ASF/sam/utils/cmsis/sam3x/source/templates/gcc/startup_sam3x.o
TRNG_Handler                                      src/ASF/sam/utils/cmsis/sam3x/source/templates/exceptions.o
                                                  src/ASF/sam/utils/cmsis/sam3x/source/templates/gcc/startup_sam3x.o
TWI0_Handler                                      src/ASF/sam/utils/cmsis/sam3x/source/templates/exceptions.o
                                                  src/ASF/sam/utils/cmsis/sam3x/source/templates/gcc/startup_sam3x.o
TWI1_Handler                                      src/ASF/sam/utils/cmsis/sam3x/source/templates/exceptions.o
                                                  src/ASF/sam/utils/cmsis/sam3x/source/templates/gcc/startup_sam3x.o
UART_Handler                                      src/ASF/sam/utils/cmsis/sam3x/source/templates/exceptions.o